10-15 00:29:28.542 16078 16736 I SehCamDevSession@5.0-impl: [CAMKPI] camera3->process_capture_result : X
10-15 00:29:28.543 18370  1209 I CameraLightSensor_Service: open preview end
10-15 00:29:28.546 16073 16124 D Camera3-OutputStream: returnBufferCheckedLocked: First frame for stream 0, width 176, height 144, format 34
10-15 00:29:28.572 16078 16739 E CamX    : [ERROR][SW_PROC] camxswprocess_tonemap.cpp:310 SWProcessApplyFixedGTM() Invalid values 0.000000 3635892605978006984698692185237128999683849698318428318164041717687059038687937757893562393575661237037894308711690829098942698752245706703490289257312184064432710170484095803789240863882689585298354898548024342026165621744467968.000000
10-15 00:29:28.572 16078 16735 I SS_3A   :  INFO: AEC: TsAec_process_get_aec_info: 1550: [0][5] algo_out Av=2.273 g=19.978 e_t=0.03001 LLS=0x0 Ev=4.707 Bv=-1.004 PEv=3.996 Cvgd=0 lux=340, lls=0x0, drc=1.340 wide=0
10-15 00:29:28.576 18370  1209 I CameraLightSensor_Service: open preview end
10-15 00:29:28.605 16078 16740 E CamX    : [ERROR][SW_PROC] camxswprocess_tonemap.cpp:310 SWProcessApplyFixedGTM() Invalid values 0.000000 3635892605978006984698692185237128999683849698318428318164041717687059038687937757893562393575661237037894308711690829098942698752245706703490289257312184064432710170484095803789240863882689585298354898548024342026165621744467968.000000
10-15 00:29:28.606 16078 16736 I SS_3A   :  INFO: AEC: TsAec_process_get_aec_info: 1550: [0][6] algo_out Av=2.273 g=25.490 e_t=0.03001 LLS=0x0 Ev=4.355 Bv=-0.996 PEv=4.004 Cvgd=0 lux=340, lls=0x0, drc=1.501 wide=0
10-15 00:29:28.609 18370  1209 I CameraLightSensor_Service: open preview end
10-15 00:29:28.609 18370  1209 I CameraLightSensor_Service: wrong aEState value =1
10-15 00:29:28.639 16078 16737 E CamX    : [ERROR][SW_PROC] camxswprocess_tonemap.cpp:310 SWProcessApplyFixedGTM() Invalid values 0.000000 3635892605978006984698692185237128999683849698318428318164041717687059038687937757893562393575661237037894308711690829098942698752245706703490289257312184064432710170484095803789240863882689585298354898548024342026165621744467968.000000
10-15 00:29:28.639 16078 16738 I SS_3A   :  INFO: AEC: TsAec_process_get_aec_info: 1550: [0][7] algo_out Av=2.273 g=32.348 e_t=0.03001 LLS=0x0 Ev=4.012 Bv=-0.969 PEv=4.031 Cvgd=0 lux=339, lls=0x0, drc=1.682 wide=0
10-15 00:29:28.643 18370  1209 I CameraLightSensor_Service: open preview end
10-15 00:29:28.643 18370  1209 I CameraLightSensor_Service: wrong aEState value =1
10-15 00:29:28.662 16370 19521 D SemWifiUsabilityStatsMonitor: onWifiUsabilityStats - seqNum 12223, isSameBssidAndFreq true
10-15 00:29:28.662 16370 17022 I SemWifiLinkQualityMonitor: Link Qos Query: 0.047 ms / 171.806 Mbps (780 / 0.001 / 4.000)
10-15 00:29:28.672 16078 16737 E CamX    : [ERROR][SW_PROC] camxswprocess_tonemap.cpp:310 SWProcessApplyFixedGTM() Invalid values 0.000000 3635892605978006984698692185237128999683849698318428318164041717687059038687937757893562393575661237037894308711690829098942698752245706703490289257312184064432710170484095803789240863882689585298354898548024342026165621744467968.000000
10-15 00:29:28.672 16078 16736 I SS_3A   :  INFO: AEC: TsAec_process_get_aec_info: 1550: [0][8] algo_out Av=2.273 g=32.000 e_t=0.03001 LLS=0x0 Ev=4.027 Bv=-0.957 PEv=4.043 Cvgd=0 lux=339, lls=0x0, drc=1.834 wide=0
10-15 00:29:28.675 16370 18355 D MotionRecognitionService: values = 50.0
10-15 00:29:28.675 16370 18355 D MotionRecognitionService: onReceive lux: 50.0  action: 
10-15 00:29:28.675 16370 18355 D MotionRecognitionService: Inject brightness form Cam 50.0
10-15 00:29:28.675 16370 18355 D MotionRecognitionService: Inject calibrated lux
10-15 00:29:28.677 18370  1209 I CameraLightSensor_Service: open preview end
10-15 00:29:28.677 18370  1209 I CameraLightSensor_Service: wrong aEState value =1
10-15 00:29:28.705 16078 16737 E CamX    : [ERROR][SW_PROC] camxswprocess_tonemap.cpp:310 SWProcessApplyFixedGTM() Invalid values 0.000000 3635892605978006984698692185237128999683849698318428318164041717687059038687937757893562393575661237037894308711690829098942698752245706703490289257312184064432710170484095803789240863882689585298354898548024342026165621744467968.000000
10-15 00:29:28.706 16078 16737 I SS_3A   :  INFO: AEC: TsAec_process_get_aec_info: 1550: [0][9] algo_out Av=2.273 g=31.827 e_t=0.03001 LLS=0x0 Ev=4.035 Bv=-0.957 PEv=4.043 Cvgd=0 lux=339, lls=0x0, drc=1.952 wide=0
10-15 00:29:28.710 18370  1209 I CameraLightSensor_Service: open preview end
10-15 00:29:28.710 18370  1209 I CameraLightSensor_Service: wrong aEState value =1
10-15 00:29:28.739 16078 16737 E CamX    : [ERROR][SW_PROC] camxswprocess_tonemap.cpp:310 SWProcessApplyFixedGTM() Invalid values 0.000000 3635892605978006984698692185237128999683849698318428318164041717687059038687937757893562393575661237037894308711690829098942698752245706703490289257312184064432710170484095803789240863882689585298354898548024342026165621744467968.000000
10-15 00:29:28.744 18370  1209 I CameraLightSensor_Service: open preview end
10-15 00:29:28.744 18370  1209 I CameraLightSensor_Service: wrong aEState value =1
10-15 00:29:28.772 16078 16739 E CamX    : [ERROR][SW_PROC] camxswprocess_tonemap.cpp:310 SWProcessApplyFixedGTM() Invalid values 0.000000 3635892605978006984698692185237128999683849698318428318164041717687059038687937757893562393575661237037894308711690829098942698752245706703490289257312184064432710170484095803789240863882689585298354898548024342026165621744467968.000000
10-15 00:29:28.777 18370  1209 I CameraLightSensor_Service: open preview end
10-15 00:29:28.777 18370  1209 I CameraLightSensor_Service: wrong aEState value =1
10-15 00:29:28.805 16078 16739 E CamX    : [ERROR][SW_PROC] camxswprocess_tonemap.cpp:310 SWProcessApplyFixedGTM() Invalid values 0.000000 3635892605978006984698692185237128999683849698318428318164041717687059038687937757893562393575661237037894308711690829098942698752245706703490289257312184064432710170484095803789240863882689585298354898548024342026165621744467968.000000
10-15 00:29:28.811 18370  1209 I CameraLightSensor_Service: open preview end
10-15 00:29:28.811 18370  1209 I CameraLightSensor_Service: wrong aEState value =1
10-15 00:29:28.839 16078 16735 E CamX    : [ERROR][SW_PROC] camxswprocess_tonemap.cpp:310 SWProcessApplyFixedGTM() Invalid values 0.000000 3635892605978006984698692185237128999683849698318428318164041717687059038687937757893562393575661237037894308711690829098942698752245706703490289257312184064432710170484095803789240863882689585298354898548024342026165621744467968.000000
10-15 00:29:28.844 18370  1209 I CameraLightSensor_Service: open preview end
10-15 00:29:28.844 18370  1209 I CameraLightSensor_Service: converged or locked aEState value =2
10-15 00:29:28.844 18370  1209 I CameraLightSensor_Service: exposure time=2.9994234E7 EV= 33 BV= -248.0 aEState=2 testPatternMode : 0
10-15 00:29:28.844 18370 18399 I CameraLightSensor_Service: stopTask called, isCameraStopPending : false
10-15 00:29:28.844 16073 21649 D Camera3-Device: flush: mInterfaceLock.lock()
10-15 00:29:28.844 16073 21649 I Camera3-Device: Creating CameraServiceWatchDog with cycles = 80, cycleLength = 100 ms and Timer = 8000 ms 
10-15 00:29:28.844 16370 18355 D CameraLightSensor_Manager:  Exposure= 33.0 Brightness= -248.0 Total listeners= 1
10-15 00:29:28.844 16370 18355 D MotionRecognitionService: values = 50.0
10-15 00:29:28.844 16370 18355 D MotionRecognitionService: onReceive lux: 50.0  action: 
10-15 00:29:28.844 16073 21649 I Camera3-Device: CameraServiceWatchDog::watchThread for mRequestThread->flush() with cycles = 80, cycleLength = 100 ms and Timer = 8000 ms 
10-15 00:29:28.844 16370 18355 D MotionRecognitionService: Inject brightness form Cam 50.0
10-15 00:29:28.844 16073 21649 D HidlCamera3-Device: CameraPerf: flush E
10-15 00:29:28.844 16370 18355 D MotionRecognitionService: Inject calibrated lux
10-15 00:29:28.844 16078 16753 I Unihal  : UniHal3InterfaceEntry.cpp: uni_flush: 479: E
10-15 00:29:28.844 16078 16753 I Unihal  : UniState.cpp: SetIsAlreadyCreated: 182: isAlreadyCreated=0, val=0
10-15 00:29:28.844 16078 16753 I Unihal  : UniState.cpp: transitState: 101: Transiting to state 5
10-15 00:29:28.844 16078 16753 I Unihal  : CameraHalUnit.cpp: Flush: 545: HAL flush - Start
10-15 00:29:28.845 16073 16124 E CameraDeviceClient: notifyError: pid=18370, errorCode=4, errorStreamId=0, frameNumber=10
10-15 00:29:28.845 16073 16124 E CameraDeviceClient: notifyError: pid=18370, skipClientNotification=false
10-15 00:29:28.845 16073 16124 E CameraDeviceClient: notifyError: pid=18370, errorCode=4, errorStreamId=0, frameNumber=12
10-15 00:29:28.845 16073 16124 E CameraDeviceClient: notifyError: pid=18370, skipClientNotification=false
10-15 00:29:28.846 16073 16124 E CameraDeviceClient: notifyError: pid=18370, errorCode=4, errorStreamId=0, frameNumber=11
10-15 00:29:28.846 16073 16124 E CameraDeviceClient: notifyError: pid=18370, skipClientNotification=false
10-15 00:29:28.846 16073 16124 E CameraDeviceClient: notifyError: pid=18370, errorCode=4, errorStreamId=0, frameNumber=13
10-15 00:29:28.846 16073 16124 E CameraDeviceClient: notifyError: pid=18370, skipClientNotification=false
10-15 00:29:28.846 16073 16124 E CameraDeviceClient: notifyError: pid=18370, errorCode=4, errorStreamId=0, frameNumber=14
10-15 00:29:28.846 16073 16124 E CameraDeviceClient: notifyError: pid=18370, skipClientNotification=false
10-15 00:29:28.859 16073 16124 E CameraDeviceClient: notifyError: pid=18370, errorCode=5, errorStreamId=0, frameNumber=9
10-15 00:29:28.859 16073 16124 E CameraDeviceClient: notifyError: pid=18370, skipClientNotification=false
10-15 00:29:28.859 16073 16124 E Camera3-OutputStream: returnBufferCheckedLocked: A frame is dropped for stream 0 frame 9 , due to buffer error.
10-15 00:29:28.860 16073 16124 E CameraDeviceClient: notifyError: pid=18370, errorCode=5, errorStreamId=0, frameNumber=10
10-15 00:29:28.860 16073 16124 E CameraDeviceClient: notifyError: pid=18370, skipClientNotification=false
10-15 00:29:28.860 16073 16124 E Camera3-OutputStream: returnBufferCheckedLocked: A frame is dropped for stream 0 frame 10 , due to buffer error.
10-15 00:29:28.860 16073 16124 E CameraDeviceClient: notifyError: pid=18370, errorCode=5, errorStreamId=0, frameNumber=11
10-15 00:29:28.860 16073 16124 E CameraDeviceClient: notifyError: pid=18370, skipClientNotification=false
10-15 00:29:28.860 16073 16124 E Camera3-OutputStream: returnBufferCheckedLocked: A frame is dropped for stream 0 frame 11 , due to buffer error.
10-15 00:29:28.860 16073 16124 E CameraDeviceClient: notifyError: pid=18370, errorCode=5, errorStreamId=0, frameNumber=12
10-15 00:29:28.860 16073 16124 E CameraDeviceClient: notifyError: pid=18370, skipClientNotification=false
10-15 00:29:28.860 16073 16124 E Camera3-OutputStream: returnBufferCheckedLocked: A frame is dropped for stream 0 frame 12 , due to buffer error.
10-15 00:29:28.860 16073 16124 E CameraDeviceClient: notifyError: pid=18370, errorCode=5, errorStreamId=0, frameNumber=13
10-15 00:29:28.860 16073 16124 E CameraDeviceClient: notifyError: pid=18370, skipClientNotification=false
10-15 00:29:28.860 16073 16124 E Camera3-OutputStream: returnBufferCheckedLocked: A frame is dropped for stream 0 frame 13 , due to buffer error.
10-15 00:29:28.860 16073 16124 E CameraDeviceClient: notifyError: pid=18370, errorCode=5, errorStreamId=0, frameNumber=14
10-15 00:29:28.860 16073 16124 E CameraDeviceClient: notifyError: pid=18370, skipClientNotification=false
10-15 00:29:28.860 16073 16124 E Camera3-OutputStream: returnBufferCheckedLocked: A frame is dropped for stream 0 frame 14 , due to buffer error.
10-15 00:29:28.861 16073  1214 E CameraDeviceClient: notifyError: pid=18370, errorCode=3, errorStreamId=0, frameNumber=15
10-15 00:29:28.861 16073  1214 E CameraDeviceClient: notifyError: pid=18370, skipClientNotification=false
10-15 00:29:28.861 16073  1214 E Camera3-OutputStream: returnBufferCheckedLocked: A frame is dropped for stream 0 frame 15 , due to buffer error.
10-15 00:29:28.861 16073  1214 I Camera3-Status: markComponent: Component 2 is now idle - streamId = 0, format = 0x22(IMPL_DEF), width = 176, height = 144, option = 0x0, type = OUTPUT
10-15 00:29:28.861 16073  1214 I Camera3-IOStreamBase: FpsStats: stream 0, requested=16, received=16, valid=9, invalid=7
10-15 00:29:28.861 16073  1214 I Camera3-Status: markComponent: Component 0 is now idle - InflightRequests
10-15 00:29:28.861 16078 16753 I Unihal  : CameraHalUnit.cpp: Flush: 549: HAL flush - End
10-15 00:29:28.861 16078 16753 I Unihal  : UniState.cpp: transitState: 101: Transiting to state 4
10-15 00:29:28.861 16078 16753 I Unihal  : UniHal3InterfaceEntry.cpp: uni_flush: 489: X (0)
10-15 00:29:28.862 16073  1214 I Camera3-Status: markComponent: Component 1 is now idle - RequestThread
10-15 00:29:28.862 16073 21649 D HidlCamera3-Device: CameraPerf: flush X (17ms)
10-15 00:29:28.862 16073  1213 I CameraService: finishCameraStreamingOps: finish camera streaming ops, package name = com.samsung.adaptivebrightnessgo, client UID = 5021
10-15 00:29:28.862 18370  1209 I CameraLightSensor_Service: onCaptureFailed function
10-15 00:29:28.862 16073 21649 E CameraDeviceClient: Disconnect from CameraDeviceClient
10-15 00:29:28.862 16370 18828 E AppOps  : Operation not started: uid=5021 pkg=com.samsung.adaptivebrightnessgo(null) op=CAMERA
10-15 00:29:28.862 16073 21649 D CameraDeviceClient: disconnect:stop IT Policy checking thread
10-15 00:29:28.862 16073 21649 D Camera2ClientBase: Camera 3: start to disconnect
10-15 00:29:28.862 16073 21649 D Camera2ClientBase: Camera 3: serializationLock acquired
10-15 00:29:28.862 16073 21649 D Camera2ClientBase: Camera 3: Shutting down
10-15 00:29:28.862 16073 21649 D Camera2ClientBase: Camera 3: start to cacheDump
10-15 00:29:28.862 16073  1213 I CameraServiceProxyWrapper: updateProxyDeviceState: notifyCameraState for Camera ID 3, newState 2, facing 1, clientName com.samsung.adaptivebrightnessgo, apiLevel 2
10-15 00:29:28.862 16370 20070 I CameraManagerGlobal: Camera 3 facing CAMERA_FACING_FRONT state now CAMERA_STATE_IDLE for client com.samsung.adaptivebrightnessgo API Level 2User Id 0
10-15 00:29:28.862 17436 17450 I CameraManagerGlobal: Camera 3 facing CAMERA_FACING_FRONT state now CAMERA_STATE_IDLE for client com.samsung.adaptivebrightnessgo API Level 2User Id 0
10-15 00:29:28.862 18370 22411 I CameraManagerGlobal: Camera 3 facing CAMERA_FACING_FRONT state now CAMERA_STATE_IDLE for client com.samsung.adaptivebrightnessgo API Level 2User Id 0
10-15 00:29:28.862 17123 18190 I CameraManagerGlobal: Camera 3 facing CAMERA_FACING_FRONT state now CAMERA_STATE_IDLE for client com.samsung.adaptivebrightnessgo API Level 2User Id 0
10-15 00:29:28.862 16370 20070 I CameraManagerGlobal: onCameraDeviceStateChangedLocked: post device state update
10-15 00:29:28.862 11251 11274 I CameraManagerGlobal: Camera 3 facing CAMERA_FACING_FRONT state now CAMERA_STATE_IDLE for client com.samsung.adaptivebrightnessgo API Level 2User Id 0
10-15 00:29:28.862 16370 16878 I RequestInjectorService: Samsung Camera is opened. ignore VT Camera Setting.
10-15 00:29:28.862 18640 27159 I CameraManagerGlobal: Camera 3 facing CAMERA_FACING_FRONT state now CAMERA_STATE_IDLE for client com.samsung.adaptivebrightnessgo API Level 2User Id 0
10-15 00:29:28.862 18640 27159 I CameraManagerGlobal: onCameraDeviceStateChangedLocked: post device state update
10-15 00:29:28.862 18640 27159 I CameraManagerGlobal: onCameraDeviceStateChangedLocked: post device state update
10-15 00:29:28.862 16370 18313 D AutoRotationHandler: inject auto rotation priority = 0.0
10-15 00:29:28.863 17123 18143 D CameraAvailabilityListener: onCameraDeviceStateChanged: id=3, facing=1, state=CAMERA_STATE_IDLE, client=com.samsung.adaptivebrightnessgo
10-15 00:29:28.863 16082 16082 I sensors-hal: inject_sensor_data:316, auto_rotation ar_mode:0
10-15 00:29:28.863 16082 16082 I sensors-hal: write_auto_rotation_mode:303, write_auto_rotation_mode ar_mode:0
10-15 00:29:28.863  1100  1100 I SSC_DAEMON: physical_sensor_test_req_msg Sensor type :14, Msg type:15
10-15 00:29:28.863  1100  1100 I SSC_DAEMON: 0.algo_id:3, num:1
10-15 00:29:28.866  1100  1945 I SSC_DAEMON: AR od: 8, 0, 0
10-15 00:29:28.896 16073 21649 E Camera2-FrameProcessorBase: removeListener: 
10-15 00:29:28.904 16073 21649 D Camera3-Device: flush: mInterfaceLock.lock()
10-15 00:29:28.904 16073 21649 I Camera3-Device: Creating CameraServiceWatchDog with cycles = 80, cycleLength = 100 ms and Timer = 8000 ms 
10-15 00:29:28.904 16073 21649 I Camera3-Device: CameraServiceWatchDog::watchThread for mRequestThread->flush() with cycles = 80, cycleLength = 100 ms and Timer = 8000 ms 
10-15 00:29:28.904 16073 21649 D HidlCamera3-Device: CameraPerf: flush E
10-15 00:29:28.904 16078 16753 I Unihal  : UniHal3InterfaceEntry.cpp: uni_flush: 479: E
10-15 00:29:28.904 16078 16753 I Unihal  : UniState.cpp: SetIsAlreadyCreated: 182: isAlreadyCreated=0, val=0
10-15 00:29:28.904 16078 16753 I Unihal  : UniState.cpp: transitState: 101: Transiting to state 5
10-15 00:29:28.904 16078 16753 I Unihal  : CameraHalUnit.cpp: Flush: 545: HAL flush - Start
10-15 00:29:28.904 16078 16753 I Unihal  : CameraHalUnit.cpp: Flush: 549: HAL flush - End
10-15 00:29:28.904 16078 16753 I Unihal  : UniState.cpp: transitState: 101: Transiting to state 4
10-15 00:29:28.904 16078 16753 I Unihal  : UniHal3InterfaceEntry.cpp: uni_flush: 489: X (0)
10-15 00:29:28.904 16073 21649 D HidlCamera3-Device: CameraPerf: flush X (0ms)
10-15 00:29:28.904 16073 21649 D Camera3-Device: waitUntilDrainedLocked: Camera 3: Waiting until idle (5000000000ns)
10-15 00:29:28.904 16073 21649 D Camera3-Device: waitUntilDrained: mInterfaceLock.unlock()
10-15 00:29:28.904 16073 21649 I Camera3-Device: disconnectImpl: E
10-15 00:29:28.904 16073 21649 I CameraLatencyHistogram: ProcessCaptureRequest latency histogram (16) samples:
10-15 00:29:28.904 16073 21649 I CameraLatencyHistogram:        40     80    120    160    200    240    280    320    360    inf (max ms)
10-15 00:29:28.904 16073 21649 I CameraLatencyHistogram:      81.25   12.50   6.25   0.00   0.00   0.00   0.00   0.00   0.00   0.00 (%)
10-15 00:29:28.904 16073 21649 I Camera3-Device: CameraServiceWatchDog::watchThread for interface->close() with cycles = 100, cycleLength = 100 ms and Timer = 10000 ms 
10-15 00:29:28.904 16073 21649 D HidlCamera3-Device: CameraPerf: close E
10-15 00:29:28.904 16078 16753 I Unihal  : UniHal3InterfaceEntry.cpp: uni_close_camera_hardware: 557: E
10-15 00:29:28.904 16078 16753 I Unihal  : UniState.cpp: transitState: 101: Transiting to state 7
10-15 00:29:28.904 16078 16753 I Unihal  : CameraHalManager.cpp: CloseCamera: 275: HAL close - Start
10-15 00:29:28.905   632   632 I hwservicemanager: getTransport: Cannot find entry vendor.display.config@1.9::IDisplayConfig/default in either framework or device VINTF manifest.
10-15 00:29:28.905 16078 16753 E CamX    : [ERROR][FORMAT ] camxdisplayconfig.cpp:124 Initialize() IDisplayConfig service is NULL, version 1.9
10-15 00:29:28.915 16078 16753 E CamX    : [ERROR][FD     ] camxfdhwnode.cpp:108 ReleaseResources() Recycling the buffers modeBitMask: 1
10-15 00:29:28.917 16078 16753 E CamX    : [ERROR][SENSOR ] camxsensornode.cpp:243 ReleaseOneSubDevice() Released CameraId=1 CSLSession=0x150200 refCount=1 SubdeviceType=1 subDevHandle=0x860105
10-15 00:29:28.923 16078 16753 E CamX    : [ERROR][SENSOR ] camxsensornode.cpp:243 ReleaseOneSubDevice() Released CameraId=1 CSLSession=0x150200 refCount=0 SubdeviceType=0 subDevHandle=0x540101
10-15 00:29:28.924 16078 16753 I SS_3A   :  INFO: AEC: TsAECDestroy: 269: overrideCameraClose in AECDestroy Camera close mask 2 
10-15 00:29:28.924 16078 16753 I SS_3A   :  INFO: AEC: TsAECDestroy: 275: pCameraInfo->cameraid in AECDestroy 1
10-15 00:29:28.924 16078 16753 I SS_3A   :  INFO: AEC: TsAECDestroy: 297: TsAECDestroy (refcnt:1 cameraId 1 overrideCameraClose 1 lensFacing: 0 pAECAlgorithm 0xb40000739414abd0 pAECSingletonWrapper->pAECSingleton 0xb40000739414abd0
10-15 00:29:28.924 16078 16753 I SS_3A   :  INFO: AEC: TsAECDestroy: 306: [0]pAECSingleton destroy is 0xb40000739414abd0 0xb40000739414abd0
10-15 00:29:28.924 16078 16753 W RefBase : CallStack::getCurrentInternal not linked, returning null
10-15 00:29:28.924 16078 16753 W RefBase : CallStack::logStackInternal not linked
10-15 00:29:28.924 16078 16753 I SS_3A   :  INFO: AEC: TsAecFront_unload_lib: 160: TsAec_libptr=0xbe36fc2655535a7f
10-15 00:29:28.924 16078 16753 I SS_3A   :  INFO: AWB: TsAwbDestroy: 278: overrideCameraClose in AWBDestroy 2
10-15 00:29:28.924 16078 16753 I SS_3A   :  INFO: AWB: TsAwbDestroy: 284: cameraId in AWBDestroy 1
10-15 00:29:28.924 16078 16753 I SS_3A   :  INFO: AWB: TsAwbDestroy: 306: TsAwbDestroy (refcnt:1 cameraId 1 overrideCameraClose 1 lensFacing 0 pAWBSingletonWrapper->pAWB 0xb40000739414ab80
10-15 00:29:28.924 16078 16753 I SS_3A   :  INFO: AWB: TsAwbDestroy: 314: Destroy AWBAlgorithm, pAWB 0xb40000739414ab80
10-15 00:29:28.924 16078 16753 I SS_3A   :  INFO:  AF: TsAFDestroy: 250: Destroy (refcnt:1 cameraId 1 overrideCameraClose 1 lensFacing 0 pAFAlgorithm 0xb40000739414ae00 pAFSingletonWrapper->pAFSingleton 0xb40000739414ae00 TeleCameraInit 0
10-15 00:29:28.924 16078 16753 I SS_3A   :  INFO:  AF: TsAf_deinit_front: 2396: TsAf_wrap: 0xb400007369723240, E
10-15 00:29:28.924 16078 16753 I SS_3A   : 
10-15 00:29:28.924 16078 16753 I SS_3A   :  INFO:  AF: TsAf_deinit_front: 2414:  X
10-15 00:29:28.924 16078 16753 I SS_3A   : 
10-15 00:29:28.932 16078 16753 I CamX    : [ INFO][CORE   ] camxchitintlessinterface.cpp:71 TintlessAlgoDestory() Tintless Algo Destroy
10-15 00:29:28.941 16078 16753 I CVP     : File: vendor/qcom/proprietary/cv-noship/cvp2/src/cpu/cvpPvtUtils.cpp Line: 163 Function: cvpSetPower() Msg: Update power to KMD
10-15 00:29:28.941 16078 16753 I CVP     : File: vendor/qcom/proprietary/cv-noship/cvp2/src/cpu/cvpPower.cpp Line: 84 Function: cvpPrintPower() Msg: Actual      Clock: Fdu 0, Ica 0, Od 0, Mpu 0, Fw 0
10-15 00:29:28.941 16078 16753 I CVP     : File: vendor/qcom/proprietary/cv-noship/cvp2/src/cpu/cvpPower.cpp Line: 88 Function: cvpPrintPower() Msg: Operational Clock: Fdu 0, Ica 0, Od 0, Mpu 0, Fw 0
10-15 00:29:28.941 16078 16753 I CVP     : File: vendor/qcom/proprietary/cv-noship/cvp2/src/cpu/cvpPower.cpp Line: 90 Function: cvpPrintPower() Msg: Actual     Bw: Ddr 0, SysCache 0
10-15 00:29:28.941 16078 16753 I CVP     : File: vendor/qcom/proprietary/cv-noship/cvp2/src/cpu/cvpPower.cpp Line: 92 Function: cvpPrintPower() Msg: Opeational Bw: Ddr 0, SysCache 0
10-15 00:29:28.941 16078 16753 I CVP     : File: vendor/qcom/proprietary/cv-noship/cvp2/src/cpu/cvpPower.cpp Line: 1602 Function: cvpDeaggreatePower() Msg: After deaggregation
10-15 00:29:28.941 16078 16753 I CVP     : File: vendor/qcom/proprietary/cv-noship/cvp2/src/cpu/cvpPower.cpp Line: 84 Function: cvpPrintPower() Msg: Actual      Clock: Fdu 0, Ica 0, Od 0, Mpu 0, Fw 0
10-15 00:29:28.941 16078 16753 I CVP     : File: vendor/qcom/proprietary/cv-noship/cvp2/src/cpu/cvpPower.cpp Line: 88 Function: cvpPrintPower() Msg: Operational Clock: Fdu 0, Ica 0, Od 0, Mpu 0, Fw 0
10-15 00:29:28.941 16078 16753 I CVP     : File: vendor/qcom/proprietary/cv-noship/cvp2/src/cpu/cvpPower.cpp Line: 90 Function: cvpPrintPower() Msg: Actual     Bw: Ddr 0, SysCache 0
10-15 00:29:28.941 16078 16753 I CVP     : File: vendor/qcom/proprietary/cv-noship/cvp2/src/cpu/cvpPower.cpp Line: 92 Function: cvpPrintPower() Msg: Opeational Bw: Ddr 0, SysCache 0
10-15 00:29:28.947 16078  1222 I CHIUSECASE: [CONFIG ] chxextensionmodule.cpp:4194 RequestThreadProcessing() Terminating recovery thread for logical cameraId: 1
10-15 00:29:28.947 16073 21649 I CameraProviderManager: Camera device device@3.5/legacy/3 torch status is now AVAILABLE_OFF
10-15 00:29:28.947 16073 21649 I CameraService: onTorchStatusChangedLocked: Torch status changed for cameraId=3, newStatus=1
10-15 00:29:28.947 16073 21649 E CameraService: onTorchStatusChangedLocked: cannot get torch status of camera 3: No such file or directory (-2)
10-15 00:29:28.947 16078 16753 I Unihal  : CameraHalManager.cpp: CloseCamera: 279: HAL close - End
10-15 00:29:28.947 16078 16753 I Unihal  : UniState.cpp: SetIsAlreadyCreated: 182: isAlreadyCreated=0, val=0
10-15 00:29:28.947 16078 16753 I Unihal  : FwkCaptureManager.cpp: Release: 166: Already released.
10-15 00:29:28.947 16078 16753 I Unihal  : UniHal3InterfaceEntry.cpp: uni_close_camera_hardware: 571: X (0)
10-15 00:29:28.947 16073 21649 D HidlCamera3-Device: CameraPerf: close X (43ms)
10-15 00:29:28.947 16073 21649 D Camera3-OutputStream: disconnectLocked: disconnecting stream 0 from native window
10-15 00:29:28.949 16073 21649 I CameraLatencyHistogram: Stream 0 dequeueBuffer latency histogram (16) samples:
10-15 00:29:28.949 16073 21649 I CameraLatencyHistogram:         5     10     15     20     25     30     35     40     45    inf (max ms)
10-15 00:29:28.949 16073 21649 I CameraLatencyHistogram:      100.00   0.00   0.00   0.00   0.00   0.00   0.00   0.00   0.00   0.00 (%)
10-15 00:29:28.949 16073 21649 I CameraLatencyHistogram: Stream 0 enqueueBuffer latency histogram (9) samples:
10-15 00:29:28.949 16073 21649 I CameraLatencyHistogram:         5     10     15     20     25     30     35     40     45    inf (max ms)
10-15 00:29:28.949 16073 21649 I CameraLatencyHistogram:      100.00   0.00   0.00   0.00   0.00   0.00   0.00   0.00   0.00   0.00 (%)
10-15 00:29:28.949 16073 21649 I Camera3-Device: disconnectImpl: X
10-15 00:29:28.949 16073 21649 I CameraServiceProxyWrapper: updateProxyDeviceState: notifyCameraState for Camera ID 3, newState 3, facing 1, clientName com.samsung.adaptivebrightnessgo, apiLevel 2
10-15 00:29:28.949 16073 21649 I Camera3-Device: setDeviceInjector
10-15 00:29:28.949 16073 21649 D CameraService: BasicClient::disconnect E
10-15 00:29:28.949 16073 21649 I CameraService: this package is a adaptive brightness app.
10-15 00:29:28.949 16073 21649 I CameraService: finishCameraOps: Finish camera ops, package name = com.samsung.adaptivebrightnessgo, client UID = 5021
10-15 00:29:28.949 16073 21649 I CameraService: this package is a adaptive brightness app.
10-15 00:29:28.949 16073 21649 I CameraService: Drop updateStatus callbak for package com.samsung.adaptivebrightnessgo(pid 18370)
10-15 00:29:28.950 16370 20070 I CameraManagerGlobal: Camera 3 facing CAMERA_FACING_FRONT state now CAMERA_STATE_CLOSED for client com.samsung.adaptivebrightnessgo API Level 2User Id 0
10-15 00:29:28.950 17123 18190 I CameraManagerGlobal: Camera 3 facing CAMERA_FACING_FRONT state now CAMERA_STATE_CLOSED for client com.samsung.adaptivebrightnessgo API Level 2User Id 0
10-15 00:29:28.950 17436 17450 I CameraManagerGlobal: Camera 3 facing CAMERA_FACING_FRONT state now CAMERA_STATE_CLOSED for client com.samsung.adaptivebrightnessgo API Level 2User Id 0
10-15 00:29:28.950 16370 16878 I RequestInjectorService: Samsung Camera is opened. ignore VT Camera Setting.
10-15 00:29:28.950 11251 11274 I CameraManagerGlobal: Camera 3 facing CAMERA_FACING_FRONT state now CAMERA_STATE_CLOSED for client com.samsung.adaptivebrightnessgo API Level 2User Id 0
10-15 00:29:28.950 18370 22411 I CameraManagerGlobal: Camera 3 facing CAMERA_FACING_FRONT state now CAMERA_STATE_CLOSED for client com.samsung.adaptivebrightnessgo API Level 2User Id 0
10-15 00:29:28.950 17123 18143 D CameraAvailabilityListener: onCameraDeviceStateChanged: id=3, facing=1, state=CAMERA_STATE_CLOSED, client=com.samsung.adaptivebrightnessgo
10-15 00:29:28.950 18640 27159 I CameraManagerGlobal: Camera 3 facing CAMERA_FACING_FRONT state now CAMERA_STATE_CLOSED for client com.samsung.adaptivebrightnessgo API Level 2User Id 0
10-15 00:29:28.950 16073 21649 I CameraFlashlight: deviceClosed: device 3 is closed
10-15 00:29:28.950 18640 27159 I CameraManagerGlobal: onCameraDeviceStateChangedLocked: post device state update
10-15 00:29:28.950 16073 21649 I CameraService: disconnect: Disconnected client for camera 3 for PID 18370
10-15 00:29:28.950 16073 21649 D CameraService: BasicClient::disconnect X
10-15 00:29:28.950 18640 27159 I CameraManagerGlobal: onCameraDeviceStateChangedLocked: post device state update
10-15 00:29:28.950 18370 18399 I CameraLightSensor_Service: Camera released, time taken= 560 cameraLock= true
10-15 00:29:28.950 18370 18399 I CameraLightSensor_Service: stopBackgroundThread : mBackgroundHandler is set to null
10-15 00:29:28.950 16370 20070 I CameraManagerGlobal: onCameraDeviceStateChangedLocked: post device state update
10-15 00:29:29.045 16370 18355 D MotionRecognitionService: values = 50.0
10-15 00:29:29.045 16370 18355 D MotionRecognitionService: onReceive lux: 50.0  action: 
10-15 00:29:29.045 16370 18355 D MotionRecognitionService: Inject brightness form Cam 50.0
10-15 00:29:29.045 16370 18355 D MotionRecognitionService: Inject calibrated lux
10-15 00:29:29.138 16082 15936 I sensors-hal: handle_sns_std_sensor_event:206, Phy Lux 19 Cam Lux 50, br 88
10-15 00:29:29.138 16082 15936 I sensors-hal: handle_sns_std_sensor_event:213, [SSC_LIGHT] P: 19(19),m:2,a:76,b:0,c:19,d:0,ag:20,dg:16,it:384,br:88
10-15 00:29:29.245 16370 18355 D MotionRecognitionService: values = 50.0
10-15 00:29:29.245 16370 18355 D MotionRecognitionService: onReceive lux: 50.0  action: 
10-15 00:29:29.245 16370 18355 D MotionRecognitionService: Inject brightness form Cam 50.0
10-15 00:29:29.245 16370 18355 D MotionRecognitionService: Inject calibrated lux
10-15 00:29:29.251 16370 16461 E Watchdog: !@Sync: 1433 heap: 93 / 104 FD: 1071 [2025-10-15 00:29:29.250]
10-15 00:29:29.445 16370 18355 D MotionRecognitionService: values = 50.0
10-15 00:29:29.446 16370 18355 D MotionRecognitionService: onReceive lux: 50.0  action: 
10-15 00:29:29.446 16370 18355 D MotionRecognitionService: Inject brightness form Cam 50.0
10-15 00:29:29.446 16370 18355 D MotionRecognitionService: Inject calibrated lux
10-15 00:29:29.530 16370 18316 D FreecessController: com.android.vending(10227) is important[!isUidIdle]
10-15 00:29:29.647 16370 18355 D MotionRecognitionService: values = 50.0
10-15 00:29:29.647 16370 18355 D MotionRecognitionService: onReceive lux: 50.0  action: 
10-15 00:29:29.647 16370 18355 D MotionRecognitionService: Inject brightness form Cam 50.0
10-15 00:29:29.647 16370 18355 D MotionRecognitionService: Inject calibrated lux
10-15 00:29:29.695 16092 32728 I HYPER-HAL: [RequestManager.cpp]releaseLocked(): Released ID : 134291484
10-15 00:29:29.716  1012  1012 I android.hardware.health@2.1-service-samsung: updateLrpSysfs: write: 355
10-15 00:29:29.848 16370 18355 D MotionRecognitionService: values = 50.0
10-15 00:29:29.848 16370 18355 D MotionRecognitionService: onReceive lux: 50.0  action: 
10-15 00:29:29.848 16370 18355 D MotionRecognitionService: Inject brightness form Cam 50.0
10-15 00:29:29.849 16370 18355 D MotionRecognitionService: Inject calibrated lux
10-15 00:29:30.050 16370 18355 D MotionRecognitionService: values = 50.0
10-15 00:29:30.051 16370 18355 D MotionRecognitionService: onReceive lux: 50.0  action: 
10-15 00:29:30.051 16370 18355 D MotionRecognitionService: Inject brightness form Cam 50.0
10-15 00:29:30.051 16370 18355 D MotionRecognitionService: Inject calibrated lux
10-15 00:29:30.251 16370 18355 D MotionRecognitionService: values = 50.0
10-15 00:29:30.252 16370 18355 D MotionRecognitionService: onReceive lux: 50.0  action: 
10-15 00:29:30.252 16370 18355 D MotionRecognitionService: Inject brightness form Cam 50.0
10-15 00:29:30.252 16370 18355 D MotionRecognitionService: Inject calibrated lux
10-15 00:29:30.452 16370 18355 D MotionRecognitionService: values = 50.0
10-15 00:29:30.453 16370 18355 D MotionRecognitionService: onReceive lux: 50.0  action: 
10-15 00:29:30.453 16370 18355 D MotionRecognitionService: Inject brightness form Cam 50.0
10-15 00:29:30.453 16370 18355 D MotionRecognitionService: Inject calibrated lux
10-15 00:29:30.653 16370 18355 D MotionRecognitionService: values = 50.0
10-15 00:29:30.653 16370 18355 D MotionRecognitionService: onReceive lux: 50.0  action: 
10-15 00:29:30.653 16370 18355 D MotionRecognitionService: Inject brightness form Cam 50.0
10-15 00:29:30.653 16370 18355 D MotionRecognitionService: Inject calibrated lux
10-15 00:29:30.760   698   698 D io_stats: !@   8,0 r 2207316 67976236 w 1474227 138637952 d 632984 165962068 f 0 0 iot 1318708 0 th 0 0 0 pt 0 inp 0 18 353161.393
10-15 00:29:30.854 16370 18355 D MotionRecognitionService: values = 50.0
10-15 00:29:30.854 16370 18355 D MotionRecognitionService: onReceive lux: 50.0  action: 
10-15 00:29:30.854 16370 18355 D MotionRecognitionService: Inject brightness form Cam 50.0
10-15 00:29:30.854 16370 18355 D MotionRecognitionService: Inject calibrated lux
10-15 00:29:31.055 16370 18355 D MotionRecognitionService: values = 50.0
10-15 00:29:31.055 16370 18355 D MotionRecognitionService: onReceive lux: 50.0  action: 
10-15 00:29:31.055 16370 18355 D MotionRecognitionService: Inject brightness form Cam 50.0
10-15 00:29:31.055 16370 18355 D MotionRecognitionService: Inject calibrated lux
10-15 00:29:31.058 16082 15936 I sensors-hal: handle_sns_std_sensor_event:276, [SSC_LIGHT] P: 19(19),m:2,a:76,b:0,c:19,d:0,ag:20,dg:16,it:384,br:88
10-15 00:29:31.203 16370 20070 I PersonaServiceHelper: isCallerApprovedToInstall(uid:2000 userHandle:0)
10-15 00:29:31.203 16370 20070 I PersonaServiceHelper: DO is not enabled. no Knox app install enforcement
10-15 00:29:31.203 16370 20070 I PackageInstaller:  getting through the check android.content.pm.PackageInstaller$SessionParams@612d8fe user id 0
10-15 00:29:31.203 16370 20070 I PackageInstaller: UserManager.DISALLOW_NON_MARKET_APP_BY_KNOX : false
10-15 00:29:31.205 16370 20070 D PackageInstallerSession: InstallLogger: PackageInstallerSession(): createInstallTimeInfo(1913353910)
10-15 00:29:31.255 16370 18355 D MotionRecognitionService: values = 50.0
10-15 00:29:31.255 16370 18355 D MotionRecognitionService: onReceive lux: 50.0  action: 
10-15 00:29:31.255 16370 18355 D MotionRecognitionService: Inject brightness form Cam 50.0
10-15 00:29:31.256 16370 18355 D MotionRecognitionService: Inject calibrated lux
10-15 00:29:31.312 16370 16370 W WindowManager: removeWindowToken: Attempted to remove non-existing token: android.os.Binder@353221d
10-15 00:29:31.422 16370 16771 I KnoxMUMContainerPolicy: getPackagesFromInstallWhiteList is called...
10-15 00:29:31.422 16370 16771 D ApplicationPolicy: getApplicationStateList: Enforce DOPO permission
10-15 00:29:31.422 16370 16771 D ApplicationPolicy: getApplicationStateList : empty
10-15 00:29:31.422 16370 16771 D PackageManager: isVerificationEnabled :: approvedInstaller : .*
10-15 00:29:31.422 16370 16771 D PackageManager: isVerificationEnabled :: installer policy contains *.
10-15 00:29:31.422 16370 16771 E PackageManager: ERROR: could not load root hash from incremental install
10-15 00:29:31.427 16370 16853 I UMR     : B|Compact com.samsung.android.sm.provider(593)
10-15 00:29:31.428 16370 16771 D PackageManager: sendBroadcastAsUser. PACKAGE_INSTALL_STARTED
10-15 00:29:31.431 16370 16771 I PackageManager: Integrity check passed for file:///data/app/vmdl1913353910.tmp
10-15 00:29:31.433 10480 10480 I Finsky  : [2] VerifyApps: Install-time verification requested for package com.exampleapp, PackageManager id = 56, Verifier id = ea0d54ed-03b1-49f5-9a06-a0d00a08873a
10-15 00:29:31.434 10480 10533 I Finsky  : [117] RECEIVER_PACKAGE_VERIFICATION#logWorkEndAndFinishGoAsync: SUCCESS
10-15 00:29:31.442 28719 28764 I GOS:GameServiceReceiver: Task.doInBackground(), action : com.samsung.android.intent.action.PACKAGE_INSTALL_STARTED
10-15 00:29:31.443 28719 28764 I GOS:GameServiceReceiver:  PkgInstallStarted for com.exampleapp UserID : 0
10-15 00:29:31.446 28719  1279 I GOS:GameIntentService: onHandleIntent. GameIntentService. type: 15, pkgName: null
10-15 00:29:31.447 10480 32595 W PackageParser: Unknown element under <manifest>: queries at /data/app/vmdl1913353910.tmp/base.apk Binary XML file line #19
10-15 00:29:31.450 28719  1279 W GOS:RequestHeader: tryToAddMcc(), can't find mcc
10-15 00:29:31.450 28719  1279 W GOS:RequestHeader: tryToAddMnc(), can't find mnc
10-15 00:29:31.455 16370 18355 D MotionRecognitionService: values = 50.0
10-15 00:29:31.455 16370 18355 D MotionRecognitionService: onReceive lux: 50.0  action: 
10-15 00:29:31.456 16370 18355 D MotionRecognitionService: Inject brightness form Cam 50.0
10-15 00:29:31.456 16370 18355 D MotionRecognitionService: Inject calibrated lux
10-15 00:29:31.464 16370 16853 I UMR     : E|Compact d_rss=-11452KB
10-15 00:29:31.487 28719  1279 W GOS:PackageUtil: isPackageInstalledAsUser(). Exception: android.content.pm.PackageManager$NameNotFoundException: com.exampleapp
10-15 00:29:31.488 28719  1279 I GOS:GameIntentService: onPackageChanged(). extras: Bundle[{changeType=2, userId=0, type=15, packageName=com.exampleapp}]
10-15 00:29:31.488 28719  1279 I GOS:GameIntentService: onPackageChanged(). changeType(INSTALL_STARTED), pkgName(com.exampleapp), UserHandle(0), userId(0), Installed(false)
10-15 00:29:31.657 16370 18355 D MotionRecognitionService: values = 50.0
10-15 00:29:31.657 16370 18355 D MotionRecognitionService: onReceive lux: 50.0  action: 
10-15 00:29:31.657 16370 18355 D MotionRecognitionService: Inject brightness form Cam 50.0
10-15 00:29:31.657 16370 18355 D MotionRecognitionService: Inject calibrated lux
10-15 00:29:31.661 10480 32595 I Finsky  : [388] VerifyApps: Anti-malware verification task started for package=com.exampleapp
10-15 00:29:31.667 10480 32595 E AbstractLogEventBuilder: The provided ProductIdOrigin 3 is not one of the process-level expected values: 1 or 2
10-15 00:29:31.669 10480 32595 I Finsky  : [388] Single user settings service is not running, bind it now
10-15 00:29:31.675 10480 10480 I Finsky  : [2] Single user settings service is connected
10-15 00:29:31.679 16370 19521 D SemWifiUsabilityStatsMonitor: onWifiUsabilityStats - seqNum 12224, isSameBssidAndFreq true
10-15 00:29:31.680 17123 17123 D NetworkController.WifiSignalController: notifyListener: visible=true, connected=true, inetCondition=1, isDefault=true, wifiTestReported=true, receivedInetCondition=-1, hideDuringMobileSwitching=false
10-15 00:29:31.681 17123 17202 D Tile.WifiTile: handleUpdateState isTransient=false transientEnabling =false cb.isTransient=false state.state = 2 mStateBeforeClick.value =false enabled =true
10-15 00:29:31.681 16370 17022 I SemWifiLinkQualityMonitor: Link Qos Query: 0.011 ms / 710.176 Mbps (780 / 0.001 / 1.000)
10-15 00:29:31.682 10480 32595 W Settings: Setting install_non_market_apps has moved from android.provider.Settings.Global to android.provider.Settings.Secure, returning read-only value.
10-15 00:29:31.687  1120  1176 I VSyncReactor: Current= 120, TransitioningTo= 120, hwcPeriod= 120, Distance= 0
10-15 00:29:31.696  1120  1120 I SurfaceFlinger: SFWD update time=353162328743714
10-15 00:29:31.731 10480 32595 I Finsky  : [388] VerifyApps: Installer app: com.android.shell
10-15 00:29:31.857 16370 18355 D MotionRecognitionService: values = 50.0
10-15 00:29:31.857 16370 18355 D MotionRecognitionService: onReceive lux: 50.0  action: 
10-15 00:29:31.858 16370 18355 D MotionRecognitionService: Inject brightness form Cam 50.0
10-15 00:29:31.858 16370 18355 D MotionRecognitionService: Inject calibrated lux
10-15 00:29:32.009 10480 10554 E AbstractLogEventBuilder: The provided ProductIdOrigin 3 is not one of the process-level expected values: 1 or 2
10-15 00:29:32.014 10480 32595 I Finsky  : [388] Task 7 requested foreground
10-15 00:29:32.014 10480 32595 I Finsky  : [388] Not entering foreground
10-15 00:29:32.015 10480 10559 I Finsky  : [138] VerifyApps: Starting APK Analysis scan for com.exampleapp.
10-15 00:29:32.016 10480 10559 I Finsky  : [138] Scanning package com.exampleapp contents with client side protections. File: [aadgsHwjlwe9Kqq65zMORw3rZbguFQdSMhtGYasm-o8]
10-15 00:29:32.016 10480 10559 I Finsky  : [138] VerifyApps: APK Analysis scan finished for com.exampleapp. Verdict: SAFE
10-15 00:29:32.017 10480 32591 I Finsky  : [385] Apk Analysis scan verification duration=PT0.002S 
10-15 00:29:32.057 16370 18355 D MotionRecognitionService: values = 50.0
10-15 00:29:32.059 16370 18355 D MotionRecognitionService: onReceive lux: 50.0  action: 
10-15 00:29:32.059 16370 18355 D MotionRecognitionService: Inject brightness form Cam 50.0
10-15 00:29:32.059 16370 18355 D MotionRecognitionService: Inject calibrated lux
10-15 00:29:32.129 10480 10480 E AbstractLogEventBuilder: The provided ProductIdOrigin 3 is not one of the process-level expected values: 1 or 2
10-15 00:29:32.130 10480 32591 I Finsky  : [385] VerifyApps: Verification package=com.exampleapp, id=56, response=0, upload_requested=false, enable_ecm=false
10-15 00:29:32.131 10480 32591 I Finsky  : [385] VerifyApps: PAM result saving to datastore delayed for package: com.exampleapp
10-15 00:29:32.133 10480 32595 E AbstractLogEventBuilder: The provided ProductIdOrigin 3 is not one of the process-level expected values: 1 or 2
10-15 00:29:32.133 10480 32595 I Finsky  : [388] VerifyApps AdvancedProtection: Verify AP install started
10-15 00:29:32.134 10480 32595 I Finsky  : [388] VerifyApps AdvancedProtection: Allowing install because there are no Advanced Protection users
10-15 00:29:32.136 10480 10480 I Finsky  : [2] VerifyApps AdvancedProtection: Reported Advanced Protection verification result: ALLOW
10-15 00:29:32.137 10480 32595 E Finsky  : [388] Package name null is not an installed package
10-15 00:29:32.138 10480 32595 I Finsky  : [388] Skipping logging for attempted installation. The source is a system package.
10-15 00:29:32.138 10480 32595 I Finsky  : [388] VerifyApps: Returning package verification result id=56, result=ALLOW
10-15 00:29:32.140 10480 10480 I Finsky  : [2] VerifyApps: Install-time verification complete: id=56, package_name=com.exampleapp
10-15 00:29:32.141 16370 16770 I PersonaServiceHelper: installStageForKnox(user:-1 installerUid:2000)
10-15 00:29:32.141 16370 16770 I PackageManager: START INSTALL PACKAGE: observer{162254097}
10-15 00:29:32.141 16370 16770 I PackageManager:           stagedDir{/data/app/vmdl1913353910.tmp}
10-15 00:29:32.141 16370 16770 I PackageManager:           stagedCid{null}
10-15 00:29:32.141 16370 16770 I PackageManager:           pkg{com.exampleapp}
10-15 00:29:32.141 16370 16770 I PackageManager:           Request from{null}
10-15 00:29:32.148 16370 16771 W PackageManager: verifying app can be installed or not
10-15 00:29:32.148 16370 16771 D ApplicationPolicy: isApplicationInstallationEnabled
10-15 00:29:32.148 16370 16771 D ApplicationPolicy: isApplicationInstallationEnabled :  Checking PKG WL - false
10-15 00:29:32.148 16370 16771 D ApplicationPolicy: isApplicationInstallationEnabled :  Checking PKG BL - true
10-15 00:29:32.148 16370 16771 D ApplicationPolicy: isApplicationInstallationEnabled :  Checking PERM BL - true
10-15 00:29:32.148 16370 16771 D ApplicationPolicy: isApplicationInstallationEnabled :  Checking SIG BL - true
10-15 00:29:32.148 16370 16771 D ApplicationPolicy: isApplicationInstallationEnabled :  Checking PKG WL - false
10-15 00:29:32.149 16370 16771 D ApplicationPolicy: isApplicationInstallationEnabled :  Checking PKG BL - true
10-15 00:29:32.149 16370 16771 D ApplicationPolicy: isApplicationInstallationEnabled :  Checking PERM BL - true
10-15 00:29:32.149 16370 16771 D ApplicationPolicy: isApplicationInstallationEnabled :  Checking SIG BL - true
10-15 00:29:32.149 16370 16771 D ApplicationPolicy: isApplicationInstallationEnabled :  enabled true
10-15 00:29:32.149 16370 16771 D RestrictionPolicy: isNewAdminInstallationEnabledInternal : false
10-15 00:29:32.162 16370 16771 I PackageManager: Permission ownership changed. Updating all permissions.
10-15 00:29:32.178 16082 15936 I sensors-hal: handle_sns_std_sensor_event:206, Phy Lux 19 Cam Lux 50, br 88
10-15 00:29:32.179 16082 15936 I sensors-hal: handle_sns_std_sensor_event:213, [SSC_LIGHT] P: 19(19),m:2,a:76,b:0,c:19,d:0,ag:20,dg:16,it:384,br:88
10-15 00:29:32.259 16370 18355 D MotionRecognitionService: values = 50.0
10-15 00:29:32.259 16370 18355 D MotionRecognitionService: onReceive lux: 50.0  action: 
10-15 00:29:32.259 16370 18355 D MotionRecognitionService: Inject brightness form Cam 50.0
10-15 00:29:32.259 16370 18355 D MotionRecognitionService: Inject calibrated lux
10-15 00:29:32.280 16370 16771 D PackageSettings: ++ writeStateForUserSyncLPr(0)
10-15 00:29:32.326 16370 16398 W System  : A resource failed to call close. 
10-15 00:29:32.342 16370 16771 W PackageSettings: -- writeStateForUserSyncLPr(0)
10-15 00:29:32.414 16370 19710 W system_server: Long monitor contention with owner binder:16370_15 (18828) at com.android.server.pm.Computer com.android.server.pm.PackageManagerService.snapshotComputer()(PackageManagerService.java:1366) waiters=0 in com.android.server.pm.Computer com.android.server.pm.PackageManagerService.snapshotComputer() for 260ms
10-15 00:29:32.417 16370 16446 W Looper  : Slow dispatch took 253ms android.fg h=android.os.Handler c=<recycled PooledLambda@1bb1713> m=0
10-15 00:29:32.418 16370 16446 W Looper  : Slow delivery took 253ms android.fg h=android.os.Handler c=<recycled PooledLambda@962cd50> m=0
10-15 00:29:32.421 16370 16771 D AASA_ASKSManager_RESTRICTED: There is no restricted rule.
10-15 00:29:32.421 16370 16771 W PackageInformation: PackageInfo in info_list
10-15 00:29:32.421 16370 16771 D PackageManager: Skip dexopt
10-15 00:29:32.421 16370 16771 I SPEG    : Feature is disabled due to dexopt skipped
10-15 00:29:32.421 16370 16771 V BackupManagerService: [UserID:0] restoreAtInstall pkg=com.exampleapp token=39 restoreSet=0
10-15 00:29:32.421 16370 16771 V BackupManagerService: [UserID:0] Finishing install immediately
10-15 00:29:32.426 11341 12343 I dvmb    : (REDACTED) appOpsListener %s %s
10-15 00:29:32.426 11341 12343 I dvmb    : (REDACTED) Ignoring irrelevant audio permission changes for package %s
10-15 00:29:32.427 16370 16771 V StorageManagerService: Package null does not have legacy storage
10-15 00:29:32.427 16370 16771 D PackageManager: result of install: 1{162254097}
10-15 00:29:32.427 16370 16771 D PackageInstallerSession: Marking session 1913353910 as applied
10-15 00:29:32.427  1301 24562 E installd: Couldn't opendir /data/app/vmdl1913353910.tmp: No such file or directory
10-15 00:29:32.428  1301 24562 E installd: Failed to delete /data/app/vmdl1913353910.tmp: No such file or directory
10-15 00:29:32.431 10663 10663 I SessionCommitReceiver: onReceive() intent.getAction : android.content.pm.action.SESSION_COMMITTED
10-15 00:29:32.432 10663 10729 I SessionCommitReceiver: onReceive() !isEnabled(), installer: null
10-15 00:29:32.432 16370 16771 D CompatibilityChangeReporter: Compat change id reported: 168419799; UID 10332; state: DISABLED
10-15 00:29:32.434 16370 16822 D OverlayManager: reconcileSettingsForPackage pkgName=com.exampleapp userId=0
10-15 00:29:32.434 16370 16822 I OverlayManager: updateOverlaysForTarget() called with: targetPackage = [com.exampleapp], userId = [0], flags = [0], skipUpdateState = [false]
10-15 00:29:32.434 16370 16822 D OverlayManager: Writing overlay settings
10-15 00:29:32.435 16370 16837 D CompatibilityChangeReporter: Compat change id reported: 218533173; UID 10332; state: ENABLED
10-15 00:29:32.437 16370 16822 D OverlayManager: Update package manager about changed overlays, packageSize : 1, updateFrameworkRes : false, pruneTargets : false, userId : 0
10-15 00:29:32.438 16370 16822 D OverlayManager: -> Updating overlay: target=com.exampleapp overlays=[OverlayPaths { resourceDirs = [], overlayPaths = [] }] userId=0
10-15 00:29:32.438 16370 16822 I OMS_DEBUG: [updatePackageManagerLocked] updatedPackages : []
10-15 00:29:32.438 16370 16822 I OMS_DEBUG: [updatePackageManagerLocked] updatedPackages.size() : 0
10-15 00:29:32.438 17101 22783 D SemCarrierFeature: [get] phoneId should be 0 or 1
10-15 00:29:32.439 17123 17123 D KeyguardUpdateMonitor: received broadcast android.intent.action.PACKAGE_ADDED
10-15 00:29:32.439 16370 17047 I SdkSandboxManager: No SDKs used. Skipping SDK data reconcilation for CallingInfo{mUid=10332, mPackageName='com.exampleapp'}
10-15 00:29:32.439 17123 17123 D SPluginManagerImpl: onReceive: android.intent.action.PACKAGE_ADDED, size:{com.android.systemui.navigationbar.plugin.PluginBarInteractionManager$pluginListener$1@12206a3=SPluginInstanceManager@113357030 (action=com.samsung.systemui.navigationbar.PLUGIN), com.android.systemui.pluginlock.PluginLockMediatorImpl@35d26ac=SPluginInstanceManager@205690407 (action=com.samsung.systemui.action.PLUGIN_LOCK), com.samsung.android.systemui.multistar.MultiStarManager$2@45c3e29=SPluginInstanceManager@189006036 (action=com.samsung.systemui.action.PLUGIN_MULTISTAR), com.android.systemui.lockstar.PluginLockStarManager@4efe22d=SPluginInstanceManager@204284541 (action=com.samsung.systemui.action.PLUGIN_LOCK_STAR), com.android.systemui.noticenter.NotiCenterPlugin$NotiCenterPluginListener@b574ac7=SPluginInstanceManager@157807986 (action=com.samsung.systemui.action.PLUGIN_NOTICENTER), com.android.systemui.volume.VolumeStarInteractor$1@b84a22e=SPluginInstanceManager@104361411 (action=com.samsung.systemui.volume.PLUGIN), com.android.systemui.slimindicator.SlimIndicatorPluginMediator@d927b9a=SPluginInstanceManager@256529984 (action=com.samsung.systemui.action.SPLUGIN_SLIMINDICATOR)}
10-15 00:29:32.441 17123 17123 D FaceWidgetMetadataParser: updatePackage() com.exampleapp true
10-15 00:29:32.441 17123 17123 W FaceWidgetMetadataParser: updatePackage() there is no metadata
10-15 00:29:32.441 17123 17123 D FaceWidgetMetadataParser: removePackage() key = com.exampleapp
10-15 00:29:32.441 17101 17101 D CarrierSvcBindHelper: onPackageAdded: com.exampleapp
10-15 00:29:32.441 16370 16857 D SEP_UNION_SemDeviceInfoManagerService: onReceive : android.intent.action.PACKAGE_ADDED, userId = 0 
