10-15 00:29:34.094 16078 16737 I SS_3A   :  INFO: AEC: TsAecFront_Set_Exp_Table: 424: [Exp_Table::Front] Shooting=30, ExpDiagram=55|9, m_video=0, m_fdae=1, rec=0, hfr=0, lightcon=1
10-15 00:29:34.094 16078 16737 I SS_3A   :  INFO: AEC: TsAecGetVendorTagInfo: 3230: aeMode 1
10-15 00:29:34.094 16078 16737 I SS_3A   :  INFO: AEC: TsAec_process_get_aec_info: 1550: [0][1] algo_out Av=2.273 g=8.653 e_t=0.01999 LLS=0x0 Ev=6.500 Bv=1.500 PEv=6.500 Cvgd=0 lux=281, lls=0x0, drc=1.000 wide=0
10-15 00:29:34.095  2446  2446 I wpa_sslib: Recv DRIVER command: MACADDR
10-15 00:29:34.096 16078 16738 I SS_3A   :  INFO: AWB: TsAwb_parse_stats: 1616: [stats_dbg] statsBayerGrid startupMode = StatisticsStartUpInvalid, exit now, excute_flag = 1
10-15 00:29:34.097 16078 16740 I SS_3A   :  INFO: AWB: TsAwb_parse_stats: 1616: [stats_dbg] statsBayerGrid startupMode = StatisticsStartUpInvalid, exit now, excute_flag = 1
10-15 00:29:34.098 16082 15936 I sensors-hal: handle_sns_std_sensor_event:276, [SSC_LIGHT] P: 19(19),m:2,a:76,b:0,c:19,d:0,ag:20,dg:16,it:384,br:88
10-15 00:29:34.099 17123 17202 D NetworkController.WifiSignalController: notifyListener: visible=true, connected=true, inetCondition=1, isDefault=true, wifiTestReported=true, receivedInetCondition=-1, hideDuringMobileSwitching=false
10-15 00:29:34.099 17123 17202 D Tile.WifiTile: handleUpdateState isTransient=false transientEnabling =false cb.isTransient=false state.state = 2 mStateBeforeClick.value =false enabled =true
10-15 00:29:34.099 20080 20155 I MobileWips: MWIPS set wifi state 17
10-15 00:29:34.099 20080 20155 I MobileWips: EVENT_CONNECTION_COMPLETED mRoaming false
10-15 00:29:34.100 10619 10665 I NullBinder: NullBinder for android.net.action.RECOMMEND_NETWORKS triggering remote TransactionTooLargeException due to Service without Chimera impl, calling uid: 1000, calling pid: 0
10-15 00:29:34.100 10619 10665 W .gms.persistent: Large reply transaction of 1056768 bytes, interface descriptor , code 1
10-15 00:29:34.103 10938 11019 I Carnival-NetworkErrorManager(): onAvailable
10-15 00:29:34.104 10938 11019 I Carnival-NetworkErrorManager(): onNetworkRecovered
10-15 00:29:34.104 10938 11019 I Carnival-SamsungAccountManager(): onNetworkRecovered
10-15 00:29:34.104 11251 11911 I HBD     : g onCapabilitiesChanged network : 100 current network state : wifi 
10-15 00:29:34.106 16370 16968 D ConnectivityService: notifyType CALLBACK_CAP_CHANGED for [100 WIFI]
10-15 00:29:34.106 16370 16998 D SemWifiSwitchForIndividualAppsService: stopTCPMonitoring : already stopped
10-15 00:29:34.106 16370 16998 I WifiConnectivityMonitor.NCC: sNetworkCallback(oCC) FULL : 100(true/false)[ Transports: WIFI Capabilities: NOT_METERED&INTERNET&NOT_RESTRICTED&TRUSTED&NOT_VPN&VALIDATED&NOT_ROAMING&FOREGROUND&NOT_CONGESTED&NOT_SUSPENDED&NOT_VCN_MANAGED LinkUpBandwidth>=14921Kbps LinkDnBandwidth>=130210Kbps TransportInfo: <SSID: <unknown ssid>, BSSID: 02:00:00:**:**:00, MAC: 02:00:00:**:**:00, IP: /192.168.1.239, Security type: 2, Supplicant state: COMPLETED, Wi-Fi standard: 5, RSSI: -53, Link speed: 780Mbps, Tx Link speed: 780Mbps, Max Supported Tx Link speed: 866Mbps, Rx Link speed: 585Mbps, Max Supported Rx Link speed: 866Mbps, Frequency: 5280MHz, Net ID: -1, Metered hint: false, score: 60, isUsable: true, CarrierMerged: false, SubscriptionId: -1, IsPrimary: 1, Trusted: true, Restricted: false, Ephemeral: false, OEM paid: false, OEM private: false, OSU AP: false, FQDN: <none>, Provider friendly name: <none>, Requesting package name: <none><none>MLO Information: , AP MLD Address: <none>, AP MLO Link Id: <none>, AP MLO Affiliated links: <none>> SignalStrength: -53 AdminUids: [1000] SSID: "Ofer_5G" UnderlyingNetworks: Null]
10-15 00:29:34.106 16370 17038 I WifiConnectivityMonitor: current mode : 1
10-15 00:29:34.106 16370 17038 D OpenNetworkQos[4.00]: updateBssidNoInternet: mBssidNoInternet = false
10-15 00:29:34.107 16370 17038 D OpenNetworkQos[4.00]: getOpenNetworkQosNoInternetStatus: false
10-15 00:29:34.107 16370 17038 D OpenNetworkQos[4.00]: getOpenNetworkQosScores: 20 20 0 
10-15 00:29:34.107 16370 17038 D SettingsProvider: isChangeAllowed() : name = wifi_wcm_qos_sharing_score_summary
10-15 00:29:34.107 16370 17038 I WifiProfileShare: network QoS data was changed (internet), updateQoSData networkType: true, qosData: false
10-15 00:29:34.107 16370 18264 V WifiProfileShare.Caster: update wips network, size: 0
10-15 00:29:34.107 16370 18264 D WifiProfileShare: nearby scanning settings run
10-15 00:29:34.107 16370 18264 D WifiProfileShare: network score provider settings enabled
10-15 00:29:34.107 16370 18264 D OpenNetworkQos[4.00]: getOpenNetworkQosScores: 20 20 0 
10-15 00:29:34.107 16370 18264 D OpenNetworkQos[4.00]: getOpenNetworkQosNoInternetStatus: false
10-15 00:29:34.107 16370 18264 I WifiProfileShare.Caster: current network type: 0, score: [20, 20, 0]
10-15 00:29:34.107 16370 18264 V WifiProfileShare.Cache: update network score 22:b0:01:**:**:03
10-15 00:29:34.107 16370 18264 D WifiProfileShare.ScanMatcher: getMcfDataList size:1
10-15 00:29:34.107 16370 18264 I WifiProfileShare.Caster: qos data was updated , before:type:QOS, pBssid:83:d2:21, qosData:5a after:type:QOS, pBssid:83:d2:21, qosData:5a
10-15 00:29:34.107 16370 18264 D WifiProfileShare.MCF: Fail update QosData, inactive state
10-15 00:29:34.107 16370 18264 E WifiProfileShare.MCF: failed to update password data, not opened
10-15 00:29:34.109 10619 10619 D BoundBrokerSvc: onRebind: Intent { act=com.google.android.gms.common.telemetry.service.START dat=chimera-action:/... cmp=com.google.android.gms/.chimera.PersistentApiService }
10-15 00:29:34.110 10938 11019 I Carnival-NetworkErrorManager(): onAvailable
10-15 00:29:34.111 11251 11911 I HBD     : g onCapabilitiesChanged network : 100 current network state : wifi 
10-15 00:29:34.111 10938 11019 I Carnival-NetworkErrorManager(): onNetworkRecovered
10-15 00:29:34.111 10938 11019 I Carnival-SamsungAccountManager(): onNetworkRecovered
10-15 00:29:34.113 10619 23836 I NullBinder: NullBinder for android.net.action.RECOMMEND_NETWORKS triggering remote TransactionTooLargeException due to Service without Chimera impl, calling uid: 1000, calling pid: 0
10-15 00:29:34.113 10619 23836 W .gms.persistent: Large reply transaction of 1056768 bytes, interface descriptor , code 1
10-15 00:29:34.136 16078 16736 E CamX    : [ERROR][SW_PROC] camxswprocess_tonemap.cpp:310 SWProcessApplyFixedGTM() Invalid values 0.000000 0.000000
10-15 00:29:34.136 16078 16738 I SS_3A   :  INFO: AWB: TsAwb_process_preview: 2242: [start_dbg] HighFPS case, Increase pipeline delay
10-15 00:29:34.136 16078 16738 I SS_3A   :  INFO: AWB: TsAwb_parse_stats: 1616: [stats_dbg] statsBayerGrid startupMode = StatisticsStartUpInvalid, exit now, excute_flag = 1
10-15 00:29:34.136 16078 16739 I SS_3A   :  INFO: AEC: TsAec_process_get_aec_info: 1550: [0][4] algo_out Av=2.273 g=18.171 e_t=0.01999 LLS=0x0 Ev=5.430 Bv=-0.992 PEv=4.008 Cvgd=0 lux=340, lls=0x0, drc=1.000 wide=0
10-15 00:29:34.138 16078 16737 I SehCamDevSession@5.0-impl: [CAMKPI] camera3->process_capture_result : E
10-15 00:29:34.139 16078 16737 I SehCamDevSession@5.0-impl: [CAMKPI] camera3->process_capture_result : X
10-15 00:29:34.139 18370  1531 I CameraLightSensor_Service: open preview end
10-15 00:29:34.142 16073 16124 D Camera3-OutputStream: returnBufferCheckedLocked: First frame for stream 0, width 176, height 144, format 34
10-15 00:29:34.169 16078 16736 E CamX    : [ERROR][SW_PROC] camxswprocess_tonemap.cpp:310 SWProcessApplyFixedGTM() Invalid values 0.000000 3635892605978006984698692185237128999683849698318428318164041717687059038687937757893562393575661237037894308711690829098942698752245706703490289257312184064432710170484095803789240863882689585298354898548024342026165621744467968.000000
10-15 00:29:34.169 16078 16740 I SS_3A   :  INFO: AEC: TsAec_process_get_aec_info: 1550: [0][5] algo_out Av=2.273 g=19.816 e_t=0.03001 LLS=0x0 Ev=4.719 Bv=-0.988 PEv=4.012 Cvgd=0 lux=340, lls=0x0, drc=1.340 wide=0
10-15 00:29:34.173 18370  1531 I CameraLightSensor_Service: open preview end
10-15 00:29:34.202 16078 16740 E CamX    : [ERROR][SW_PROC] camxswprocess_tonemap.cpp:310 SWProcessApplyFixedGTM() Invalid values 0.000000 3635892605978006984698692185237128999683849698318428318164041717687059038687937757893562393575661237037894308711690829098942698752245706703490289257312184064432710170484095803789240863882689585298354898548024342026165621744467968.000000
10-15 00:29:34.203 16078 16737 I SS_3A   :  INFO: AEC: TsAec_process_get_aec_info: 1550: [0][6] algo_out Av=2.273 g=25.284 e_t=0.03001 LLS=0x0 Ev=4.367 Bv=-0.980 PEv=4.020 Cvgd=0 lux=339, lls=0x0, drc=1.501 wide=0
10-15 00:29:34.206 18370  1531 I CameraLightSensor_Service: open preview end
10-15 00:29:34.206 18370  1531 I CameraLightSensor_Service: wrong aEState value =1
10-15 00:29:34.212 11251 11251 I HBD     : g onCapabilityChanged  setNetworkState currentNetworkState : wifi 
10-15 00:29:34.236 16078 16738 E CamX    : [ERROR][SW_PROC] camxswprocess_tonemap.cpp:310 SWProcessApplyFixedGTM() Invalid values 0.000000 3635892605978006984698692185237128999683849698318428318164041717687059038687937757893562393575661237037894308711690829098942698752245706703490289257312184064432710170484095803789240863882689585298354898548024342026165621744467968.000000
10-15 00:29:34.236 16078 16740 I SS_3A   :  INFO: AEC: TsAec_process_get_aec_info: 1550: [0][7] algo_out Av=2.273 g=32.087 e_t=0.03001 LLS=0x0 Ev=4.023 Bv=-0.961 PEv=4.039 Cvgd=0 lux=339, lls=0x0, drc=1.682 wide=0
10-15 00:29:34.240 18370  1531 I CameraLightSensor_Service: open preview end
10-15 00:29:34.240 18370  1531 I CameraLightSensor_Service: wrong aEState value =1
10-15 00:29:34.261 16370 18355 D MotionRecognitionService: values = 50.0
10-15 00:29:34.262 16370 18355 D MotionRecognitionService: onReceive lux: 50.0  action: 
10-15 00:29:34.262 16370 18355 D MotionRecognitionService: Inject brightness form Cam 50.0
10-15 00:29:34.262 16370 18355 D MotionRecognitionService: Inject calibrated lux
10-15 00:29:34.264 16370 22340 D SGM:GameManager: identifyGamePackage. com.sec.android.app.launcher, mCurrentUserId: 0, callerUserId: 0, callingMethodInfo: com.android.server.ssrm.SortingMachine.isGame(SortingMachine.java:162)
10-15 00:29:34.264 16370 22340 D SGM:PkgDataHelper: getGamePkgData(). com.sec.android.app.launcher
10-15 00:29:34.269 16078 16739 E CamX    : [ERROR][SW_PROC] camxswprocess_tonemap.cpp:310 SWProcessApplyFixedGTM() Invalid values 0.000000 3635892605978006984698692185237128999683849698318428318164041717687059038687937757893562393575661237037894308711690829098942698752245706703490289257312184064432710170484095803789240863882689585298354898548024342026165621744467968.000000
10-15 00:29:34.269 16078 16739 I SS_3A   :  INFO: AEC: TsAec_process_get_aec_info: 1550: [0][8] algo_out Av=2.273 g=31.741 e_t=0.03001 LLS=0x0 Ev=4.039 Bv=-0.945 PEv=4.055 Cvgd=0 lux=339, lls=0x0, drc=1.834 wide=0
10-15 00:29:34.273 18370  1531 I CameraLightSensor_Service: open preview end
10-15 00:29:34.274 18370  1531 I CameraLightSensor_Service: wrong aEState value =1
10-15 00:29:34.302 16370 17020 D SemNscXgbMsL1: Probability - Cloud gaming: [0.03208174]
10-15 00:29:34.302 16370 17020 D SemNscXgbMsL1: Probability - Real time: [0.11360466]
10-15 00:29:34.302 16370 17020 D SemNscXgbMsL1: Probability - Non real time: [0.84080505]
10-15 00:29:34.302 16370 17020 D SemNscXgbMsL1: 1 sample inference time: 0.220469 msecs
10-15 00:29:34.302 16078 16737 E CamX    : [ERROR][SW_PROC] camxswprocess_tonemap.cpp:310 SWProcessApplyFixedGTM() Invalid values 0.000000 3635892605978006984698692185237128999683849698318428318164041717687059038687937757893562393575661237037894308711690829098942698752245706703490289257312184064432710170484095803789240863882689585298354898548024342026165621744467968.000000
10-15 00:29:34.302 16370 17020 D SemNscXgbL2Rt: L2 RT 1 sample inference time: 0.344218 msecs
10-15 00:29:34.303 16370 17020 D SemNscXgbL2Nrt: L2 NRT 1 sample inference time: 0.306094 msecs
10-15 00:29:34.303 16078 16738 I SS_3A   :  INFO: AEC: TsAec_process_get_aec_info: 1550: [0][9] algo_out Av=2.273 g=31.570 e_t=0.03001 LLS=0x0 Ev=4.047 Bv=-0.945 PEv=4.055 Cvgd=0 lux=339, lls=0x0, drc=1.952 wide=0
10-15 00:29:34.308 18370  1531 I CameraLightSensor_Service: open preview end
10-15 00:29:34.308 18370  1531 I CameraLightSensor_Service: wrong aEState value =1
10-15 00:29:34.336 16078 16738 E CamX    : [ERROR][SW_PROC] camxswprocess_tonemap.cpp:310 SWProcessApplyFixedGTM() Invalid values 0.000000 3635892605978006984698692185237128999683849698318428318164041717687059038687937757893562393575661237037894308711690829098942698752245706703490289257312184064432710170484095803789240863882689585298354898548024342026165621744467968.000000
10-15 00:29:34.340 18370  1531 I CameraLightSensor_Service: open preview end
10-15 00:29:34.340 18370  1531 I CameraLightSensor_Service: wrong aEState value =1
10-15 00:29:34.369 16078 16738 E CamX    : [ERROR][SW_PROC] camxswprocess_tonemap.cpp:310 SWProcessApplyFixedGTM() Invalid values 0.000000 3635892605978006984698692185237128999683849698318428318164041717687059038687937757893562393575661237037894308711690829098942698752245706703490289257312184064432710170484095803789240863882689585298354898548024342026165621744467968.000000
10-15 00:29:34.374 18370  1531 I CameraLightSensor_Service: open preview end
10-15 00:29:34.374 18370  1531 I CameraLightSensor_Service: wrong aEState value =1
10-15 00:29:34.402 16078 16738 E CamX    : [ERROR][SW_PROC] camxswprocess_tonemap.cpp:310 SWProcessApplyFixedGTM() Invalid values 0.000000 3635892605978006984698692185237128999683849698318428318164041717687059038687937757893562393575661237037894308711690829098942698752245706703490289257312184064432710170484095803789240863882689585298354898548024342026165621744467968.000000
10-15 00:29:34.407 18370  1531 I CameraLightSensor_Service: open preview end
10-15 00:29:34.407 18370  1531 I CameraLightSensor_Service: wrong aEState value =1
10-15 00:29:34.436 16078 16739 E CamX    : [ERROR][SW_PROC] camxswprocess_tonemap.cpp:310 SWProcessApplyFixedGTM() Invalid values 0.000000 3635892605978006984698692185237128999683849698318428318164041717687059038687937757893562393575661237037894308711690829098942698752245706703490289257312184064432710170484095803789240863882689585298354898548024342026165621744467968.000000
10-15 00:29:34.441 18370  1531 I CameraLightSensor_Service: open preview end
10-15 00:29:34.441 18370  1531 I CameraLightSensor_Service: converged or locked aEState value =2
10-15 00:29:34.441 18370  1531 I CameraLightSensor_Service: exposure time=2.9994234E7 EV= 33 BV= -244.0 aEState=2 testPatternMode : 0
10-15 00:29:34.441 18370 18399 I CameraLightSensor_Service: stopTask called, isCameraStopPending : false
10-15 00:29:34.441 16370 18355 D CameraLightSensor_Manager:  Exposure= 33.0 Brightness= -244.0 Total listeners= 1
10-15 00:29:34.441 16370 18355 D MotionRecognitionService: values = 50.0
10-15 00:29:34.441 16370 18355 D MotionRecognitionService: onReceive lux: 50.0  action: 
10-15 00:29:34.441 16370 18355 D MotionRecognitionService: Inject brightness form Cam 50.0
10-15 00:29:34.441 16370 18355 D MotionRecognitionService: Inject calibrated lux
10-15 00:29:34.441 16073 16833 D Camera3-Device: flush: mInterfaceLock.lock()
10-15 00:29:34.441 16073 16833 I Camera3-Device: Creating CameraServiceWatchDog with cycles = 80, cycleLength = 100 ms and Timer = 8000 ms 
10-15 00:29:34.441 16073 16833 I Camera3-Device: CameraServiceWatchDog::watchThread for mRequestThread->flush() with cycles = 80, cycleLength = 100 ms and Timer = 8000 ms 
10-15 00:29:34.441 16073 16833 D HidlCamera3-Device: CameraPerf: flush E
10-15 00:29:34.442 16078  1526 I Unihal  : UniHal3InterfaceEntry.cpp: uni_flush: 479: E
10-15 00:29:34.442 16078  1526 I Unihal  : UniState.cpp: SetIsAlreadyCreated: 182: isAlreadyCreated=0, val=0
10-15 00:29:34.442 16078  1526 I Unihal  : UniState.cpp: transitState: 101: Transiting to state 5
10-15 00:29:34.442 16078  1526 I Unihal  : CameraHalUnit.cpp: Flush: 545: HAL flush - Start
10-15 00:29:34.443 16073 16124 E CameraDeviceClient: notifyError: pid=18370, errorCode=4, errorStreamId=0, frameNumber=10
10-15 00:29:34.443 16073 16124 E CameraDeviceClient: notifyError: pid=18370, skipClientNotification=false
10-15 00:29:34.443 16073 16124 E CameraDeviceClient: notifyError: pid=18370, errorCode=4, errorStreamId=0, frameNumber=11
10-15 00:29:34.443 16073 16124 E CameraDeviceClient: notifyError: pid=18370, skipClientNotification=false
10-15 00:29:34.443 16073 16124 E CameraDeviceClient: notifyError: pid=18370, errorCode=4, errorStreamId=0, frameNumber=12
10-15 00:29:34.443 16073 16124 E CameraDeviceClient: notifyError: pid=18370, skipClientNotification=false
10-15 00:29:34.443 16073 16124 E CameraDeviceClient: notifyError: pid=18370, errorCode=4, errorStreamId=0, frameNumber=13
10-15 00:29:34.443 16073 16124 E CameraDeviceClient: notifyError: pid=18370, skipClientNotification=false
10-15 00:29:34.443 16073 16124 E CameraDeviceClient: notifyError: pid=18370, errorCode=4, errorStreamId=0, frameNumber=14
10-15 00:29:34.443 16073 16124 E CameraDeviceClient: notifyError: pid=18370, skipClientNotification=false
10-15 00:29:34.456 16073 16124 E CameraDeviceClient: notifyError: pid=18370, errorCode=5, errorStreamId=0, frameNumber=9
10-15 00:29:34.457 16073 16124 E CameraDeviceClient: notifyError: pid=18370, skipClientNotification=false
10-15 00:29:34.457 16073 16124 E Camera3-OutputStream: returnBufferCheckedLocked: A frame is dropped for stream 0 frame 9 , due to buffer error.
10-15 00:29:34.457 16073 16124 E CameraDeviceClient: notifyError: pid=18370, errorCode=5, errorStreamId=0, frameNumber=10
10-15 00:29:34.457 16073 16124 E CameraDeviceClient: notifyError: pid=18370, skipClientNotification=false
10-15 00:29:34.457 16073 16124 E Camera3-OutputStream: returnBufferCheckedLocked: A frame is dropped for stream 0 frame 10 , due to buffer error.
10-15 00:29:34.457 16073 16124 E CameraDeviceClient: notifyError: pid=18370, errorCode=5, errorStreamId=0, frameNumber=11
10-15 00:29:34.457 16073 16124 E CameraDeviceClient: notifyError: pid=18370, skipClientNotification=false
10-15 00:29:34.457 16073 16124 E Camera3-OutputStream: returnBufferCheckedLocked: A frame is dropped for stream 0 frame 11 , due to buffer error.
10-15 00:29:34.457 16073 16124 E CameraDeviceClient: notifyError: pid=18370, errorCode=5, errorStreamId=0, frameNumber=12
10-15 00:29:34.457 16073 16124 E CameraDeviceClient: notifyError: pid=18370, skipClientNotification=false
10-15 00:29:34.457 16073 16124 E Camera3-OutputStream: returnBufferCheckedLocked: A frame is dropped for stream 0 frame 12 , due to buffer error.
10-15 00:29:34.457 16073 16124 E CameraDeviceClient: notifyError: pid=18370, errorCode=5, errorStreamId=0, frameNumber=13
10-15 00:29:34.457 16073 16124 E CameraDeviceClient: notifyError: pid=18370, skipClientNotification=false
10-15 00:29:34.457 16073 16124 E Camera3-OutputStream: returnBufferCheckedLocked: A frame is dropped for stream 0 frame 13 , due to buffer error.
10-15 00:29:34.457 16073 16124 E CameraDeviceClient: notifyError: pid=18370, errorCode=5, errorStreamId=0, frameNumber=14
10-15 00:29:34.457 16073 16124 E CameraDeviceClient: notifyError: pid=18370, skipClientNotification=false
10-15 00:29:34.457 16073 16124 E Camera3-OutputStream: returnBufferCheckedLocked: A frame is dropped for stream 0 frame 14 , due to buffer error.
10-15 00:29:34.458 16073  1536 E CameraDeviceClient: notifyError: pid=18370, errorCode=3, errorStreamId=0, frameNumber=15
10-15 00:29:34.458 16073  1536 E CameraDeviceClient: notifyError: pid=18370, skipClientNotification=false
10-15 00:29:34.458 16073  1536 E Camera3-OutputStream: returnBufferCheckedLocked: A frame is dropped for stream 0 frame 15 , due to buffer error.
10-15 00:29:34.458 16073  1536 I Camera3-Status: markComponent: Component 2 is now idle - streamId = 0, format = 0x22(IMPL_DEF), width = 176, height = 144, option = 0x0, type = OUTPUT
10-15 00:29:34.458 16073  1536 I Camera3-IOStreamBase: FpsStats: stream 0, requested=16, received=16, valid=9, invalid=7
10-15 00:29:34.458 16073  1536 I Camera3-Status: markComponent: Component 0 is now idle - InflightRequests
10-15 00:29:34.458 16078  1526 I Unihal  : CameraHalUnit.cpp: Flush: 549: HAL flush - End
10-15 00:29:34.458 16078  1526 I Unihal  : UniState.cpp: transitState: 101: Transiting to state 4
10-15 00:29:34.458 16078  1526 I Unihal  : UniHal3InterfaceEntry.cpp: uni_flush: 489: X (0)
10-15 00:29:34.458 16073  1536 I Camera3-Status: markComponent: Component 1 is now idle - RequestThread
10-15 00:29:34.458 16073 16833 D HidlCamera3-Device: CameraPerf: flush X (16ms)
10-15 00:29:34.458 16073  1535 I CameraService: finishCameraStreamingOps: finish camera streaming ops, package name = com.samsung.adaptivebrightnessgo, client UID = 5021
10-15 00:29:34.458 16073 21207 E CameraDeviceClient: Disconnect from CameraDeviceClient
10-15 00:29:34.458 16073 21207 D CameraDeviceClient: disconnect:stop IT Policy checking thread
10-15 00:29:34.459 16370 20112 E AppOps  : Operation not started: uid=5021 pkg=com.samsung.adaptivebrightnessgo(null) op=CAMERA
10-15 00:29:34.459 16073 21207 D Camera2ClientBase: Camera 3: start to disconnect
10-15 00:29:34.459 16073 21207 D Camera2ClientBase: Camera 3: serializationLock acquired
10-15 00:29:34.459 16073  1535 I CameraServiceProxyWrapper: updateProxyDeviceState: notifyCameraState for Camera ID 3, newState 2, facing 1, clientName com.samsung.adaptivebrightnessgo, apiLevel 2
10-15 00:29:34.459 16073 21207 D Camera2ClientBase: Camera 3: Shutting down
10-15 00:29:34.459 16073 21207 D Camera2ClientBase: Camera 3: start to cacheDump
10-15 00:29:34.459 16370 19710 I CameraManagerGlobal: Camera 3 facing CAMERA_FACING_FRONT state now CAMERA_STATE_IDLE for client com.samsung.adaptivebrightnessgo API Level 2User Id 0
10-15 00:29:34.459 17123 17145 I CameraManagerGlobal: Camera 3 facing CAMERA_FACING_FRONT state now CAMERA_STATE_IDLE for client com.samsung.adaptivebrightnessgo API Level 2User Id 0
10-15 00:29:34.459 17436 17462 I CameraManagerGlobal: Camera 3 facing CAMERA_FACING_FRONT state now CAMERA_STATE_IDLE for client com.samsung.adaptivebrightnessgo API Level 2User Id 0
10-15 00:29:34.459 16370 16878 I RequestInjectorService: Samsung Camera is opened. ignore VT Camera Setting.
10-15 00:29:34.459 18640 18686 I CameraManagerGlobal: Camera 3 facing CAMERA_FACING_FRONT state now CAMERA_STATE_IDLE for client com.samsung.adaptivebrightnessgo API Level 2User Id 0
10-15 00:29:34.459 16370 19710 I CameraManagerGlobal: onCameraDeviceStateChangedLocked: post device state update
10-15 00:29:34.459 18640 18686 I CameraManagerGlobal: onCameraDeviceStateChangedLocked: post device state update
10-15 00:29:34.459 11251 11268 I CameraManagerGlobal: Camera 3 facing CAMERA_FACING_FRONT state now CAMERA_STATE_IDLE for client com.samsung.adaptivebrightnessgo API Level 2User Id 0
10-15 00:29:34.459 17123 18143 D CameraAvailabilityListener: onCameraDeviceStateChanged: id=3, facing=1, state=CAMERA_STATE_IDLE, client=com.samsung.adaptivebrightnessgo
10-15 00:29:34.459 18640 18686 I CameraManagerGlobal: onCameraDeviceStateChangedLocked: post device state update
10-15 00:29:34.459 16370 18313 D AutoRotationHandler: inject auto rotation priority = 0.0
10-15 00:29:34.459 18370 18959 I CameraManagerGlobal: Camera 3 facing CAMERA_FACING_FRONT state now CAMERA_STATE_IDLE for client com.samsung.adaptivebrightnessgo API Level 2User Id 0
10-15 00:29:34.460 16082 16082 I sensors-hal: inject_sensor_data:316, auto_rotation ar_mode:0
10-15 00:29:34.460 16082 16082 I sensors-hal: write_auto_rotation_mode:303, write_auto_rotation_mode ar_mode:0
10-15 00:29:34.460  1100  1100 I SSC_DAEMON: physical_sensor_test_req_msg Sensor type :14, Msg type:15
10-15 00:29:34.460  1100  1100 I SSC_DAEMON: 0.algo_id:3, num:1
10-15 00:29:34.462  1100  1945 I SSC_DAEMON: AR od: 8, 0, 0
10-15 00:29:34.465 16370 16370 D BaseRestrictionMgr: Package: com.samsung.android.scs, userid: 0, hostingType: bindService is allowed by freecess, caller is: android
10-15 00:29:34.469 16370 16370 D Native_CFMS: CFMS Delete Task Tid(-1)
10-15 00:29:34.470 31352 31924 I SCS@AiSearch user 0: (AppsDataWorker) [androidx.work-4] entering in doWork():  
10-15 00:29:34.470 31352 31924 I SCS@AiSearch user 0: (AppsDataObserver) [androidx.work-4] entering in execute():  
10-15 00:29:34.470 31352 31924 I SCS@AiSearch user 0: (AppsDataObserver-CMD_UPDATE_LIST) changed package count: 1
10-15 00:29:34.557 16092  1493 I HYPER-HAL: [ResourceManager.cpp]removeResource(): [CPUMaxFreq] RemoveResource Request ID : 173957890
10-15 00:29:34.557 16092  1493 I HYPER-HAL: [RequestManager.cpp]releaseLocked(): Released ID : 173957890
10-15 00:29:34.589 16073 21207 E Camera2-FrameProcessorBase: removeListener: 
10-15 00:29:34.591 16073 21207 D Camera3-Device: flush: mInterfaceLock.lock()
10-15 00:29:34.591 16073 21207 I Camera3-Device: Creating CameraServiceWatchDog with cycles = 80, cycleLength = 100 ms and Timer = 8000 ms 
10-15 00:29:34.591 16073 21207 I Camera3-Device: CameraServiceWatchDog::watchThread for mRequestThread->flush() with cycles = 80, cycleLength = 100 ms and Timer = 8000 ms 
10-15 00:29:34.591 16073 21207 D HidlCamera3-Device: CameraPerf: flush E
10-15 00:29:34.592 16078  1526 I Unihal  : UniHal3InterfaceEntry.cpp: uni_flush: 479: E
10-15 00:29:34.592 16078  1526 I Unihal  : UniState.cpp: SetIsAlreadyCreated: 182: isAlreadyCreated=0, val=0
10-15 00:29:34.592 16078  1526 I Unihal  : UniState.cpp: transitState: 101: Transiting to state 5
10-15 00:29:34.592 16078  1526 I Unihal  : CameraHalUnit.cpp: Flush: 545: HAL flush - Start
10-15 00:29:34.592 16078  1526 I Unihal  : CameraHalUnit.cpp: Flush: 549: HAL flush - End
10-15 00:29:34.592 16078  1526 I Unihal  : UniState.cpp: transitState: 101: Transiting to state 4
10-15 00:29:34.592 16078  1526 I Unihal  : UniHal3InterfaceEntry.cpp: uni_flush: 489: X (0)
10-15 00:29:34.592 16073 21207 D HidlCamera3-Device: CameraPerf: flush X (0ms)
10-15 00:29:34.592 16073 21207 D Camera3-Device: waitUntilDrainedLocked: Camera 3: Waiting until idle (5000000000ns)
10-15 00:29:34.592 16073 21207 D Camera3-Device: waitUntilDrained: mInterfaceLock.unlock()
10-15 00:29:34.592 16073 21207 I Camera3-Device: disconnectImpl: E
10-15 00:29:34.592 16073 21207 I CameraLatencyHistogram: ProcessCaptureRequest latency histogram (16) samples:
10-15 00:29:34.592 16073 21207 I CameraLatencyHistogram:        40     80    120    160    200    240    280    320    360    inf (max ms)
10-15 00:29:34.592 16073 21207 I CameraLatencyHistogram:      81.25   12.50   6.25   0.00   0.00   0.00   0.00   0.00   0.00   0.00 (%)
10-15 00:29:34.592 16073 21207 I Camera3-Device: CameraServiceWatchDog::watchThread for interface->close() with cycles = 100, cycleLength = 100 ms and Timer = 10000 ms 
10-15 00:29:34.592 16073 21207 D HidlCamera3-Device: CameraPerf: close E
10-15 00:29:34.592 16078  1526 I Unihal  : UniHal3InterfaceEntry.cpp: uni_close_camera_hardware: 557: E
10-15 00:29:34.592 16078  1526 I Unihal  : UniState.cpp: transitState: 101: Transiting to state 7
10-15 00:29:34.592 16078  1526 I Unihal  : CameraHalManager.cpp: CloseCamera: 275: HAL close - Start
10-15 00:29:34.593   632   632 I hwservicemanager: getTransport: Cannot find entry vendor.display.config@1.9::IDisplayConfig/default in either framework or device VINTF manifest.
10-15 00:29:34.593 16078  1526 E CamX    : [ERROR][FORMAT ] camxdisplayconfig.cpp:124 Initialize() IDisplayConfig service is NULL, version 1.9
10-15 00:29:34.610 16078  1526 E CamX    : [ERROR][FD     ] camxfdhwnode.cpp:108 ReleaseResources() Recycling the buffers modeBitMask: 1
10-15 00:29:34.612 16078  1526 E CamX    : [ERROR][SENSOR ] camxsensornode.cpp:243 ReleaseOneSubDevice() Released CameraId=1 CSLSession=0x8b0200 refCount=1 SubdeviceType=1 subDevHandle=0x760105
10-15 00:29:34.613 10619  1549 I NearbySharing: Network state changed: NetworkState(isRestricted=false, isOnline=true, isCongested=false, isMetered=false, isWifiConnected=true)
10-15 00:29:34.617 16078  1526 E CamX    : [ERROR][SENSOR ] camxsensornode.cpp:243 ReleaseOneSubDevice() Released CameraId=1 CSLSession=0x8b0200 refCount=0 SubdeviceType=0 subDevHandle=0x270101
10-15 00:29:34.618 16078  1526 I SS_3A   :  INFO: AEC: TsAECDestroy: 269: overrideCameraClose in AECDestroy Camera close mask 2 
10-15 00:29:34.618 16078  1526 I SS_3A   :  INFO: AEC: TsAECDestroy: 275: pCameraInfo->cameraid in AECDestroy 1
10-15 00:29:34.618 16078  1526 I SS_3A   :  INFO: AEC: TsAECDestroy: 297: TsAECDestroy (refcnt:1 cameraId 1 overrideCameraClose 1 lensFacing: 0 pAECAlgorithm 0xb40000739414ac70 pAECSingletonWrapper->pAECSingleton 0xb40000739414ac70
10-15 00:29:34.618 16078  1526 I SS_3A   :  INFO: AEC: TsAECDestroy: 306: [0]pAECSingleton destroy is 0xb40000739414ac70 0xb40000739414ac70
10-15 00:29:34.618 16078  1526 W RefBase : CallStack::getCurrentInternal not linked, returning null
10-15 00:29:34.618 16078  1526 W RefBase : CallStack::logStackInternal not linked
10-15 00:29:34.618 16078  1526 I SS_3A   :  INFO: AEC: TsAecFront_unload_lib: 160: TsAec_libptr=0xcf29b2153d661141
10-15 00:29:34.618 16078  1526 I SS_3A   :  INFO: AWB: TsAwbDestroy: 278: overrideCameraClose in AWBDestroy 2
10-15 00:29:34.618 16078  1526 I SS_3A   :  INFO: AWB: TsAwbDestroy: 284: cameraId in AWBDestroy 1
10-15 00:29:34.618 16078  1526 I SS_3A   :  INFO: AWB: TsAwbDestroy: 306: TsAwbDestroy (refcnt:1 cameraId 1 overrideCameraClose 1 lensFacing 0 pAWBSingletonWrapper->pAWB 0xb40000739414ac20
10-15 00:29:34.618 16078  1526 I SS_3A   :  INFO: AWB: TsAwbDestroy: 314: Destroy AWBAlgorithm, pAWB 0xb40000739414ac20
10-15 00:29:34.618 16078  1526 I SS_3A   :  INFO:  AF: TsAFDestroy: 250: Destroy (refcnt:1 cameraId 1 overrideCameraClose 1 lensFacing 0 pAFAlgorithm 0xb40000739414ad60 pAFSingletonWrapper->pAFSingleton 0xb40000739414ad60 TeleCameraInit 0
10-15 00:29:34.618 16078  1526 I SS_3A   :  INFO:  AF: TsAf_deinit_front: 2396: TsAf_wrap: 0xb4000073694b4cc0, E
10-15 00:29:34.618 16078  1526 I SS_3A   : 
10-15 00:29:34.618 16078  1526 I SS_3A   :  INFO:  AF: TsAf_deinit_front: 2414:  X
10-15 00:29:34.618 16078  1526 I SS_3A   : 
10-15 00:29:34.626 16078  1526 I CamX    : [ INFO][CORE   ] camxchitintlessinterface.cpp:71 TintlessAlgoDestory() Tintless Algo Destroy
10-15 00:29:34.633 16078  1526 I CVP     : File: vendor/qcom/proprietary/cv-noship/cvp2/src/cpu/cvpPvtUtils.cpp Line: 163 Function: cvpSetPower() Msg: Update power to KMD
10-15 00:29:34.633 16078  1526 I CVP     : File: vendor/qcom/proprietary/cv-noship/cvp2/src/cpu/cvpPower.cpp Line: 84 Function: cvpPrintPower() Msg: Actual      Clock: Fdu 0, Ica 0, Od 0, Mpu 0, Fw 0
10-15 00:29:34.633 16078  1526 I CVP     : File: vendor/qcom/proprietary/cv-noship/cvp2/src/cpu/cvpPower.cpp Line: 88 Function: cvpPrintPower() Msg: Operational Clock: Fdu 0, Ica 0, Od 0, Mpu 0, Fw 0
10-15 00:29:34.633 16078  1526 I CVP     : File: vendor/qcom/proprietary/cv-noship/cvp2/src/cpu/cvpPower.cpp Line: 90 Function: cvpPrintPower() Msg: Actual     Bw: Ddr 0, SysCache 0
10-15 00:29:34.633 16078  1526 I CVP     : File: vendor/qcom/proprietary/cv-noship/cvp2/src/cpu/cvpPower.cpp Line: 92 Function: cvpPrintPower() Msg: Opeational Bw: Ddr 0, SysCache 0
10-15 00:29:34.633 16078  1526 I CVP     : File: vendor/qcom/proprietary/cv-noship/cvp2/src/cpu/cvpPower.cpp Line: 1602 Function: cvpDeaggreatePower() Msg: After deaggregation
10-15 00:29:34.633 16078  1526 I CVP     : File: vendor/qcom/proprietary/cv-noship/cvp2/src/cpu/cvpPower.cpp Line: 84 Function: cvpPrintPower() Msg: Actual      Clock: Fdu 0, Ica 0, Od 0, Mpu 0, Fw 0
10-15 00:29:34.633 16078  1526 I CVP     : File: vendor/qcom/proprietary/cv-noship/cvp2/src/cpu/cvpPower.cpp Line: 88 Function: cvpPrintPower() Msg: Operational Clock: Fdu 0, Ica 0, Od 0, Mpu 0, Fw 0
10-15 00:29:34.633 16078  1526 I CVP     : File: vendor/qcom/proprietary/cv-noship/cvp2/src/cpu/cvpPower.cpp Line: 90 Function: cvpPrintPower() Msg: Actual     Bw: Ddr 0, SysCache 0
10-15 00:29:34.633 16078  1526 I CVP     : File: vendor/qcom/proprietary/cv-noship/cvp2/src/cpu/cvpPower.cpp Line: 92 Function: cvpPrintPower() Msg: Opeational Bw: Ddr 0, SysCache 0
10-15 00:29:34.639 16078  1541 I CHIUSECASE: [CONFIG ] chxextensionmodule.cpp:4194 RequestThreadProcessing() Terminating recovery thread for logical cameraId: 1
10-15 00:29:34.640 16073 21207 I CameraProviderManager: Camera device device@3.5/legacy/3 torch status is now AVAILABLE_OFF
10-15 00:29:34.640 16073 21207 I CameraService: onTorchStatusChangedLocked: Torch status changed for cameraId=3, newStatus=1
10-15 00:29:34.640 16073 21207 E CameraService: onTorchStatusChangedLocked: cannot get torch status of camera 3: No such file or directory (-2)
10-15 00:29:34.640 16078  1526 I Unihal  : CameraHalManager.cpp: CloseCamera: 279: HAL close - End
10-15 00:29:34.640 16078  1526 I Unihal  : UniState.cpp: SetIsAlreadyCreated: 182: isAlreadyCreated=0, val=0
10-15 00:29:34.640 16078  1526 I Unihal  : FwkCaptureManager.cpp: Release: 166: Already released.
10-15 00:29:34.640 16078  1526 I Unihal  : UniHal3InterfaceEntry.cpp: uni_close_camera_hardware: 571: X (0)
10-15 00:29:34.640 16073 21207 D HidlCamera3-Device: CameraPerf: close X (48ms)
10-15 00:29:34.640 16073 21207 D Camera3-OutputStream: disconnectLocked: disconnecting stream 0 from native window
10-15 00:29:34.642 16370 18355 D MotionRecognitionService: values = 50.0
10-15 00:29:34.642 16370 18355 D MotionRecognitionService: onReceive lux: 50.0  action: 
10-15 00:29:34.642 16370 18355 D MotionRecognitionService: Inject brightness form Cam 50.0
10-15 00:29:34.642 16370 18355 D MotionRecognitionService: Inject calibrated lux
10-15 00:29:34.643 16073 21207 I CameraLatencyHistogram: Stream 0 dequeueBuffer latency histogram (16) samples:
10-15 00:29:34.643 16073 21207 I CameraLatencyHistogram:         5     10     15     20     25     30     35     40     45    inf (max ms)
10-15 00:29:34.643 16073 21207 I CameraLatencyHistogram:      100.00   0.00   0.00   0.00   0.00   0.00   0.00   0.00   0.00   0.00 (%)
10-15 00:29:34.643 16073 21207 I CameraLatencyHistogram: Stream 0 enqueueBuffer latency histogram (9) samples:
10-15 00:29:34.643 16073 21207 I CameraLatencyHistogram:         5     10     15     20     25     30     35     40     45    inf (max ms)
10-15 00:29:34.643 16073 21207 I CameraLatencyHistogram:      100.00   0.00   0.00   0.00   0.00   0.00   0.00   0.00   0.00   0.00 (%)
10-15 00:29:34.643 16073 21207 I Camera3-Device: disconnectImpl: X
10-15 00:29:34.643 16073 21207 I CameraServiceProxyWrapper: updateProxyDeviceState: notifyCameraState for Camera ID 3, newState 3, facing 1, clientName com.samsung.adaptivebrightnessgo, apiLevel 2
10-15 00:29:34.643 16073 21207 I Camera3-Device: setDeviceInjector
10-15 00:29:34.643 16073 21207 D CameraService: BasicClient::disconnect E
10-15 00:29:34.643 16073 21207 I CameraService: this package is a adaptive brightness app.
10-15 00:29:34.643 16073 21207 I CameraService: finishCameraOps: Finish camera ops, package name = com.samsung.adaptivebrightnessgo, client UID = 5021
10-15 00:29:34.643 16073 21207 I CameraService: this package is a adaptive brightness app.
10-15 00:29:34.643 16073 21207 I CameraService: Drop updateStatus callbak for package com.samsung.adaptivebrightnessgo(pid 18370)
10-15 00:29:34.643 16370 20112 I CameraManagerGlobal: Camera 3 facing CAMERA_FACING_FRONT state now CAMERA_STATE_CLOSED for client com.samsung.adaptivebrightnessgo API Level 2User Id 0
10-15 00:29:34.643 17123 17145 I CameraManagerGlobal: Camera 3 facing CAMERA_FACING_FRONT state now CAMERA_STATE_CLOSED for client com.samsung.adaptivebrightnessgo API Level 2User Id 0
10-15 00:29:34.643 17436 17462 I CameraManagerGlobal: Camera 3 facing CAMERA_FACING_FRONT state now CAMERA_STATE_CLOSED for client com.samsung.adaptivebrightnessgo API Level 2User Id 0
10-15 00:29:34.644 16370 20112 I CameraManagerGlobal: onCameraDeviceStateChangedLocked: post device state update
10-15 00:29:34.644 17123 18143 D CameraAvailabilityListener: onCameraDeviceStateChanged: id=3, facing=1, state=CAMERA_STATE_CLOSED, client=com.samsung.adaptivebrightnessgo
10-15 00:29:34.644 11251 11268 I CameraManagerGlobal: Camera 3 facing CAMERA_FACING_FRONT state now CAMERA_STATE_CLOSED for client com.samsung.adaptivebrightnessgo API Level 2User Id 0
10-15 00:29:34.644 18640 18686 I CameraManagerGlobal: Camera 3 facing CAMERA_FACING_FRONT state now CAMERA_STATE_CLOSED for client com.samsung.adaptivebrightnessgo API Level 2User Id 0
10-15 00:29:34.644 18640 18686 I CameraManagerGlobal: onCameraDeviceStateChangedLocked: post device state update
10-15 00:29:34.644 18640 18686 I CameraManagerGlobal: onCameraDeviceStateChangedLocked: post device state update
10-15 00:29:34.644 16370 16878 I RequestInjectorService: Samsung Camera is opened. ignore VT Camera Setting.
10-15 00:29:34.644 16073 21207 I CameraFlashlight: deviceClosed: device 3 is closed
10-15 00:29:34.644 16073 21207 I CameraService: disconnect: Disconnected client for camera 3 for PID 18370
10-15 00:29:34.644 16073 21207 D CameraService: BasicClient::disconnect X
10-15 00:29:34.644 18370 18399 I CameraLightSensor_Service: Camera released, time taken= 653 cameraLock= true
10-15 00:29:34.644 18370 18959 I CameraManagerGlobal: Camera 3 facing CAMERA_FACING_FRONT state now CAMERA_STATE_CLOSED for client com.samsung.adaptivebrightnessgo API Level 2User Id 0
10-15 00:29:34.644 18370 18399 I CameraLightSensor_Service: stopBackgroundThread : mBackgroundHandler is set to null
10-15 00:29:34.672 16092  1461 I HYPER-HAL: [RequestManager.cpp]releaseLocked(): Released ID : 2251382
10-15 00:29:34.684 16370 19521 D SemWifiUsabilityStatsMonitor: onWifiUsabilityStats - seqNum 12225, isSameBssidAndFreq true
10-15 00:29:34.684 16370 17022 I SemWifiLinkQualityMonitor: Link Qos Query: 0.011 ms / 718.389 Mbps (866 / 0.002 / 1.033)
10-15 00:29:34.750 16092  1527 I HYPER-HAL: [ResourceManager.cpp]removeResource(): [CPUMaxFreq] RemoveResource Request ID : 173976544
10-15 00:29:34.750 16092  1527 I HYPER-HAL: [RequestManager.cpp]releaseLocked(): Released ID : 173976544
10-15 00:29:34.761   698   698 D io_stats: !@   8,0 r 2207330 67976316 w 1474932 138819424 d 633272 166075656 f 0 0 iot 1319108 0 th 0 0 0 pt 0 inp 0 0 353165.394
10-15 00:29:34.803 16370 17020 D SemNscXgbMsL1: Probability - Cloud gaming: [0.02215747]
10-15 00:29:34.803 16370 17020 D SemNscXgbMsL1: Probability - Real time: [0.097483955]
10-15 00:29:34.803 16370 17020 D SemNscXgbMsL1: Probability - Non real time: [0.83869475]
10-15 00:29:34.803 16370 17020 D SemNscXgbMsL1: 1 sample inference time: 0.20448 msecs
10-15 00:29:34.803 16370 17020 D SemNscXgbL2Rt: L2 RT 1 sample inference time: 0.389895 msecs
10-15 00:29:34.804 16370 17020 D SemNscXgbL2Nrt: L2 NRT 1 sample inference time: 0.299531 msecs
10-15 00:29:34.842 16370 18355 D MotionRecognitionService: values = 50.0
10-15 00:29:34.842 16370 18355 D MotionRecognitionService: onReceive lux: 50.0  action: 
10-15 00:29:34.842 16370 18355 D MotionRecognitionService: Inject brightness form Cam 50.0
10-15 00:29:34.842 16370 18355 D MotionRecognitionService: Inject calibrated lux
10-15 00:29:34.920 16082 15939 I sensors-hal: handle_sns_client_event:252, auto_rotation_debug_2 mode,255, type,1,0 acc,0.278,0.328,9.902, ar,0, ver,10
10-15 00:29:35.042 16370 18355 D MotionRecognitionService: values = 50.0
10-15 00:29:35.042 16370 18355 D MotionRecognitionService: onReceive lux: 50.0  action: 
10-15 00:29:35.042 16370 18355 D MotionRecognitionService: Inject brightness form Cam 50.0
10-15 00:29:35.042 16370 18355 D MotionRecognitionService: Inject calibrated lux
10-15 00:29:35.120  1044  1109 E ANDR-PERF-UTIL: Failed to update node /proc/1497/sched_boost with value 0
10-15 00:29:35.120  1044  1109 E ANDR-PERF-OPTSHANDLER: can't reset task 1497
10-15 00:29:35.120  1044  1109 E ANDR-PERF-RESOURCEQS: Failed to reset optimization [3, 32]
10-15 00:29:35.216 16082 15936 I sensors-hal: handle_sns_std_sensor_event:206, Phy Lux 19 Cam Lux 50, br 88
10-15 00:29:35.217 16082 15936 I sensors-hal: handle_sns_std_sensor_event:213, [SSC_LIGHT] P: 19(19),m:2,a:76,b:0,c:19,d:0,ag:20,dg:16,it:384,br:88
10-15 00:29:35.242 16370 18355 D MotionRecognitionService: values = 50.0
10-15 00:29:35.242 16370 18355 D MotionRecognitionService: onReceive lux: 50.0  action: 
10-15 00:29:35.242 16370 18355 D MotionRecognitionService: Inject brightness form Cam 50.0
10-15 00:29:35.242 16370 18355 D MotionRecognitionService: Inject calibrated lux
10-15 00:29:35.300 31352 31924 I g       : BloomFilterSize:- 2259199
10-15 00:29:35.304 16370 17020 D SemNscXgbMsL1: Probability - Cloud gaming: [0.03485191]
10-15 00:29:35.304 16370 17020 D SemNscXgbMsL1: Probability - Real time: [0.1464079]
10-15 00:29:35.304 16370 17020 D SemNscXgbMsL1: Probability - Non real time: [0.8220407]
10-15 00:29:35.304 16370 17020 D SemNscXgbMsL1: 1 sample inference time: 0.199531 msecs
10-15 00:29:35.305 16370 17020 D SemNscXgbL2Rt: L2 RT 1 sample inference time: 0.344271 msecs
10-15 00:29:35.305 16370 17020 D SemNscXgbL2Nrt: L2 NRT 1 sample inference time: 0.290156 msecs
10-15 00:29:35.356 31352 31924 I f       : Category not present in BloomFilter, Checking in Manifest:- com.exampleapp
10-15 00:29:35.357 31352 31924 I f       : Category not found in BF and Manifest for pkg :- com.exampleapp
10-15 00:29:35.357 16370 19710 D CompatibilityChangeReporter: Compat change id reported: 161252188; UID 10332; state: DISABLED
10-15 00:29:35.363 31352 31924 I SCS@AiSearch user 0: (IndexManager) [androidx.work-4] entering in updateIndex():  
10-15 00:29:35.363 31352 31924 I SCS@AiSearch user 0: (IndexManager) [UPDATE] index=com.samsung.android.apps, size=1, documents=[com.exampleapp@0@com.exampleapp.MainActivity]
10-15 00:29:35.364 31352 31924 I SCS@AiSearch user 0: (IndexManager) [androidx.work-4] entering in updateDocumentList():  index: com.samsung.android.apps, updateList.size:1
10-15 00:29:35.364 31352 31924 I SCS@AiSearch user 0: (IndexManager) getIndexWriter(): indexName com.samsung.android.apps
10-15 00:29:35.379 31352 31924 I SCS@AiSearch user 0: (IndexManager) [UPDATE] Done indexName: com.samsung.android.apps updateList.size():1
10-15 00:29:35.379 31352 31924 I SCS@AiSearch user 0: (IndexSearcherManager) [androidx.work-4] entering in refreshSearcherManager():  refreshSearcherManager for com.samsung.android.apps
10-15 00:29:35.442 16370 18355 D MotionRecognitionService: values = 50.0
10-15 00:29:35.442 16370 18355 D MotionRecognitionService: onReceive lux: 50.0  action: 
10-15 00:29:35.442 16370 18355 D MotionRecognitionService: Inject brightness form Cam 50.0
10-15 00:29:35.442 16370 18355 D MotionRecognitionService: Inject calibrated lux
10-15 00:29:35.442 31352 31924 I SCS@AiSearch user 0: (IndexSearcherManager) [androidx.work-4] leaving from refreshSearcherManager():  
10-15 00:29:35.442 31352 31924 I SCS@AiSearch user 0: (IndexManager) [androidx.work-4] leaving from updateIndex, result = true():  
10-15 00:29:35.442 31352 31714 I SCS@AiSearch user 0: (IndexManager) [pool-14-thread-1] entering in commitIndexWriter():  
10-15 00:29:35.442 31352 31924 I SCS@AiSearch user 0: (AppsDataObserver) [androidx.work-4] leaving from execute():  result is true
10-15 00:29:35.442 31352 31924 I SCS@AiSearch user 0: (AppsDataWorker) [androidx.work-4] leaving from doWork():  
10-15 00:29:35.444 31352 31381 I WM-WorkerWrapper: Worker result SUCCESS for Work [ id=a50a28e6-6574-441e-9fd1-f04295100ea9, tags={ com.samsung.android.scs.ai.search.scheduling.workers.AppsDataWorker, CMD_UPDATE_LIST } ]
10-15 00:29:35.456 31352 31714 I SCS@AiSearch user 0: (IndexManager) [pool-14-thread-1] leaving from commitIndexWriter():  
10-15 00:29:35.641 16370 18355 D MotionRecognitionService: values = 50.0
10-15 00:29:35.642 16370 18355 D MotionRecognitionService: onReceive lux: 50.0  action: 
10-15 00:29:35.642 16370 18355 D MotionRecognitionService: Inject brightness form Cam 50.0
10-15 00:29:35.642 16370 18355 D MotionRecognitionService: Inject calibrated lux
10-15 00:29:35.806 16370 17020 D SemNscXgbMsL1: Probability - Cloud gaming: [0.018536286]
10-15 00:29:35.806 16370 17020 D SemNscXgbMsL1: Probability - Real time: [0.17281425]
10-15 00:29:35.806 16370 17020 D SemNscXgbMsL1: Probability - Non real time: [0.85180455]
10-15 00:29:35.806 16370 17020 D SemNscXgbMsL1: 1 sample inference time: 0.346979 msecs
10-15 00:29:35.807 16370 17020 D SemNscXgbL2Rt: L2 RT 1 sample inference time: 0.517135 msecs
10-15 00:29:35.807 16370 17020 D SemNscXgbL2Nrt: L2 NRT 1 sample inference time: 0.495781 msecs
10-15 00:29:35.842 16370 18355 D MotionRecognitionService: values = 50.0
10-15 00:29:35.842 16370 18355 D MotionRecognitionService: onReceive lux: 50.0  action: 
10-15 00:29:35.842 16370 18355 D MotionRecognitionService: Inject brightness form Cam 50.0
10-15 00:29:35.842 16370 18355 D MotionRecognitionService: Inject calibrated lux
10-15 00:29:36.042 16370 18355 D MotionRecognitionService: values = 50.0
10-15 00:29:36.042 16370 18355 D MotionRecognitionService: onReceive lux: 50.0  action: 
10-15 00:29:36.042 16370 18355 D MotionRecognitionService: Inject brightness form Cam 50.0
10-15 00:29:36.042 16370 18355 D MotionRecognitionService: Inject calibrated lux
10-15 00:29:36.058 16370 17688 I SemDvfsHyPerManager: acquire hyper - AMS_RESUME_TAIL/16370@17, type = -999
10-15 00:29:36.058 16370 17688 I SemDvfsHyPerManager: acquire hyper - AMS_ACT_LAZY/16370@18, type = -999
10-15 00:29:36.058 16370 17688 D ActivityManagerPerformance: AMP_acquire() TAIL
10-15 00:29:36.058 16370 17688 D ActivityManagerPerformance: AMP_release() APP_SWITCH
10-15 00:29:36.058 16092 16114 I HYPER-HAL: [RequestManager.cpp]acquire(): Acquired ID : 134275095  [16370 / 17]    HINT : AMS_RESUME_TAIL    list : 
10-15 00:29:36.061 16092 16114 I HYPER-HAL: [ResourceManager.cpp]updateResource(): [CPUMinFreq] UpdateResource Request ID : 134275095    Value : 1747200
10-15 00:29:36.062 16092 16114 I HYPER-HAL: [RequestManager.cpp]acquire(): Acquired ID : 134291484  [16370 / 18]    HINT : AMS_ACT_LAZY    list : 
10-15 00:29:36.063 16092 16114 I HYPER-HAL: [ResourceManager.cpp]removeResource(): [CPULittleMinFreq] RemoveResource Request ID : 134439030
10-15 00:29:36.065 16092 16114 I HYPER-HAL: [ResourceManager.cpp]removeResource(): [CPUMinFreq] RemoveResource Request ID : 134439030
10-15 00:29:36.065 16092 16114 I HYPER-HAL: [RequestManager.cpp]releaseLocked(): Released ID : 134439030
10-15 00:29:36.069 11377 11507 D KnoxHelper: getActivityList callingUserId: 0, target user: 0
10-15 00:29:36.242 16370 18355 D MotionRecognitionService: values = 50.0
10-15 00:29:36.242 16370 18355 D MotionRecognitionService: onReceive lux: 50.0  action: 
10-15 00:29:36.242 16370 18355 D MotionRecognitionService: Inject brightness form Cam 50.0
10-15 00:29:36.242 16370 18355 D MotionRecognitionService: Inject calibrated lux
10-15 00:29:36.296 16370 17020 I SemWifiServiceDetector: Traff. tracking stopped
10-15 00:29:36.363 16092  1564 I HYPER-HAL: [ResourceManager.cpp]removeResource(): [CPUMinFreq] RemoveResource Request ID : 134275095
10-15 00:29:36.364 16092  1564 I HYPER-HAL: [RequestManager.cpp]releaseLocked(): Released ID : 134275095
10-15 00:29:36.443 16370 18355 D MotionRecognitionService: values = 50.0
10-15 00:29:36.444 16370 18355 D MotionRecognitionService: onReceive lux: 50.0  action: 
10-15 00:29:36.444 16370 18355 D MotionRecognitionService: Inject brightness form Cam 50.0
10-15 00:29:36.444 16370 18355 D MotionRecognitionService: Inject calibrated lux
10-15 00:29:36.499  1006 18167 I vendor.qti.bluetooth@1.0-ibs_handler: ProcessIbsCmd: Received IBS_WAKE_IND: 0xFD
10-15 00:29:36.500  1006 18167 D vendor.qti.bluetooth@1.0-ibs_handler: SerialClockVote: vote for UART CLK ON
10-15 00:29:36.500  1006 18167 D vendor.qti.bluetooth@1.0-wake_lock: Acquire wakelock is acquired 
10-15 00:29:36.500  1006 18167 I vendor.qti.bluetooth@1.0-ibs_handler: ProcessIbsCmd: Writing IBS_WAKE_ACK
10-15 00:29:36.510 17377 17563 D BtGatt.GattService: onScanResult to scannerId: 6- eventType=0x10, addressType=1, address=18C42E_8, primaryPhy=1, secondaryPhy=0, advertisingSid=0xff, txPower=127, rssi=-44, periodicAdvInt=0x0
10-15 00:29:36.587 16370 18661 E TaskPersister: File error accessing recents directory (directory doesn't exist?).
10-15 00:29:36.590  1006 18167 I vendor.qti.bluetooth@1.0-ibs_handler: ProcessIbsCmd: Received IBS_SLEEP_IND: 0xFE
10-15 00:29:36.590  1006 18167 D vendor.qti.bluetooth@1.0-ibs_handler: SerialClockVote: vote for UART CLK OFF
10-15 00:29:36.644 16370 18355 D MotionRecognitionService: values = 50.0
10-15 00:29:36.644 16370 18355 D MotionRecognitionService: onReceive lux: 50.0  action: 
10-15 00:29:36.645 16370 18355 D MotionRecognitionService: Inject brightness form Cam 50.0
10-15 00:29:36.645 16370 18355 D MotionRecognitionService: Inject calibrated lux
10-15 00:29:36.741  1006 17895 D vendor.qti.bluetooth@1.0-wake_lock: Release wakelock is released 
10-15 00:29:36.763   698   698 D io_stats: !@   8,0 r 2207331 67976340 w 1475129 138844220 d 633400 166079024 f 0 0 iot 1319268 0 th 0 0 0 pt 0 inp 0 0 353167.395
10-15 00:29:36.846 16370 18355 D MotionRecognitionService: values = 50.0
10-15 00:29:36.846 16370 18355 D MotionRecognitionService: onReceive lux: 50.0  action: 
10-15 00:29:36.846 16370 18355 D MotionRecognitionService: Inject brightness form Cam 50.0
10-15 00:29:36.846 16370 18355 D MotionRecognitionService: Inject calibrated lux
10-15 00:29:37.049 16370 18355 D MotionRecognitionService: values = 50.0
10-15 00:29:37.049 16370 18355 D MotionRecognitionService: onReceive lux: 50.0  action: 
10-15 00:29:37.050 16370 18355 D MotionRecognitionService: Inject brightness form Cam 50.0
10-15 00:29:37.050 16370 18355 D MotionRecognitionService: Inject calibrated lux
10-15 00:29:37.068 10663 10730 I QuickstepModelDelegate: Widget predictions updated
