10-15 00:29:32.712 10663 10729 I SuggestedItemsFacade: DPS items : YT Music, ComponentInfo{com.google.android.apps.youtube.music/com.google.android.apps.youtube.music.activities.MusicActivity}
10-15 00:29:32.712 10663 10729 I SuggestedItemsFacade: DPS items : ExampleApp, ComponentInfo{com.exampleapp/com.exampleapp.MainActivity}
10-15 00:29:32.712 10663 10729 I SuggestedItemsFacade: DPS items : Facebook, ComponentInfo{com.facebook.katana/com.facebook.katana.LoginActivity}
10-15 00:29:32.712 10663 10729 I SuggestedItemsFacade: DPS items : Play Store, ComponentInfo{com.android.vending/com.android.vending.AssetBrowserActivity}
10-15 00:29:32.712 10663 10729 I SuggestedItemsFacade: DPS items : Chrome, ComponentInfo{com.android.chrome/com.google.android.apps.chrome.Main}
10-15 00:29:32.712 10663 10729 I SuggestedItemsFacade: DPS items : Gmail, ComponentInfo{com.google.android.gm/com.google.android.gm.ConversationListActivityGmail}
10-15 00:29:32.712 10663 10729 I SuggestedItemsFacade: DPS items : Outlook, ComponentInfo{com.microsoft.office.outlook/com.microsoft.office.outlook.MainActivity}
10-15 00:29:32.712 10663 10729 I SuggestedItemsFacade: DPS items : YouTube, ComponentInfo{com.google.android.youtube/com.google.android.youtube.app.honeycomb.Shell$HomeActivity}
10-15 00:29:32.712  3067  3067 E Routine@Core[4.2.00.52]: RoutineDataMigrator: addHiddenAttributeForOldTag() ActionMeta with oldTag(flash) does not exist.
10-15 00:29:32.714  3067  3067 E Routine@Core[4.2.00.52]: RoutineDataMigrator: addHiddenAttributeForOldTag() ConditionMeta with oldTag(message_include_keyword) does not exist.
10-15 00:29:32.714  3067  3067 E Routine@Core[4.2.00.52]: RoutineDataMigrator: addHiddenAttributeForOldTag() ConditionMeta with oldTag(message_from_someone) does not exist.
10-15 00:29:32.715  3067  3067 E Routine@Core[4.2.00.52]: RoutineDataMigrator: addHiddenAttributeForOldTag() ActionMeta with oldTag(aod_on) does not exist.
10-15 00:29:32.719  3067  3067 W Routine@Core[4.2.00.52]: RoutineDataMigrator: migrate: newTag (sec_eye_comfort_shield_routine) is not available to migrate for (blue_light_filter_on) oldTag
10-15 00:29:32.720  3067  3067 E Routine@Core[4.2.00.52]: RoutineDataMigrator: addHiddenAttributeForOldTag() ActionMeta with oldTag(vibration) does not exist.
10-15 00:29:32.721  3067  3067 W Routine@Core[4.2.00.52]: RoutineDataMigrator: migrate: newTag (control_smartthings_not_reversible) is not available to migrate for (device_control) oldTag
10-15 00:29:32.721  3067  3067 W Routine@Core[4.2.00.52]: RoutineDataMigrator: migrate: newTag (control_smartthings_not_reversible) is not available to migrate for (run_a_scene) oldTag
10-15 00:29:32.722  3067  3067 E Routine@Core[4.2.00.52]: RoutineDataMigrator: addHiddenAttributeForOldTag() ActionMeta with oldTag(color_adjustment) does not exist.
10-15 00:29:32.722  3067  3067 W Routine@Core[4.2.00.52]: RoutineDataMigrator: migrate: newTag (dc_power_mode_action) is not available to migrate for (upsm_on) oldTag
10-15 00:29:32.722  3067  3067 W Routine@Core[4.2.00.52]: RoutineDataMigrator: migrate: newTag (watch_theater_mode) is not available to migrate for (watch_theater_mode) oldTag
10-15 00:29:32.723  3067  3067 W Routine@Core[4.2.00.52]: RoutineDataMigrator: migrate: newTag (watch_theater_mode) is not available to migrate for (watch_theater_mode) oldTag
10-15 00:29:32.723  3067  3067 I Routine@Core[4.2.00.52]: RoutineDataMigrator: deprecateOldTag() oldTag and newTag are same, it doesn't have to be deprecated - show_action_list
10-15 00:29:32.723  3067  3067 I Routine@Core[4.2.00.52]: RoutineDataMigrator: migration - end
10-15 00:29:32.723  3067  3067 I Routine@Core[4.2.00.52]: RoutineHistoryDumpImpl: [RoutineDataMigrator]  done. results=[]
10-15 00:29:32.734 10480 10559 I Finsky  : [138] SCH: Scheduling phonesky job Id: 12-1, CT: 1760477372515, Constraints: [{ L: 15000, D: 86400000, C: CHARGING_NONE, I: IDLE_NONE, N: NET_ANY, B: BATTERY_ANY }]
10-15 00:29:32.741 10480 10554 I Finsky  : [135] SCH: Scheduling 1 system job(s)
10-15 00:29:32.742 10480 10554 I Finsky  : [135] SCH: Scheduling system job Id: 9629, L: 14773, D: 86127855, C: false, I: false, N: 1
10-15 00:29:32.749 10663 10751 I LauncherProvider: External provider call by package : com.samsung.android.app.galaxyfinder  for method : get_home_mode
10-15 00:29:32.749 10663 10751 I ExternalMethodFactory: get_home_mode
10-15 00:29:32.757 10480 10551 I Finsky  : [132] AIM: AppInfoManager-Perf > ItemModel > CacheSize=62, cacheHitCount=0, cacheMissCount=0, total appsWithNoServerDataCount=13. Missed  in cache (limit 10) : []
10-15 00:29:32.758 10480 10551 I Finsky  : [132] AIM: AppInfoManager-Perf > getApps > data collection finished
10-15 00:29:32.758 10480 10551 I Finsky  : [132] AIM: AppInfoManager-Perf > maybeDestroyAppInfoManager is called. actives = 0
10-15 00:29:32.761   698   698 D io_stats: !@   8,0 r 2207320 67976252 w 1474844 138817692 d 633170 165970784 f 0 0 iot 1319060 0 th 0 0 0 pt 0 inp 0 0 353163.393
10-15 00:29:32.775 28719  1454 I GOS:GameIntentService: onPackageChanged(). extras: Bundle[{changeType=0, userId=0, pkgName=com.exampleapp, type=15, packageName=com.exampleapp}]
10-15 00:29:32.775 28719  1454 I GOS:GameIntentService: onPackageChanged(). changeType(INSTALLED), pkgName(com.exampleapp), UserHandle(0), userId(0), Installed(true)
10-15 00:29:32.776 28719  1454 I GOS:GameIntentService: onPkgInstalled(), appInfoCategory: -1, packageName: com.exampleapp
10-15 00:29:32.778  3067  3067 I Routine@Core[4.2.00.52]: SleepScheduleInfoRequester: getMigrationDataAboutSleepSchedule
10-15 00:29:32.780 10480 10554 I Finsky  : [135] AIM: AppInfoManager-Perf > ItemModel > CacheSize=62, cacheHitCount=0, cacheMissCount=0, total appsWithNoServerDataCount=13. Missed  in cache (limit 10) : []
10-15 00:29:32.786 28719  1454 I GOS:SystemEventReactor: checkReservedCategory() - reservedList is null or empty!
10-15 00:29:32.791 10480 10543 I Finsky  : [125] [ContentSync] finished, scheduled=true
10-15 00:29:32.804 29041 29197 I ProviderCallHandler: execute getMigrationDataAboutSleepSchedule by com.samsung.android.app.routines
10-15 00:29:32.804 29041 29197 I ProviderCallHandler: getMigrationDataAboutSleepSchedule
10-15 00:29:32.804 29041 29197 I RoutineUtil: isRoutinePackageEnabled true
10-15 00:29:32.804 29041 29197 I RoutineUtil: startSmartThingsDataMigration-> migration request without restore
10-15 00:29:32.804 29041 29197 I RoutineUtil: startSmartThingsDataMigration-> start smartthings migration
10-15 00:29:32.806 29041 29197 I RoutineUtil: startSmartThingsDataMigration-> bedtimeConfigData: null
10-15 00:29:32.806 29041 29197 I RoutineUtil: startSmartThingsDataMigration-> wakeUpConfigData: null
10-15 00:29:32.806 29041 29197 I RoutineUtil: startSmartThingsDataMigration-> bedtimeMasterSwitch: false
10-15 00:29:32.806 29041 29197 I RoutineUtil: startSmartThingsDataMigration-> wakeuptimeMasterSwitch: false
10-15 00:29:32.806 29041 29197 I RoutineUtil: startSmartThingsDataMigration-> bedTimeSelectedItem: -1
10-15 00:29:32.806 29041 29197 I RoutineUtil: startSmartThingsDataMigration-> wakeupTimeSelectedItem: 0
10-15 00:29:32.806 29041 29197 I RoutineUtil: startSmartThingsDataMigration-> bedtimeMode: false
10-15 00:29:32.818  3067  3067 I Routine@Core[4.2.00.52]: SleepScheduleInfoRequester: getMigrationDataAboutSleepSchedule : isSourceSos(false)
10-15 00:29:32.818  3067  3067 I Routine@Core[4.2.00.52]: SleepScheduleInfoRequester: getMigrationDataAboutSleepSchedule : sleepScheduleList([])
10-15 00:29:32.818  3067  3067 I Routine@Core[4.2.00.52]: SleepScheduleInfoRequester: getMigrationDataAboutSleepSchedule : isBedTimeSynced(false)
10-15 00:29:32.818  3067  3067 I Routine@Core[4.2.00.52]: SleepScheduleMigrator: migrateSleepMode: MigrationResultState is NOT YET, try migration
10-15 00:29:32.818  3067  3067 I Routine@Core[4.2.00.52]: SleepScheduleMigrator: migrateSleepMode: try migration dwb data
10-15 00:29:32.818  3067  3067 I Routine@Core[4.2.00.52]: SleepScheduleMigrator: migrateDWBData
10-15 00:29:32.830  3067  3067 I Routine@Core[4.2.00.52]: SleepScheduleMigrator: migrateDWBData: do not have Migration data about DWB
10-15 00:29:32.831  3067  3067 I Routine@Core[4.2.00.52]: SmartThingsMetadataUpdater: calculate: isEnabled=false
10-15 00:29:32.832  3067  3067 I Routine@Core[4.2.00.52]: LifestyleModeMigrator: migrate
10-15 00:29:32.837  3067  3067 I Routine@Core[4.2.00.52]: RoutineHistoryDumpImpl: [RoutineService] [ACTION_METADATA_LOADING_FINISHED]
10-15 00:29:32.839  1317  1317 I Process : Sending signal. PID: 1317 SIG: 9
10-15 00:29:32.842 16370 16768 D PackageSettings: ++ writeStateForUserSyncLPr(0)
10-15 00:29:32.842 16370 16768 W PackageSettings: -- writeStateForUserSyncLPr(0)
10-15 00:29:32.854  3067  3067 I Routine@Core[4.2.00.52]: RoutineService: onDestroy
10-15 00:29:32.854  3067  3067 I Routine@Core[4.2.00.52]: MetadataLoaderJobService: onDestroy
10-15 00:29:32.860 16370 18355 D MotionRecognitionService: values = 50.0
10-15 00:29:32.860 16370 18355 D MotionRecognitionService: onReceive lux: 50.0  action: 
10-15 00:29:32.860 16370 18355 D MotionRecognitionService: Inject brightness form Cam 50.0
10-15 00:29:32.860 16370 18355 D MotionRecognitionService: Inject calibrated lux
10-15 00:29:32.900 10867 11621 I Icing   : IndexChimeraService.getServiceInterface callingPackage=com.google.android.gms componentName=AppsCorpus serviceId=36
10-15 00:29:32.902 10867 10867 D BoundBrokerSvc: onBind: Intent { act=com.google.android.gms.feedback.internal.IFeedbackService dat=chimera-action:/... cmp=com.google.android.gms/.chimera.GmsBoundBrokerService }
10-15 00:29:32.902 10867 10867 D BoundBrokerSvc: Loading bound service for intent: Intent { act=com.google.android.gms.feedback.internal.IFeedbackService dat=chimera-action:/... cmp=com.google.android.gms/.chimera.GmsBoundBrokerService }
10-15 00:29:32.910 11146 11448 I ContactsProvider_EventLog: cp_s: [CONTACT con(817) dat(4707) acc({phone(2)=1, com.google.android.apps.tachyon(7)=106, google(3)=816}) calls([]) Iso(IL) uId(0) ]
10-15 00:29:32.910 11146 11448 I ContactsProvider_EventLog: cp_s: [ agr({[3]=710, [2]=1, [3 ,7]=106}) ]
10-15 00:29:32.910 11146 11448 I ContactsProvider_EventLog: cp_s: [ cnt({acore(11146)=3}) ]
10-15 00:29:32.910 11146 11448 I ContactsProvider_EventLog: cp_s: [PROFILE ] [SAPROFILE con(1) dat(2) acc({phone(1)=1}) ]
10-15 00:29:32.910 11146 11448 I ContactsProvider_EventLog: cp_s: [STATE R(F) ]
10-15 00:29:32.915 16370 20113 I ActivityManager: Process com.samsung.android.app.galaxyfinder:appservice (pid 1317) has died: fg  SVC (491,3115)
10-15 00:29:32.915 16370 16495 I libprocessgroup: Successfully killed process cgroup uid 10062 pid 1317 in 0ms
10-15 00:29:32.916 16070 16070 I Zygote  : Process 1317 exited due to signal 9 (Killed)
10-15 00:29:32.925 16370 16370 I Telecom:TelecomService: onTrimMemory - 5
10-15 00:29:32.926 16370 26407 D OpenGLRenderer: trimMemory(TRIM_MEMORY_COMPLETE)::destroyRenderingContext
10-15 00:29:32.926 16370 26407 D OpenGLRenderer: RenderThread::destroyRenderingContext()
10-15 00:29:32.926 16370 26407 D OpenGLRenderer: RenderThread::setGrContext()
10-15 00:29:32.931 11377 11377 I AiAi    : onTrimMemory() with level 5
10-15 00:29:32.932 31352 31352 I SCS@AiSearch user 0: (SearchProvider) onTrimMemory(): 60
10-15 00:29:32.933 18579 18579 W DMASA[U]: [AppLogData]onTrimMemory(5):1760477372932
10-15 00:29:32.933 18579 18579 W DMASA[C]: [DiagMonAgentApplication]onTrimMemory (5)
10-15 00:29:32.933 17123 17123 D SystemUIService: SYSUI_RAM_OPTIMIZATION onTrimMemory=5
10-15 00:29:32.933 17123 17123 D SystemUIService: onTrimMemory : 5
10-15 00:29:32.934 11277 11277 W DeviceManager_FLP: onTrimMemory : 5
10-15 00:29:32.934 11277 11405 I GpsSessionManager_FLP: arrangeInvalidSessions
10-15 00:29:32.935 29144 29144 I Finsky:background: [2] Memory trim requested to level 40
10-15 00:29:32.935 10480 10480 I Finsky  : [2] Memory trim requested to level 40
10-15 00:29:32.936 10480 10480 I Finsky  : [2] Flushing in-memory image cache
10-15 00:29:32.936 28719 28719 I GOS:App : onTrimMemory 40
10-15 00:29:32.938 28961 28961 I Routine@Ui[4.2.00.52]: Routine: onTrimMemory: TRIM_MEMORY_RUNNING_MODERATE
10-15 00:29:32.938 23964 23964 I DWBTrimMemDispatcher: onTrimMemory(5)
10-15 00:29:32.939   593   593 W SmApplication: onTrimMemory : 60
10-15 00:29:32.942 11251 11251 I HBD     : HoneyBoardService onTrimMemory 5
10-15 00:29:32.942  3067  3067 I Routine@Core[4.2.00.52]: Routine: onTrimMemory: TRIM_MEMORY_RUNNING_MODERATE
10-15 00:29:32.942 28769 28769 W SmApplication: onTrimMemory : 5
10-15 00:29:32.947   593   593 I DC.AppIconCache: clear icon cache
10-15 00:29:32.949 10867  1000 I Icing   : Usage reports ok 0, Failed Usage reports 0, indexed 0, rejected 0
10-15 00:29:32.955 10867 11238 I Icing   : IndexChimeraService.getServiceInterface callingPackage=com.google.android.gms componentName=null serviceId=30
10-15 00:29:32.980 10867  1000 I Icing   : Usage reports ok 0, Failed Usage reports 0, indexed 0, rejected 0
10-15 00:29:32.982 10867  1000 I Icing   : Indexing com.google.android.gms-apps from com.google.android.gms
10-15 00:29:33.006 28961  1467 I Routine@Ui[4.2.00.52]: NotificationUpdateService: computeEnabledRoutine : routineList.size=0, mRoutineNotiInfoList=0 
10-15 00:29:33.006 28961  1467 I Routine@Ui[4.2.00.52]: NotificationUpdateService: updateNotificationImpl
10-15 00:29:33.006 28961  1467 I Routine@Ui[4.2.00.52]: Pref: putSharedPrefsData() key=update_noti_time
10-15 00:29:33.010 16370 16446 W Looper  : Drained
10-15 00:29:33.015 10867  1000 I Icing   : Indexing done com.google.android.gms-apps
10-15 00:29:33.016 16370 17644 W NotificationHistory: Attempted to remove channel for locked/gone/disabled user 0
10-15 00:29:33.018 17123 17123 D BubblesManager: onNotificationChannelModified : pkg=com.samsung.android.app.routines ,modificationType:3
10-15 00:29:33.023 28961  1467 I Routine@Ui[4.2.00.52]: NotificationUpdateService: updateNotificationImpl: no running routines, then noti cancel
10-15 00:29:33.023 28961  1467 I Routine@Ui[4.2.00.52]: NotificationUpdateService: requestUpdateFaceWidget: 1
10-15 00:29:33.023 17123 17123 D BubblesManager: onNotificationChannelModified : pkg=com.samsung.android.app.routines ,modificationType:1
10-15 00:29:33.027 28961  1467 I Routine@Ui[4.2.00.52]: Pref: putSharedPrefsData() key=facewidget_routine
10-15 00:29:33.034 28961  1467 I Routine@Ui[4.2.00.52]: Pref: putSharedPrefsData() key=running_face_widget_ids
10-15 00:29:33.036 28961  1467 I Routine@Ui[4.2.00.52]: RoutineFaceWidgetUpdateImpl: updateFaceWidget: changeCurrentPage=false
10-15 00:29:33.037 28961  1467 I Routine@Ui[4.2.00.52]: NotificationUpdateService: Stop no more task
10-15 00:29:33.038 17123 17123 D KeyguardUpdateMonitor: received broadcast com.samsung.android.intent.action.RESPONSE_SERVICEBOX_REMOTEVIEWS
10-15 00:29:33.038 17123 17123 D FaceWidgetRemoteViewsManager: updateRemoteViewsResponseMap(FaceWidgetKey{packageName='com.samsung.android.app.routines#dashboard', location=LOCKSCREEN}) removed response map
10-15 00:29:33.038 17123 17123 D FaceWidgetRemoteViewsManager: updateRemoteViewsResponseMap(FaceWidgetKey{packageName='com.samsung.android.app.routines#dashboard', location=FULLSCREEN}) removed response map
10-15 00:29:33.039 17123 17123 D FaceWidgetRemoteViewsManager: onUpdateFaceWidgetRemoteViews() item = FaceWidgetRemoteViewsItem [com.samsung.android.app.routines, FaceWidgetRemoteInfo [pkgName - com.samsung.android.app.routines, packageNamePageId - com.samsung.android.app.routines#dashboard, pageId - dashboard, isShowing - true, remoteviews - [(LOCKSCREEN,android.widget.RemoteViews@3f28c23),(FULLSCREEN,android.widget.RemoteViews@b0a8520),,,,,], additionalView - null] com.samsung.android.app.facewidget.pages.remoteview.g@eca9ed9] com.samsung.android.app.facewidget.pages.remoteview.k@1181152
10-15 00:29:33.039 17123 17123 D FaceWidgetRemoteViewsManager: updateFaceWidgetRemoteViewsPage() info = FaceWidgetRemoteInfo [pkgName - com.samsung.android.app.routines, packageNamePageId - com.samsung.android.app.routines#dashboard, pageId - dashboard, isShowing - true, remoteviews - [(LOCKSCREEN,android.widget.RemoteViews@3f28c23),(FULLSCREEN,android.widget.RemoteViews@b0a8520),,,,,], additionalView - null] com.samsung.android.app.facewidget.pages.remoteview.g@eca9ed9
10-15 00:29:33.039 17123 17123 D FaceWidgetRemoteViewsItem: updateFaceWidgetRemoteViewsInfo FaceWidgetRemoteInfo [pkgName - com.samsung.android.app.routines, packageNamePageId - com.samsung.android.app.routines#dashboard, pageId - dashboard, isShowing - true, remoteviews - [(LOCKSCREEN,android.widget.RemoteViews@3f28c23),(FULLSCREEN,android.widget.RemoteViews@b0a8520),,,,,], additionalView - null] com.samsung.android.app.facewidget.pages.remoteview.g@eca9ed9
10-15 00:29:33.039 17123 17123 D FaceWidgetRemoteViewsItem: updateFaceWidgetRemoteViewsInfo FaceWidgetRemoteInfo [pkgName - com.samsung.android.app.routines, packageNamePageId - com.samsung.android.app.routines#dashboard, pageId - dashboard, isShowing - true, remoteviews - [(LOCKSCREEN,android.widget.RemoteViews@3f28c23),(FULLSCREEN,android.widget.RemoteViews@b0a8520),,,,,], additionalView - null] com.samsung.android.app.facewidget.pages.remoteview.g@eca9ed9
10-15 00:29:33.039 17123 17123 D FaceWidgetViewModel: updateAdditionalInfoView no view
10-15 00:29:33.039 17123 17123 D FaceWidgetViewModel: updateInfoParameters(additional info) isAODState = false, clockSidePadding = (72, 72), musicSidePadding = (30, 30)
10-15 00:29:33.040 17123 17123 D FaceWidgetDashBoardViewModel: reorderPages false
10-15 00:29:33.040 17123 17123 D FaceWidgetDashBoardObserver: onChanged  pagesOrder=[servicebox_music, servicebox_alarm, com.samsung.android.app.routines#dashboard, com.sec.android.app.voicenote#record], mIsNeedReorder=false
10-15 00:29:33.040 17123 17123 D FaceWidgetContainerObserver: onChanged() FaceWidgetContainerLiveData{mIsContainerVisible=false, mClipLayoutVisibility=0, mRotation=0, mIsOwnerVisible=8, mOwnerInfoGravity=17, mAdditionalInfoGravity=17, mClockSideStartPadding=72, mClockSideEndPadding=72, mMusicSideStartPadding=30, mMusicSideEndPadding=30, mInfoSideStartPadding=72, mInfoSideEndPadding=72, mClipLayoutWidth = -1, mIsUpdateOwnerInfoText=true, mAdditionalInfoRemoteView=null, mHasCMAS=false, mIsAdditionalViewGoingToSleep=false, mConfig=CustomConfiguration{fontScale=1.0, screenLayout=268435810, orientation=1, screenWidthDp=360, screenHeightDp=722, smallestScreenWidthDp=360, densityDpi=480, uiMode=33, isRTL=false, mConfiguration={1.0 ?mcc?mnc [en_US] ldltr sw360dp w360dp h722dp 480dpi nrml long port night finger -keyb/v/h -nav/h winConfig={ mBounds=Rect(0, 0 - 1080, 2400) mAppBounds=Rect(0, 88 - 1080, 2256) mMaxBounds=Rect(0, 0 - 1080, 2400) mDisplayRotation=ROTATION_0 mWindowingMode=fullscreen mDisplayWindowingMode=fullscreen mActivityType=undefined mAlwaysOnTop=undefined mRotation=ROTATION_0 mPopOver=undefined mStageConfig=undefined mFreeformTaskPinningState=undefined mFreeformStashState=undefined mDexTaskDockingState=undefined} s.589 fontWeightAdjustment=0 ff=0 bf=0 bts=0 desktop/d dm/n ?dc ?dcui themeSeq=0 nightDim=0}}}
10-15 00:29:33.040 17123 17123 D FaceWidgetPagesController: onGravityChanged()
10-15 00:29:33.041 17123 17123 D FaceWidgetClockPage: setClockGravity() gravity = 49
10-15 00:29:33.043 23964 23964 I DWBTrimMemDispatcher: onTrimMemory(40)
10-15 00:29:33.043 23964 23964 E DWBLocalPackageManager: LocalPackageManager MemoryTrimmable
10-15 00:29:33.043 23964 23964 E DWBUsageDataManager: UsageDataManager MemoryTrimmable
10-15 00:29:33.043 23964 23964 I DWBUsageDataManager: Retrieve CLEAR_CACHED_DATA
10-15 00:29:33.044 23964 23964 I DWBUsageDataManager: No Request Data
10-15 00:29:33.044 16370 16853 I UMR     : B|Compact com.samsung.android.forest(23964)
10-15 00:29:33.049 16370 16485 I SemDvfsHyPerManager: acquire hyper - APP_LAUNCH/16370@26, type = -999
10-15 00:29:33.049 16370 20070 D ActivityTaskManager: startActivityAsUser: callingPid=1488, callingUid=2000, caller=com.android.server.wm.ActivityTaskManagerService.startActivityAsUser:1816 com.android.server.am.ActivityManagerService.startActivityAsUserWithFeature:3747 com.android.server.am.ActivityManagerShellCommand.runStartActivity:656 com.android.server.am.ActivityManagerShellCommand.onCommand:222 com.android.modules.utils.BasicShellCommandHandler.exec:97 android.os.ShellCommand.exec:38 com.android.server.am.ActivityManagerService.onShellCommand:11276 
10-15 00:29:33.050 16092 16114 I HYPER-HAL: [RequestManager.cpp]acquire(): Acquired ID : 134422632  [16370 / 26]    HINT : APP_LAUNCH    list : 
10-15 00:29:33.050 16370 16449 I ChimeraSystemEventListener: appLaunchIntent package name is: com.exampleapp
10-15 00:29:33.050 16092 16114 I HYPER-HAL: [ResourceManager.cpp]updateResource(): [CPULittleMinFreq] UpdateResource Request ID : 134422632    Value : 1804800
10-15 00:29:33.050 18640 18640 I SemDvfsHyPerManager: acquire hyper - APP_START_SHORT/18640@12, type = -999
10-15 00:29:33.050 16370 20070 I Pageboost: onAppLaunch : com.exampleapp
10-15 00:29:33.050 16370 17102 I Pageboost: Record App IO : com.exampleapp pid 0
10-15 00:29:33.050 16370 20070 I ActivityTaskManager: START u0 {act=android.intent.action.MAIN cat=[android.intent.category.LAUNCHER] flg=0x10000000 cmp=com.exampleapp/.MainActivity} from uid 2000
10-15 00:29:33.052 16370 20070 D CompatibilityChangeReporter: Compat change id reported: 194480991; UID 10332; state: ENABLED
10-15 00:29:33.052 16370 20070 D ActivityTaskManager: TaskLaunchParamsModifier:task=null activity=ActivityRecord{4c7e856 u0 com.exampleapp/.MainActivity} display-id=0 display-windowing-mode=1 suggested-display-area=DefaultTaskDisplayArea@192321704
10-15 00:29:33.052 16370 20070 D [secipm]: mSecIpmManager Preload com.exampleapp dex files
10-15 00:29:33.053 16370 20070 D ActivityTaskManager: TaskLaunchParamsModifier:task=null activity=ActivityRecord{4c7e856 u0 com.exampleapp/.MainActivity} t-1} display-id=0 display-windowing-mode=1 suggested-display-area=DefaultTaskDisplayArea@192321704 non-freeform-display display-area=DefaultTaskDisplayArea@192321704 maximized-bounds
10-15 00:29:33.053 16370 17688 I SemDvfsHyPerManager: acquire hyper - AMS_APP_SWITCH/16370@27, type = -999
10-15 00:29:33.054  1120  1177 I SurfaceFlinger: id=9099 createSurf, flag=24004, Task=287#9099
10-15 00:29:33.054 16092 16114 I HYPER-HAL: [ResourceManager.cpp]updateResource(): [CPUMinFreq] UpdateResource Request ID : 134422632    Value : 2841600
10-15 00:29:33.054 16092 16114 I HYPER-HAL: [RequestManager.cpp]acquire(): Acquired ID : 173957890  [18640 / 12]    HINT : APP_START    list : [TIMEOUT / 1500] 
10-15 00:29:33.054 16370 17688 D ActivityManagerPerformance: AMP_acquire() APP_SWITCH
10-15 00:29:33.054 18640 18640 I SemDvfsHyPerManager: acquire hyper - APP_START_SHORT/18640@12, type = -999
10-15 00:29:33.054 16370 20070 D ActivityTaskManager: TaskLaunchParamsModifier:task=Task{a6c50d7 #287 type=standard A=10332:com.exampleapp U=0 visible=false visibleRequested=false mode=fullscreen translucent=true sz=0} activity=ActivityRecord{4c7e856 u0 com.exampleapp/.MainActivity} t-1} display-from-task=0 display-id=0 display-windowing-mode=1 suggested-display-area=DefaultTaskDisplayArea@192321704 non-freeform-display display-area=DefaultTaskDisplayArea@192321704 maximized-bounds
10-15 00:29:33.054 16092 16114 I HYPER-HAL: [ResourceManager.cpp]updateResource(): [CPUMaxFreq] UpdateResource Request ID : 173957890    Value : 2841600
10-15 00:29:33.055 16092 16114 I HYPER-HAL: [RequestManager.cpp]acquire(): Acquired ID : 134439030  [16370 / 27]    HINT : AMS_APP_SWITCH    list : 
10-15 00:29:33.055 16370 20070 D CompatibilityChangeReporter: Compat change id reported: 174042980; UID 10332; state: DISABLED
10-15 00:29:33.055 16370 20070 D CompatibilityChangeReporter: Compat change id reported: 184838306; UID 10332; state: DISABLED
10-15 00:29:33.055 16370 20070 D CompatibilityChangeReporter: Compat change id reported: 185004937; UID 10332; state: DISABLED
10-15 00:29:33.055 16092 16114 I HYPER-HAL: [ResourceManager.cpp]updateResource(): [CPULittleMinFreq] UpdateResource Request ID : 134439030    Value : 1804800
10-15 00:29:33.055 16370 20070 D CompatibilityChangeReporter: Compat change id reported: 181136395; UID 10332; state: DISABLED
10-15 00:29:33.055 16370 20070 D CompatibilityChangeReporter: Compat change id reported: 174042936; UID 10332; state: DISABLED
10-15 00:29:33.055  1120  1178 I SurfaceFlinger: id=9100 createSurf, flag=80004, ActivityRecord{4c7e856 u0 com.exampleapp/.MainActivity} t287}#9100
10-15 00:29:33.056 16370 20070 D ActivityTaskManager: scheduleTopResumedActivityChanged, onTop=false r=ActivityRecord{7ff94d3 u0 com.sec.android.app.launcher/.activities.LauncherActivity} t219} caller=com.android.server.wm.ActivityTaskSupervisor.updateTopResumedActivityIfNeeded:2510 com.android.server.wm.TaskDisplayArea.positionChildTaskAt:602 com.android.server.wm.TaskDisplayArea.positionChildAt:537 com.android.server.wm.Task.moveToFrontInner:6053 com.android.server.wm.Task.moveToFront:6019 com.android.server.wm.ActivityStarter.startActivityInner:2924 
10-15 00:29:33.056 16370 20070 W WindowManager: Prepare app transition: mNextAppTransitionRequests=[TRANSIT_OPEN], mNextAppTransitionFlags=, displayId: 0 Callers=com.android.server.wm.DisplayContent.prepareAppTransition:6493 com.android.server.wm.DisplayContent.prepareAppTransition:6484 com.android.server.wm.Task.startActivityLocked:6595 com.android.server.wm.ActivityStarter.startActivityInner:2980 com.android.server.wm.ActivityStarter.startActivityUnchecked:2470 
10-15 00:29:33.056 16370 20070 V WindowManager: Checking theme of starting window: 0x7f0e0007
10-15 00:29:33.056 16370 20070 V WindowManager: Translucent=false Floating=false ShowWallpaper=false Disable=false
10-15 00:29:33.057 16370 20070 D CompatibilityChangeReporter: Compat change id reported: 205907456; UID 10332; state: ENABLED
10-15 00:29:33.057 16370 20070 V WindowManager: Creating SplashScreenStartingData
10-15 00:29:33.057 16370 20070 D ActivityTaskManager: Add starting com.android.server.wm.ActivityRecord$AddStartingWindow@9f233e2: typeParam=139
10-15 00:29:33.057 16370 20070 V WindowManager: Add starting com.android.server.wm.ActivityRecord$AddStartingWindow@9f233e2: startingData=com.android.server.wm.SplashScreenStartingData@abb2373
10-15 00:29:33.057 16092 16114 I HYPER-HAL: [ResourceManager.cpp]updateResource(): [CPUMinFreq] UpdateResource Request ID : 134439030    Value : 2841600
10-15 00:29:33.057 16092 16114 I HYPER-HAL: [RequestManager.cpp]acquire(): Acquired ID : 173957890  [18640 / 12]    HINT : APP_START    list : [TIMEOUT / 1500] 
10-15 00:29:33.057 16370 20070 V WindowManager: Added starting ActivityRecord{4c7e856 u0 com.exampleapp/.MainActivity} t287}: startingWindow=null startingView=com.android.server.wm.StartingSurfaceController$StartingSurface@46d5230
10-15 00:29:33.057 16092 16114 I HYPER-HAL: [ResourceManager.cpp]updateResource(): [CPUMaxFreq] UpdateResource Request ID : 173957890    Value : 2841600
10-15 00:29:33.057 17123 17177 D ShellStartingWindow: use preloaded icon
10-15 00:29:33.058 16370 17644 I AppOps  : updateUidProcState uid: 10040 procState: 1 capability:15
10-15 00:29:33.058 16073 17224 I CameraService: onUidStateChanged: uid=10040, procState is changed. (0 -> 1)
10-15 00:29:33.058 17123 17182 D NativeCustomFrequencyManager: [NativeCFMS] BpCustomFrequencyManager::BpCustomFrequencyManager()
10-15 00:29:33.058   917   924 D statsd  : StateTracker did not find state value for query key (27)0x10000->10332[I] 
10-15 00:29:33.059   917   924 W statsd  : StateTracker not found for state atom 27
10-15 00:29:33.059 16370 20070 D CompatibilityChangeReporter: Compat change id reported: 194833441; UID 10332; state: ENABLED
10-15 00:29:33.059 16370 20070 I Pageboost: stop alp
10-15 00:29:33.059 16370 20070 I SemDvfsHyPerManager: acquire hyper - AMS_APP_LAUNCH/16370@16, type = -999
10-15 00:29:33.060 16370 18355 D MotionRecognitionService: values = 50.0
10-15 00:29:33.060 16370 18355 D MotionRecognitionService: onReceive lux: 50.0  action: 
10-15 00:29:33.060 16370 18355 D MotionRecognitionService: Inject brightness form Cam 50.0
10-15 00:29:33.060 16370 18355 D MotionRecognitionService: Inject calibrated lux
10-15 00:29:33.060 16092 16114 I HYPER-HAL: [RequestManager.cpp]acquire(): Acquired ID : 134258707  [16370 / 16]    HINT : AMS_APP_LAUNCH    list : 
10-15 00:29:33.060 18640 18640 I SemDvfsHyPerManager: acquire hyper - APP_START/18640@14, type = -999
10-15 00:29:33.060 16092 16114 I HYPER-HAL: [ResourceManager.cpp]updateResource(): [CPULittleMinFreq] UpdateResource Request ID : 134258707    Value : 1804800
10-15 00:29:33.062 10663 10663 I BaseActivity: removeActivityFlags, flags : 16
10-15 00:29:33.062 16370 17644 D InputTransport: Input channel constructed: 'a535992', fd=839
10-15 00:29:33.062 16370 17644 D InputTransport: Input channel constructed: 'a535992', fd=850
10-15 00:29:33.062 10663 10663 I BaseActivity: removeActivityFlags, flags : 6
10-15 00:29:33.062 16370 17644 D InputTransport: Input channel constructed: 'a535992', fd=857
10-15 00:29:33.062 10663 10663 I DragController: endDrag
10-15 00:29:33.062 10663 10663 W LauncherAppWidgetHost: setShouldListenFlag, mFlags:15 flag:resume on:false isFront:false
10-15 00:29:33.062 10663 10663 W PageOverlayMover: updateActivityLifecycleState : 3
10-15 00:29:33.062  1120  1178 I SurfaceFlinger: id=9101 createSurf, flag=80004, a535992 Splash Screen com.exampleapp#9101
10-15 00:29:33.062 10938 10962 I PageOverlayServiceImpl: [FROM HOME] updateActivityLifecycleState : 3
10-15 00:29:33.062 10663 10663 I SPayUpdater: updateSpayHandler launcher activity is paused false
10-15 00:29:33.063 16370 17644 V WindowManager: addWindow: ActivityRecord{4c7e856 u0 com.exampleapp/.MainActivity} t287} startingWindow=Window{a535992 u0 Splash Screen com.exampleapp}
10-15 00:29:33.063 16370 17644 D InputTransport: Input channel destroyed: 'a535992', fd=857
10-15 00:29:33.064 16370 20070 D MARsPolicyManager: onPackageResumedFG pkgName = com.exampleapp, userId = 0
10-15 00:29:33.064 17123 17176 D InsetsController: onStateChanged: InsetsState: {mDisplayFrame=Rect(0, 0 - 1080, 2400), mDisplayCutout=DisplayCutout{insets=Rect(0, 88 - 0, 0) waterfall=Insets{left=0, top=0, right=0, bottom=0} boundingRect={Bounds=[Rect(0, 0 - 0, 0), Rect(512, 0 - 568, 88), Rect(0, 0 - 0, 0), Rect(0, 0 - 0, 0)]} cutoutPathParserInfo={CutoutPathParserInfo{displayWidth=1080 displayHeight=2400 physicalDisplayWidth=1080 physicalDisplayHeight=2400 density={3.0} cutoutSpec={M 0,0 M 0,10.71963616907435 a 9.280363830925644,9.280363830925644 0 1,0 0,18.56072766185129 a 9.280363830925644,9.280363830925644 0 1,0 0,-18.56072766185129 Z @dp} rotation={0} scale={1.0} physicalPixelDisplaySizeRatio={1.0}}}}, mRoundedCorners=RoundedCorners{[RoundedCorner{position=TopLeft, radius=96, center=Point(96, 96)}, RoundedCorner{position=TopRight, radius=96, center=Point(984, 96)}, RoundedCorner{position=BottomRight, radius=96, center=Point(984, 2304)}, RoundedCorner{position=BottomLeft, radius=96, center=Point(96, 2304)}]}  mRoundedCornerFrame=Rect(0, 0 - 1080, 2400), mPrivacyIndicatorBounds=PrivacyIndicatorBounds {static bounds=Rect(948, 0 - 1080, 88) rotation=0}, mSources= { InsetsSource: {mType=ITYPE_STATUS_BAR, mFrame=[0,0][1080,88], mVisible=true, mInsetsRoundedCornerFrame=false}, InsetsSource: {mType=ITYPE_NAVIGATION_BAR, mFrame=[0,2256][1080,2400], mVisible=true, mInsetsRoundedCornerFrame=false}, InsetsSource: {mType=ITYPE_LEFT_GESTURES, mFrame=[0,0][0,2400], mVisible=true, mInsetsRoundedCornerFrame=false}, InsetsSource: {mType=ITYPE_RIGHT_GESTURES, mFrame=[1080,0][1080,2400], mVisible=true, mInsetsRoundedCornerFrame=false}, InsetsSource: {mType=ITYPE_TOP_MANDATORY_GESTURES, mFrame=[0,0][1080,124], mVisible=true, mInsetsRoundedCornerFrame=false}, InsetsSource: {mType=ITYPE_BOTTOM_MANDATORY_GESTURES, mFrame=[0,2256][1080,2400], mVisible=true, mInsetsRoundedCornerFrame=false}, InsetsSource: {mType=ITYPE_LEFT_DISPLAY_CUTOUT, mFrame=[0,0][-100000,2400], mVisible=true, mInsetsRoundedCornerFrame=false}, InsetsSource: {mType=ITYPE_TOP_DISPLAY_CUTOUT, mFrame=[0,0][1080,88], mVisible=true, mInsetsRoundedCornerFrame=false}, InsetsSource: {mType=ITYPE_RIGHT_DISPLAY_CUTOUT, mFrame=[100000,0][1080,2400], mVisible=true, mInsetsRoundedCornerFrame=false}, InsetsSource: {mType=ITYPE_BOTTOM_DISPLAY_CUTOUT, mFrame=[0,100000][1080,2400], mVisible=true, mInsetsRoundedCornerFrame=false}, InsetsSource: {mType=ITYPE_TOP_TAPPABLE_ELEMENT, mFrame=[0,0][1080,88], mVisible=true, mInsetsRoundedCornerFrame=false}, InsetsSource: {mType=ITYPE_BOTTOM_TAPPABLE_ELEMENT, mFrame=[0,2256][1080,2400], mVisible=true, mInsetsRoundedCornerFrame=false} } host=Splash Screen com.exampleapp from=android.view.ViewRootImpl.setView:1732
10-15 00:29:33.064 16370 20070 W WindowManager: Prepare app transition: mNextAppTransitionRequests=[TRANSIT_OPEN, TRANSIT_OPEN], mNextAppTransitionFlags=, displayId: 0 Callers=com.android.server.wm.DisplayContent.prepareAppTransition:6493 com.android.server.wm.TaskFragment.resumeTopActivity:1573 com.android.server.wm.TaskFragment.resumeTopActivity:1307 com.android.server.wm.Task.resumeTopActivityInnerLocked:6451 com.android.server.wm.Task.resumeTopActivityUncheckedLocked:6352 
10-15 00:29:33.064 16092 16114 I HYPER-HAL: [ResourceManager.cpp]updateResource(): [CPUMinFreq] UpdateResource Request ID : 134258707    Value : 2841600
10-15 00:29:33.065 16092 16114 I HYPER-HAL: [RequestManager.cpp]acquire(): Acquired ID : 173995199  [18640 / 14]    HINT : APP_START    list : 
10-15 00:29:33.065 16092 16114 I HYPER-HAL: [ResourceManager.cpp]updateResource(): [CPUMaxFreq] UpdateResource Request ID : 173995199    Value : 2841600
10-15 00:29:33.065 16370 20070 D WindowManagerServiceExt: notifyOccludeChangeNotice: cn=ComponentInfo{com.exampleapp/com.exampleapp.MainActivity} occludesParent=true inMultiWindow=false styleFloating=false caller=com.android.server.wm.WindowManagerServiceExt.updateOccludeTargetIfNeeded:1402 com.android.server.wm.DisplayContent.ensureActivitiesVisible:7532 com.android.server.wm.RootWindowContainer.ensureActivitiesVisible:2248 com.android.server.wm.RootWindowContainer.ensureActivitiesVisible:2229 com.android.server.wm.TaskFragment.completePause:2076 
10-15 00:29:33.065 17123 17176 I ViewRootImpl@8e2d34c[exampleapp]: setView = android.widget.FrameLayout@fd838 TM=true
10-15 00:29:33.066 10663 10663 I TopTaskTracker: onTaskMovedToFront : taskId = 287
10-15 00:29:33.067 16370 17644 D CoreBackPreview: Window{a535992 u0 Splash Screen com.exampleapp}: Setting back callback OnBackInvokedCallbackInfo{mCallback=android.window.IOnBackInvokedCallback$Stub$Proxy@b21ed8d, mPriority=0}
10-15 00:29:33.067 16370 16449 D CompatibilityChangeReporter: Compat change id reported: 135634846; UID 10332; state: DISABLED
10-15 00:29:33.067 16370 16449 D CompatibilityChangeReporter: Compat change id reported: 177438394; UID 10332; state: DISABLED
10-15 00:29:33.067 16370 16449 D CompatibilityChangeReporter: Compat change id reported: 135772972; UID 10332; state: DISABLED
10-15 00:29:33.067 16370 16449 D CompatibilityChangeReporter: Compat change id reported: 135754954; UID 10332; state: ENABLED
10-15 00:29:33.067 17123 17176 I ViewRootImpl@8e2d34c[exampleapp]: performTraversals params={(0,0)(fillxfill) sim={adjust=pan} ty=APPLICATION_STARTING fmt=TRANSLUCENT wanim=0x1030309
10-15 00:29:33.067 17123 17176 I ViewRootImpl@8e2d34c[exampleapp]:   fl=81030118
10-15 00:29:33.067 17123 17176 I ViewRootImpl@8e2d34c[exampleapp]:   pfl=16000010
10-15 00:29:33.067 17123 17176 I ViewRootImpl@8e2d34c[exampleapp]:   bhv=DEFAULT
10-15 00:29:33.067 17123 17176 I ViewRootImpl@8e2d34c[exampleapp]:   fitSides= naviIconColor=0}
10-15 00:29:33.068 17123 17176 I ViewRootImpl@8e2d34c[exampleapp]: performTraversals mFirst=true windowShouldResize=true viewVisibilityChanged=false mForceNextWindowRelayout=false params={(0,0)(fillxfill) sim={adjust=pan} ty=APPLICATION_STARTING fmt=TRANSLUCENT wanim=0x1030309
10-15 00:29:33.068 17123 17176 I ViewRootImpl@8e2d34c[exampleapp]:   fl=81030118
10-15 00:29:33.068 17123 17176 I ViewRootImpl@8e2d34c[exampleapp]:   pfl=16000010
10-15 00:29:33.068 17123 17176 I ViewRootImpl@8e2d34c[exampleapp]:   bhv=DEFAULT
10-15 00:29:33.068 17123 17176 I ViewRootImpl@8e2d34c[exampleapp]:   fitSides= naviIconColor=0}
10-15 00:29:33.068 16370 16370 I CocktailBarManagerServiceContainer: handleMessage: entry what = 6
10-15 00:29:33.068 16370 17644 V WindowManager: Relayout Window{a535992 u0 Splash Screen com.exampleapp}: viewVisibility=0 req=1080x2400 d0
10-15 00:29:33.068 16370 16449 D SGM:FgCheckThread: notePauseComponent(), received pkgName: com.sec.android.app.launcher, userId: 0
10-15 00:29:33.068 16370 17644 D RestrictionPolicy: isScreenCaptureEnabled : ret=true userId=0
10-15 00:29:33.068 16370 17034 D TrafficStats: tagSocket(859) with statsTag=0xffffffff, statsUid=-1
10-15 00:29:33.068  1120  1177 I SurfaceFlinger: id=9102 createSurf, flag=40004, Splash Screen com.exampleapp$_17123#9102
10-15 00:29:33.068 16370 16486 D CompatibilityChangeReporter: Compat change id reported: 143937733; UID 10332; state: ENABLED
10-15 00:29:33.069 16370 17644 D WindowManager: makeSurface duration=1 name=Splash Screen com.exampleapp$_17123
10-15 00:29:33.072 16370 17644 V WindowManager: Changing focus from Window{bf3373 u0 com.sec.android.app.launcher/com.sec.android.app.launcher.activities.LauncherActivity} to null displayId=0 Callers=com.android.server.wm.RootWindowContainer.updateFocusedWindowLocked:595 com.android.server.wm.WindowManagerService.updateFocusedWindowLocked:6810 com.android.server.wm.WindowManagerService.relayoutWindow:2820 com.android.server.wm.Session.relayout:274 
10-15 00:29:33.072 16370 17644 D MARsPolicyManager: onPackageResumedFG pkgName = com.sec.android.app.launcher, userId = 0
10-15 00:29:33.074 16070 16070 D Zygote  : Forked child process 1497
10-15 00:29:33.074 16370 16486 I ActivityManager: Start proc 1497:com.exampleapp/u0a332 for next-top-activity {com.exampleapp/com.exampleapp.MainActivity}
10-15 00:29:33.076 16370 17644 D StatusBarManagerService: notifyRequestedSystemKey recent=false home=false
10-15 00:29:33.076 16370 17644 V WindowManager: rotationForOrientation(orient=SCREEN_ORIENTATION_UNSPECIFIED (-1), last=ROTATION_0 (0)); user=ROTATION_0 (0) 
10-15 00:29:33.076 16370 17644 D WindowManager: rotationForOrientation, orientationSource=ActivityRecord{4c7e856 u0 com.exampleapp/.MainActivity} t287}
10-15 00:29:33.076 16370 17644 V WindowManager: rotationForOrientation(orient=SCREEN_ORIENTATION_UNSPECIFIED (-1), last=ROTATION_0 (0)); user=ROTATION_0 (0) 
10-15 00:29:33.076 16370 17644 D WindowManager: rotationForOrientation, orientationSource=ActivityRecord{4c7e856 u0 com.exampleapp/.MainActivity} t287}
10-15 00:29:33.076 16370 17644 V WindowManager: Computed rotation=ROTATION_0 (0) for display id=0 based on lastOrientation=SCREEN_ORIENTATION_UNSPECIFIED (-1) and oldRotation=ROTATION_0 (0), caller=com.android.server.wm.DisplayRotation.updateOrientation:414 com.android.server.wm.DisplayContent.updateOrientation:1990 com.android.server.wm.DisplayContent.updateOrientation:1872 com.android.server.wm.WindowManagerService.relayoutWindow:2851 com.android.server.wm.Session.relayout:274 android.view.IWindowSession$Stub.onTransact:779 
10-15 00:29:33.077 16370 17644 V WindowManager: Relayout hash=a535992, pid=17123, syncId=-1: mAttrs={(0,0)(fillxfill) sim={adjust=pan} ty=APPLICATION_STARTING fmt=TRANSLUCENT wanim=0x1030309
10-15 00:29:33.077 16370 17644 V WindowManager:   fl=81030118
10-15 00:29:33.077 16370 17644 V WindowManager:   pfl=16000010
10-15 00:29:33.077 16370 17644 V WindowManager:   bhv=DEFAULT
10-15 00:29:33.077 16370 17644 V WindowManager:   fitSides= naviIconColor=0}
10-15 00:29:33.077 17123 17176 D InsetsController: onStateChanged: InsetsState: {mDisplayFrame=Rect(0, 0 - 1080, 2400), mDisplayCutout=DisplayCutout{insets=Rect(0, 88 - 0, 0) waterfall=Insets{left=0, top=0, right=0, bottom=0} boundingRect={Bounds=[Rect(0, 0 - 0, 0), Rect(512, 0 - 568, 88), Rect(0, 0 - 0, 0), Rect(0, 0 - 0, 0)]} cutoutPathParserInfo={CutoutPathParserInfo{displayWidth=1080 displayHeight=2400 physicalDisplayWidth=1080 physicalDisplayHeight=2400 density={3.0} cutoutSpec={M 0,0 M 0,10.71963616907435 a 9.280363830925644,9.280363830925644 0 1,0 0,18.56072766185129 a 9.280363830925644,9.280363830925644 0 1,0 0,-18.56072766185129 Z @dp} rotation={0} scale={1.0} physicalPixelDisplaySizeRatio={1.0}}}}, mRoundedCorners=RoundedCorners{[RoundedCorner{position=TopLeft, radius=96, center=Point(96, 96)}, RoundedCorner{position=TopRight, radius=96, center=Point(984, 96)}, RoundedCorner{position=BottomRight, radius=96, center=Point(984, 2304)}, RoundedCorner{position=BottomLeft, radius=96, center=Point(96, 2304)}]}  mRoundedCornerFrame=Rect(0, 0 - 1080, 2400), mPrivacyIndicatorBounds=PrivacyIndicatorBounds {static bounds=Rect(948, 0 - 1080, 88) rotation=0}, mSources= { InsetsSource: {mType=ITYPE_STATUS_BAR, mFrame=[0,0][1080,88], mVisible=true, mInsetsRoundedCornerFrame=false}, InsetsSource: {mType=ITYPE_NAVIGATION_BAR, mFrame=[0,2256][1080,2400], mVisible=true, mInsetsRoundedCornerFrame=false}, InsetsSource: {mType=ITYPE_LEFT_GESTURES, mFrame=[0,0][0,2400], mVisible=true, mInsetsRoundedCornerFrame=false}, InsetsSource: {mType=ITYPE_RIGHT_GESTURES, mFrame=[1080,0][1080,2400], mVisible=true, mInsetsRoundedCornerFrame=false}, InsetsSource: {mType=ITYPE_TOP_MANDATORY_GESTURES, mFrame=[0,0][1080,124], mVisible=true, mInsetsRoundedCornerFrame=false}, InsetsSource: {mType=ITYPE_BOTTOM_MANDATORY_GESTURES, mFrame=[0,2256][1080,2400], mVisible=true, mInsetsRoundedCornerFrame=false}, InsetsSource: {mType=ITYPE_LEFT_DISPLAY_CUTOUT, mFrame=[0,0][-100000,2400], mVisible=true, mInsetsRoundedCornerFrame=false}, InsetsSource: {mType=ITYPE_TOP_DISPLAY_CUTOUT, mFrame=[0,0][1080,88], mVisible=true, mInsetsRoundedCornerFrame=false}, InsetsSource: {mType=ITYPE_RIGHT_DISPLAY_CUTOUT, mFrame=[100000,0][1080,2400], mVisible=true, mInsetsRoundedCornerFrame=false}, InsetsSource: {mType=ITYPE_BOTTOM_DISPLAY_CUTOUT, mFrame=[0,100000][1080,2400], mVisible=true, mInsetsRoundedCornerFrame=false}, InsetsSource: {mType=ITYPE_TOP_TAPPABLE_ELEMENT, mFrame=[0,0][1080,88], mVisible=true, mInsetsRoundedCornerFrame=false}, InsetsSource: {mType=ITYPE_BOTTOM_TAPPABLE_ELEMENT, mFrame=[0,2256][1080,2400], mVisible=true, mInsetsRoundedCornerFrame=false}, InsetsSource: {mType=ITYPE_IME, mFrame=[0,0][0,0], mVisible=false, mInsetsRoundedCornerFrame=false} } host=Splash Screen com.exampleapp from=android.view.ViewRootImpl.relayoutWindow:9802
10-15 00:29:33.078 17123 17176 I ViewRootImpl@8e2d34c[exampleapp]: updateBlastSurfaceIfNeeded mBlastBufferQueue=null isSameSurfaceControl=false
10-15 00:29:33.078 17123 17176 I BLASTBufferQueue: new BLASTBufferQueue, mName= ViewRootImpl@8e2d34c[exampleapp] mNativeObject= 0xb4000076b19c4a80 sc.mNativeObject= 0xb40000769bc900a0 caller= android.view.ViewRootImpl.updateBlastSurfaceIfNeeded:2909 android.view.ViewRootImpl.relayoutWindow:9847 android.view.ViewRootImpl.performTraversals:3884 android.view.ViewRootImpl.doTraversal:3116 android.view.ViewRootImpl$TraversalRunnable.run:10885 android.view.Choreographer$CallbackRecord.run:1301 android.view.Choreographer$CallbackRecord.run:1309 android.view.Choreographer.doCallbacks:923 android.view.Choreographer.doFrame:852 android.view.Choreographer$FrameDisplayEventReceiver.run:1283 
10-15 00:29:33.078 16370 20070 D InputDispatcher: Focus left window (0): bf3373 com.sec.android.app.launcher/com.sec.android.app.launcher.activities.LauncherActivity
10-15 00:29:33.078 17123 17176 I BLASTBufferQueue: update, w= 1080 h= 2400 mName = ViewRootImpl@8e2d34c[exampleapp] mNativeObject= 0xb4000076b19c4a80 sc.mNativeObject= 0xb40000769bc900a0 format= -3 caller= android.graphics.BLASTBufferQueue.<init>:84 android.view.ViewRootImpl.updateBlastSurfaceIfNeeded:2909 android.view.ViewRootImpl.relayoutWindow:9847 android.view.ViewRootImpl.performTraversals:3884 android.view.ViewRootImpl.doTraversal:3116 android.view.ViewRootImpl$TraversalRunnable.run:10885 
10-15 00:29:33.078 17123 17176 I ViewRootImpl@8e2d34c[exampleapp]: Relayout returned: old=(0,0,1080,2400) new=(0,0,1080,2400) req=(1080,2400)0 dur=10 res=0x3 s={true 0xb40000769b6c8800} ch=true seqId=0
10-15 00:29:33.078 10663 10663 I ViewRootImpl@2811d8a[LauncherActivity]: MSG_WINDOW_FOCUS_CHANGED 0 0
10-15 00:29:33.079 10663 10663 I BaseActivity: removeActivityFlags, flags : 8
10-15 00:29:33.079 17123 17176 I ViewRootImpl@8e2d34c[exampleapp]: mThreadedRenderer.initialize() mSurface={isValid=true 0xb40000769b6c8800} hwInitialized=true
10-15 00:29:33.079 17123 17182 D OpenGLRenderer: eglCreateWindowSurface
10-15 00:29:33.083  1120  1120 I SurfaceFlinger: [bf3373 com.sec.android.app.launcher/com.sec.android.app.launcher.activities.LauncherActivity#8225] FrameRatePriority: -1
10-15 00:29:33.084 17123 17176 I ViewRootImpl@8e2d34c[exampleapp]: reportNextDraw android.view.ViewRootImpl.performTraversals:4438 android.view.ViewRootImpl.doTraversal:3116 android.view.ViewRootImpl$TraversalRunnable.run:10885 android.view.Choreographer$CallbackRecord.run:1301 android.view.Choreographer$CallbackRecord.run:1309 
10-15 00:29:33.084 17123 17176 I ViewRootImpl@8e2d34c[exampleapp]: Setup new sync id=0
10-15 00:29:33.084 17123 17176 I ViewRootImpl@8e2d34c[exampleapp]: Setting syncFrameCallback
10-15 00:29:33.084 17123 17176 I ViewRootImpl@8e2d34c[exampleapp]: registerCallbacksForSync syncBuffer=false
10-15 00:29:33.085 17123 17194 I ViewRootImpl@8e2d34c[exampleapp]: Received frameDrawingCallback syncResult=0 frameNum=1.
10-15 00:29:33.085 17123 17194 I ViewRootImpl@8e2d34c[exampleapp]: Setting up sync and frameCommitCallback
10-15 00:29:33.086 17123 17182 I BLASTBufferQueue: [ViewRootImpl@8e2d34c[exampleapp]#97](f:0,a:0) onFrameAvailable the first frame is available
10-15 00:29:33.086 17123 17182 I ViewRootImpl@8e2d34c[exampleapp]: Received frameCommittedCallback lastAttemptedDrawFrameNum=1 didProduceBuffer=true
10-15 00:29:33.088  1497  1497 I com.exampleapp: Late-enabling -Xcheck:jni
10-15 00:29:33.090 17123 17182 D OpenGLRenderer: CFMS:: SetUp Pid : 17123    Tid : 17182
10-15 00:29:33.090 17123 17182 W Parcel  : Expecting binder but got null!
10-15 00:29:33.090 17123 17176 I ViewRootImpl@8e2d34c[exampleapp]: onSyncComplete
10-15 00:29:33.091 17123 17176 I ViewRootImpl@8e2d34c[exampleapp]: setupSync seqId=0 mSyncId=0 fn=1 caller=android.view.ViewRootImpl$$ExternalSyntheticLambda11.accept:6 android.window.SurfaceSyncer.lambda$setupSync$1$android-window-SurfaceSyncer:128 android.window.SurfaceSyncer$$ExternalSyntheticLambda1.accept:8 android.window.SurfaceSyncer$SyncSet.checkIfSyncIsComplete:382 android.window.SurfaceSyncer$SyncSet.markSyncReady:359 android.window.SurfaceSyncer.markSyncReady:151 android.view.ViewRootImpl.performTraversals:4503 
10-15 00:29:33.091 17123 17176 I ViewRootImpl@8e2d34c[exampleapp]: reportDrawFinished seqId=0 mSyncId=-1 fn=1 mSurfaceChangedTransaction=0xb4000076b1a98400
10-15 00:29:33.091 16370 20070 D WindowManager: finishDrawingWindow: Window{a535992 u0 Splash Screen com.exampleapp} mDrawState=DRAW_PENDING seqId=0
10-15 00:29:33.092 16370 20070 V WindowManager: Finishing drawing window Window{a535992 u0 Splash Screen com.exampleapp}: mDrawState=DRAW_PENDING
10-15 00:29:33.092 16370 20070 V WindowManager: Draw state now committed in Window{a535992 u0 Splash Screen com.exampleapp}
10-15 00:29:33.093 16370 16450 W WindowManager: Execute app transition: mNextAppTransitionRequests=[TRANSIT_OPEN, TRANSIT_OPEN], mNextAppTransitionFlags=, displayId: 0 Callers=com.android.server.wm.ActivityRecord.onStartingWindowDrawn:7496 com.android.server.wm.WindowState.performShowLocked:5504 com.android.server.wm.WindowStateAnimator.commitFinishDrawingLocked:351 com.android.server.wm.DisplayContent.lambda$new$8:1189 com.android.server.wm.DisplayContent.$r8$lambda$OtLCIQFjCt9o-SYztyeDUcWUwGs:0 
10-15 00:29:33.093 16370 16450 D WindowManager: performShow logReadyForDisplay win=Window{a535992 u0 Splash Screen com.exampleapp} mToken.waitingToShow:true isTransitionSet:true
10-15 00:29:33.094 16370 16450 D WindowManager: Loading animation for app transition. transit=TRANSIT_OLD_WALLPAPER_CLOSE enter=false frame=Rect(0, 0 - 1080, 2168) insets=Rect(0, 0 - 0, 0) surfaceInsets=Rect(0, 0 - 0, 0)
10-15 00:29:33.094 16370 16450 I WindowManager: Reparenting to leash, surface=Surface(name=Task=1)/@0x8ee471d, leashParent=Surface(name=DefaultTaskDisplayArea)/@0x328c4c4
10-15 00:29:33.095  1120  1178 I SurfaceFlinger: id=9103 createSurf, flag=24000, Surface(name=Task=1)/@0x8ee471d - animation-leash of app_transition#9103
10-15 00:29:33.095 16370 16450 D WindowManager: makeSurface duration=1 leash=Surface(name=Surface(name=Task=1)/@0x8ee471d - animation-leash of app_transition)/@0xf89e738
10-15 00:29:33.096 16370 16450 D WindowManager: Loading animation for app transition. transit=TRANSIT_OLD_WALLPAPER_CLOSE enter=true frame=Rect(0, 0 - 1080, 2400) insets=Rect(0, 88 - 0, 144) surfaceInsets=Rect(0, 0 - 0, 0)
10-15 00:29:33.096 16370 16450 I WindowManager: Reparenting to leash, surface=Surface(name=Task=287)/@0x3923ee4, leashParent=Surface(name=DefaultTaskDisplayArea)/@0x328c4c4
10-15 00:29:33.096  1120  1178 I SurfaceFlinger: id=9104 createSurf, flag=24004, Surface(name=Task=287)/@0x3923ee4 - animation-leash of app_transition#9104
10-15 00:29:33.097 16370 16450 D WindowManager: makeSurface duration=0 leash=Surface(name=Surface(name=Task=287)/@0x3923ee4 - animation-leash of app_transition)/@0xcc66f4d
10-15 00:29:33.097 16370 16450 V WindowManager: performShowLocked: mDrawState=HAS_DRAWN in Window{a535992 u0 Splash Screen com.exampleapp}
10-15 00:29:33.099  1120  1178 I SurfaceFlinger: id=9105 createSurf, flag=80000, bc34271 ActivityRecordInputSink com.exampleapp/.MainActivity#9105
