10-15 00:29:33.452  1120  4220 I SurfaceFlinger: id=9107 createSurf, flag=24004, Task=287#9107
10-15 00:29:33.452  1120  1120 I Layer   : id=9103 removedFromDrawingState Surface(name=Task=1)/@0x8ee471d - animation-leash of app_transition#9103 (106)
10-15 00:29:33.452  1120  1120 I Layer   : id=9104 removedFromDrawingState Surface(name=Task=287)/@0x3923ee4 - animation-leash of app_transition#9104 (106)
10-15 00:29:33.452  1120  1120 I Layer   : id=9099 removedFromDrawingState Task=287#9099 (106)
10-15 00:29:33.452  1120  1120 I Layer   : id=9100 removedFromDrawingState ActivityRecord{4c7e856 u0 com.exampleapp/.MainActivity} t287}#9100 (106)
10-15 00:29:33.452  1120  1120 I Layer   : id=9105 removedFromDrawingState bc34271 ActivityRecordInputSink com.exampleapp/.MainActivity#9105 (106)
10-15 00:29:33.452  1120  1120 I Layer   : id=9099 addToCurrentState Task=287#9099 (106)
10-15 00:29:33.452  1120  1120 I Layer   : id=9100 addToCurrentState ActivityRecord{4c7e856 u0 com.exampleapp/.MainActivity} t287}#9100 (106)
10-15 00:29:33.452  1120  1120 I Layer   : id=9105 addToCurrentState bc34271 ActivityRecordInputSink com.exampleapp/.MainActivity#9105 (106)
10-15 00:29:33.452  1120  1120 I SurfaceFlinger: id=9104 Removed Surface(name=Task=287)/@0x3923ee4 - animation-leash of app_transition#9104 (106)
10-15 00:29:33.452  1120  1120 I SurfaceFlinger: id=9103 Removed Surface(name=Task=1)/@0x8ee471d - animation-leash of app_transition#9103 (106)
10-15 00:29:33.452  1120  1120 I Layer   : id=9103 Destroyed Surface(name=Task=1)/@0x8ee471d - animation-leash of app_transition#9103
10-15 00:29:33.452  1120  1120 I Layer   : id=9104 Destroyed Surface(name=Task=287)/@0x3923ee4 - animation-leash of app_transition#9104
10-15 00:29:33.454 10663 10663 I RecentsView: onTaskRemoved() taskId : 287
10-15 00:29:33.454 10663 10663 I TopTaskTracker: onTaskRemoved : taskId = 287
10-15 00:29:33.454 10663 10663 I RecentsView: onTaskRemoved() taskId : 287
10-15 00:29:33.454 10663 10663 I TopTaskTracker: onTaskRemoved : taskId = 287
10-15 00:29:33.456 16370 26407 D OpenGLRenderer: RenderThread::requireGlContext()
10-15 00:29:33.459 16370 26407 D OpenGLRenderer: RenderThread::setGrContext()
10-15 00:29:33.460 16370 18355 D MotionRecognitionService: values = 50.0
10-15 00:29:33.460 16370 18355 D MotionRecognitionService: onReceive lux: 50.0  action: 
10-15 00:29:33.460 16370 18355 D MotionRecognitionService: Inject brightness form Cam 50.0
10-15 00:29:33.460 16370 18355 D MotionRecognitionService: Inject calibrated lux
10-15 00:29:33.460  1120  1120 I Layer   : id=9107 removedFromDrawingState Task=287#9107 (104)
10-15 00:29:33.460  1120  1120 I Layer   : id=9100 removedFromDrawingState ActivityRecord{4c7e856 u0 com.exampleapp/.MainActivity} t287}#9100 (104)
10-15 00:29:33.460  1120  1120 I Layer   : id=9105 removedFromDrawingState bc34271 ActivityRecordInputSink com.exampleapp/.MainActivity#9105 (104)
10-15 00:29:33.460  1120  1120 I Layer   : id=9099 removedFromDrawingState Task=287#9099 (104)
10-15 00:29:33.460  1120  1120 I SurfaceFlinger: id=9100 Removed ActivityRecord{4c7e856 u0 com.exampleapp/.MainActivity} t287}#9100 (104)
10-15 00:29:33.460  1120  1120 I SurfaceFlinger: id=9107 Removed Task=287#9107 (104)
10-15 00:29:33.460  1120  1120 I Layer   : id=9107 Destroyed Task=287#9107
10-15 00:29:33.460  1120  1120 I Layer   : id=9100 Destroyed ActivityRecord{4c7e856 u0 com.exampleapp/.MainActivity} t287}#9100
10-15 00:29:33.460  1120  1120 I Layer   : id=9105 Destroyed bc34271 ActivityRecordInputSink com.exampleapp/.MainActivity#9105
10-15 00:29:33.616 16370 16979 I SearchManagerService: _updateSearchables
10-15 00:29:33.633 16370 16979 W SearchableInfo: Invalid searchable metadata for com.samsung.android.messaging/.ui.view.main.picker.contact.ContactPickerActivity: Search label must be a resource reference.
10-15 00:29:33.659 16370 17102 I Pageboost: Launcher Page Up
10-15 00:29:33.660 16370 17102 I Pageboost: IO Prefetch for : com.lunafit.app.development
10-15 00:29:33.660 16370 18355 D MotionRecognitionService: values = 50.0
10-15 00:29:33.660 16370 18355 D MotionRecognitionService: onReceive lux: 50.0  action: 
10-15 00:29:33.660 16370 18355 D MotionRecognitionService: Inject brightness form Cam 50.0
10-15 00:29:33.660 16370 18355 D MotionRecognitionService: Inject calibrated lux
10-15 00:29:33.667 10663 10730 I QuickstepModelDelegate: Widget predictions updated
10-15 00:29:33.694 16370 16979 I SearchManagerService: _updateSearchables completed.
10-15 00:29:33.707 16370 16449 W ActivityTaskManager: Activity top resumed state loss timeout for ActivityRecord{4c7e856 u0 com.exampleapp/.MainActivity} t-1 f}}
10-15 00:29:33.707 16370 16449 D ActivityTaskManager: scheduleTopResumedActivityChanged, onTop=true r=ActivityRecord{7ff94d3 u0 com.sec.android.app.launcher/.activities.LauncherActivity} t219} caller=com.android.server.wm.ActivityTaskSupervisor.scheduleTopResumedActivityStateIfNeeded:2535 com.android.server.wm.ActivityTaskSupervisor.handleTopResumedStateReleased:2564 com.android.server.wm.ActivityTaskSupervisor$ActivityTaskSupervisorHandler.handleMessageInner:2990 com.android.server.wm.ActivityTaskSupervisor$ActivityTaskSupervisorHandler.handleMessage:2888 android.os.Handler.dispatchMessage:106 android.os.Looper.loopOnce:226 
10-15 00:29:33.708 16370 16370 I SemExecuteManagerService: handleMessage: MSG_START_SCAN received. Start scanning.
10-15 00:29:33.754 16092  1491 I HYPER-HAL: [ResourceManager.cpp]removeResource(): [CPULittleMinFreq] RemoveResource Request ID : 134422632
10-15 00:29:33.756 16092  1491 I HYPER-HAL: [ResourceManager.cpp]removeResource(): [CPUMinFreq] RemoveResource Request ID : 134422632
10-15 00:29:33.756 16092  1491 I HYPER-HAL: [RequestManager.cpp]releaseLocked(): Released ID : 134422632
10-15 00:29:33.801 16370 17020 D SemNscXgbMsL1: Probability - Cloud gaming: [0.033707708]
10-15 00:29:33.801 16370 17020 D SemNscXgbMsL1: Probability - Real time: [0.18135408]
10-15 00:29:33.801 16370 17020 D SemNscXgbMsL1: Probability - Non real time: [0.88156974]
10-15 00:29:33.801 16370 17020 D SemNscXgbMsL1: 1 sample inference time: 0.237136 msecs
10-15 00:29:33.801 16370 17020 D SemNscXgbL2Rt: L2 RT 1 sample inference time: 0.369739 msecs
10-15 00:29:33.802 16370 17020 D SemNscXgbL2Nrt: L2 NRT 1 sample inference time: 0.323959 msecs
10-15 00:29:33.860 16370 18355 D MotionRecognitionService: values = 50.0
10-15 00:29:33.860 16370 18355 D MotionRecognitionService: onReceive lux: 50.0  action: 
10-15 00:29:33.861 16370 18355 D MotionRecognitionService: Inject brightness form Cam 50.0
10-15 00:29:33.861 16370 18355 D MotionRecognitionService: Inject calibrated lux
10-15 00:29:33.976 18370 18399 I CameraLightSensor_Service: MSG_SERVICE_CAMERA_LOOP
10-15 00:29:33.977 18370 18399 I CameraLightSensor_Service: startBackgroundThread : mBackgroundHandler is set
10-15 00:29:33.977 18370 18399 I CameraLightSensor_Service: Camera ID 3 is available
10-15 00:29:33.977 16073 16833 I CameraService: this package can access to hidden camera ids.
10-15 00:29:33.978 18370 18399 I CameraManager: registerAvailabilityCallback: Is device callback = false
10-15 00:29:33.978 18370 18399 I CameraManagerGlobal: postSingleUpdate device: camera id 0 status STATUS_PRESENT
10-15 00:29:33.978 18370 18399 I CameraManagerGlobal: postSingleUpdate device: camera id 1 status STATUS_PRESENT
10-15 00:29:33.978 18370 18399 I CameraManagerGlobal: postSingleUpdate device: camera id 2 status STATUS_PRESENT
10-15 00:29:33.978 18370 18399 I CameraManagerGlobal: postSingleUpdate device: camera id 3 status STATUS_PRESENT
10-15 00:29:33.978 18370  1531 I CameraLightSensor_Service: Camera 3 is available
10-15 00:29:33.979 18370  1531 I CameraLightSensor_Service: Camera open callback start
10-15 00:29:33.979 18370 18399 I CameraManagerGlobal: postSingleUpdate device: camera id 20 status STATUS_PRESENT
10-15 00:29:33.979 18370 18399 I CameraManagerGlobal: postSingleUpdate device: camera id 21 status STATUS_PRESENT
10-15 00:29:33.979 18370 18399 I CameraManagerGlobal: postSingleUpdate device: camera id 23 status STATUS_PRESENT
10-15 00:29:33.979 18370 18399 I CameraManagerGlobal: postSingleUpdate device: camera id 40 status STATUS_PRESENT
10-15 00:29:33.979 18370 18399 I CameraManagerGlobal: postSingleUpdate device: camera id 41 status STATUS_PRESENT
10-15 00:29:33.979 18370 18399 I CameraManagerGlobal: postSingleUpdate device: camera id 52 status STATUS_PRESENT
10-15 00:29:33.981 16073 16833 I CameraService: CameraService::connect call (PID -1 "com.samsung.adaptivebrightnessgo", camera ID 3) and Camera API version 2
10-15 00:29:33.981 16073 16833 I CameraService: isUidActiveLocked E: uid 5021, callingPackage com.samsung.adaptivebrightnessgo, isRegistered true
10-15 00:29:33.981 16073 16833 I CameraService: isUidActiveLocked X: return true.
10-15 00:29:33.981 16073 16833 I CameraService: this package is a adaptive brightness app.
10-15 00:29:33.982 16073 16833 D CameraService: vr service found
10-15 00:29:33.982 16073 16833 I CameraService: isCameraBlockedByHMT: usbpd_ids: 0000:0000, is camera blocking device: false
10-15 00:29:33.982 16073 16833 I CameraService: CameraService::validateClientPermissionsLocked is ok : calling pid 18370, calling uid 5021, client com.samsung.adaptivebrightnessgo , cameraservice pid=16073, device user 0, currently allowed device users: 0
10-15 00:29:33.982 16073 16833 I CameraService: CameraService::handleEvictionsLocked
10-15 00:29:33.983 16073 16833 I CameraService: this package is a adaptive brightness app.
10-15 00:29:33.983 16073 16833 I CameraService: wouldEvictLocked: [incoming client] owner = 18370, priority-score=999, cost=100, returnIncompatibleClients=false
10-15 00:29:33.983 16073 16833 I CameraService: wouldEvictLocked: [cost info] current cost=0, adding cost=100, total cost=100, max cost=100
10-15 00:29:33.983 16073 16833 I CameraService: wouldEvictLocked: [highestPriority] owner=18370, score=999
10-15 00:29:33.983 16073 16833 I CameraFlashlight: prepareDeviceOpen: prepare for device open(cameraId=3)
10-15 00:29:33.983 16073 16833 I Camera2ClientBase: Camera 3: Opened. Client: com.samsung.adaptivebrightnessgo (PID 18370, UID 5021)
10-15 00:29:33.983 16073 16833 I CameraDeviceClient: CameraDeviceClient 3: Opened
10-15 00:29:33.983 16073 16833 I CameraService: isNoSALoggingPackage: com.samsung.adaptivebrightnessgo is a Samsung app so doesn't need SA logging.
10-15 00:29:33.983 16073 16833 I CameraService: service.camera.client set to com.samsung.adaptivebrightnessgo
10-15 00:29:33.983 16073 16833 I CameraService: startCameraOps: Start camera ops, package name = com.samsung.adaptivebrightnessgo, client UID = 5021
10-15 00:29:33.983 16073 16833 I CameraService: this package is a adaptive brightness app.
10-15 00:29:33.984 16370 20113 E AppOps  : evalMode() Foreground mode : uid - 5021, op - 26, capability - 0
10-15 00:29:33.984 16073 16833 I CameraService: Drop checking dpm for package com.samsung.adaptivebrightnessgo(pid 18370) from startCameraOps()
10-15 00:29:33.984 16073 16833 I CameraService: Drop updateStatus callbak for package com.samsung.adaptivebrightnessgo(pid 18370)
10-15 00:29:33.984 16073 16833 D Camera3-RequestInjector: RequestInjector[3] Mapper created
10-15 00:29:33.985 16073 16833 D HidlCamera3-Device: CameraPerf: initialize E
10-15 00:29:33.985 16073 16833 D HidlCamera3-Device: initialize: mInterfaceLock.lock()
10-15 00:29:33.985 16073 16833 I CameraProviderManager: openHidlSession, using trampoline for v5.0
10-15 00:29:33.985 16073 16833 D CameraProviderManager: CameraPerf: openHidlSession E
10-15 00:29:33.985 16078 16753 I SehCamDev@5.0-impl: [CAMKPI] camera3->open : E
10-15 00:29:33.985 16078 16753 I Unihal  : UniDebugLog.cpp: __unihal_log_status_update: 57: UpdateLogStatus 0000000d ERR 1 PERF 0 WARN 4 INFO 8 DEBUG 0 DUMP 0 STRACE 0 META 0
10-15 00:29:33.985 16078 16753 I Unihal  : UniHal3InterfaceEntry.cpp: uni_open_camera_hardware: 628: E cameraName: 3
10-15 00:29:33.985 16078 16753 I Unihal  : UniHal3InterfaceEntry.cpp: uni_open_camera_hardware: 630: UNIHAL_VERSION = "2.1"
10-15 00:29:33.985 16078 16753 I Unihal  : CameraDevice.cpp: OpenCameraHardware_v3: 401: name : 3 camera id : 3
10-15 00:29:33.985 16073 16833 I CameraProviderManager: Camera device device@3.5/legacy/3 torch status is now NOT_AVAILABLE
10-15 00:29:33.985 16073 16833 I CameraService: onTorchStatusChangedLocked: Torch status changed for cameraId=3, newStatus=0
10-15 00:29:33.985 16073 16833 E CameraService: onTorchStatusChangedLocked: cannot get torch status of camera 3: No such file or directory (-2)
10-15 00:29:33.987   632   632 I hwservicemanager: getTransport: Cannot find entry vendor.display.config@1.9::IDisplayConfig/default in either framework or device VINTF manifest.
10-15 00:29:33.987 16078 16753 E CamX    : [ERROR][FORMAT ] camxdisplayconfig.cpp:124 Initialize() IDisplayConfig service is NULL, version 1.9
10-15 00:29:33.988 16078 16753 I Unihal  : UniState.cpp: transitState: 101: Transiting to state 1
10-15 00:29:33.988 16078 16753 I Unihal  : ParameterManager.cpp: SetCameraCharacteristics: 116: Registered camera characteristics successfully. : cameraId=3, characteristics=0xb400007392938000
10-15 00:29:33.988 16078 16753 I Unihal  : UniUtils.cpp: GetProductName: 169: Succeeded to get product name property. : productName=r8qxxx
10-15 00:29:33.988 16078 16753 I Unihal  : UniUtils.cpp: GetChipName: 191: Succeeded to get chip name property. : chipName=SM8250
10-15 00:29:33.988 16078 16753 I Unihal  : UniHal3InterfaceEntry.cpp: uni_open_camera_hardware: 656: X (0)
10-15 00:29:33.988 16078 16753 I SehCamDev@5.0-impl: [CAMKPI] camera3->open : X
10-15 00:29:33.988 16078 16753 I Unihal  : UniState.cpp: transitState: 101: Transiting to state 2
10-15 00:29:33.988 16078 16753 E FMQ     : grantorIdx must be less than 3
10-15 00:29:33.988 16078 16753 E FMQ     : grantorIdx must be less than 3
10-15 00:29:33.988 16073 16833 D CameraProviderManager: CameraPerf: openHidlSession X (3ms)
10-15 00:29:33.989 16073 16833 D HidlCamera3-Device: CameraPerf: initialize X (4ms)
10-15 00:29:33.989 16073 16833 D Camera3-Device: CameraPerf: initializeCommonLocked: E
10-15 00:29:33.989 16073 16833 I Camera3-Status: addComponent: Adding new component 0 - InflightRequests
10-15 00:29:33.989 16073 16833 I Camera3-Status: addComponent: Adding new component 1 - RequestThread
10-15 00:29:33.989 16073 16833 D Camera3-Device: initializeCommonLocked mTimestampOffset = 13461388627420ns.
10-15 00:29:33.989 16073 16833 D Camera3-Device: CameraPerf: initializeCommonLocked: X (0ms)
10-15 00:29:33.989 16073 16833 E Camera2-FrameProcessorBase: FrameProcessorBase: created
10-15 00:29:33.989 16073 16833 E Camera2-FrameProcessorBase: registerListener: Registering listener for frame id range 0 - 2147483647
10-15 00:29:33.990 16073 16833 E CameraServiceProxyWrapper: getRotateAndCropOverride: Failed during top activity orientation query: 
10-15 00:29:33.990 16073 16833 I CameraService: connectHelper: overrideCameraMuteMode = false, isCameraPrivacyEnabled = false
10-15 00:29:33.990 16073 16833 I Camera3-Device: setCameraMute, enabled = false, supported = true
10-15 00:29:33.990 16073 16833 I CameraService: CameraService::finishConnectLocked E
10-15 00:29:33.990 16073 16833 I CameraService: wouldEvictLocked: [incoming client] owner = 18370, priority-score=999, cost=100, returnIncompatibleClients=false
10-15 00:29:33.990 16073 16833 I CameraService: wouldEvictLocked: [cost info] current cost=0, adding cost=100, total cost=100, max cost=100
10-15 00:29:33.990 16073 16833 I CameraService: wouldEvictLocked: [highestPriority] owner=18370, score=999
10-15 00:29:33.990 16073 16833 I CameraService: this package is a adaptive brightness app.
10-15 00:29:33.990 16073 16833 I CameraService: addAndEvict: push the client(owner 18370, priorityScore 999, state 6) to mClients
10-15 00:29:33.990 16073 16833 I CameraService: CameraService::finishConnectLocked X
10-15 00:29:33.990 16073 16833 I CameraDeviceClient: notifyAppPackageName
10-15 00:29:33.990 16073 16833 D HidlCamera3-Device: CameraPerf: setParameters E
10-15 00:29:33.990 16078 16753 I Unihal  : UniHal3InterfaceEntry.cpp: uni_set_parameters: 506: set_parameters : pkgName=com.samsung.adaptivebrightnessgo;
10-15 00:29:33.990 16073 16833 D HidlCamera3-Device: CameraPerf: setParameters X (0ms)
10-15 00:29:33.990 16073 16833 I CameraService: Notified package name to HAL.
10-15 00:29:33.990 16073 16833 I CameraService: connectHelper: Skip Request Injector ExtraRequests to new client(com.samsung.adaptivebrightnessgo)
10-15 00:29:33.990 16073 16833 I CameraServiceProxyWrapper: updateProxyDeviceState: notifyCameraState for Camera ID 3, newState 0, facing 1, clientName com.samsung.adaptivebrightnessgo, apiLevel 2
10-15 00:29:33.991 16370 20113 I AudioManager: setParameters keyValuePairs = cameraFacing=front
10-15 00:29:33.991 16370 20112 I CameraManagerGlobal: Camera 3 facing CAMERA_FACING_FRONT state now CAMERA_STATE_OPEN for client com.samsung.adaptivebrightnessgo API Level 2User Id 0
10-15 00:29:33.991 17123 28812 I CameraManagerGlobal: Camera 3 facing CAMERA_FACING_FRONT state now CAMERA_STATE_OPEN for client com.samsung.adaptivebrightnessgo API Level 2User Id 0
10-15 00:29:33.991 16073 16833 I CameraService: isNoSALoggingPackage: com.samsung.adaptivebrightnessgo is a Samsung app so doesn't need SA logging.
10-15 00:29:33.991 17436 17462 I CameraManagerGlobal: Camera 3 facing CAMERA_FACING_FRONT state now CAMERA_STATE_OPEN for client com.samsung.adaptivebrightnessgo API Level 2User Id 0
10-15 00:29:33.991 16370 20112 I CameraManagerGlobal: onCameraDeviceStateChangedLocked: post device state update
10-15 00:29:33.991 16370 16878 I RequestInjectorService: Samsung Camera is opened. ignore VT Camera Setting.
10-15 00:29:33.991 11251 11268 I CameraManagerGlobal: Camera 3 facing CAMERA_FACING_FRONT state now CAMERA_STATE_OPEN for client com.samsung.adaptivebrightnessgo API Level 2User Id 0
10-15 00:29:33.991 18640 18686 I CameraManagerGlobal: Camera 3 facing CAMERA_FACING_FRONT state now CAMERA_STATE_OPEN for client com.samsung.adaptivebrightnessgo API Level 2User Id 0
10-15 00:29:33.991 18640 18686 I CameraManagerGlobal: onCameraDeviceStateChangedLocked: post device state update
10-15 00:29:33.991 18370 30673 I CameraManagerGlobal: Camera 3 facing CAMERA_FACING_FRONT state now CAMERA_STATE_OPEN for client com.samsung.adaptivebrightnessgo API Level 2User Id 0
10-15 00:29:33.991 18640 18686 I CameraManagerGlobal: onCameraDeviceStateChangedLocked: post device state update
10-15 00:29:33.991 18370  1531 I CameraLightSensor_Service: Camera open callback finish
10-15 00:29:33.991 17123 18143 D CameraAvailabilityListener: onCameraDeviceStateChanged: id=3, facing=1, state=CAMERA_STATE_OPEN, client=com.samsung.adaptivebrightnessgo
10-15 00:29:33.991 18370  1531 I CameraLightSensor_Service: Camera acquired, time = 366626012
10-15 00:29:33.991 16073 16833 D HidlCamera3-Device: CameraPerf: constructDefaultRequestSettings templateId: 1 E
10-15 00:29:33.991 16073 16833 D HidlCamera3-Device: CameraPerf: constructDefaultRequestSettings X (0ms)
10-15 00:29:33.991 16069 26481 D audio_hw_primary: adev_set_parameters: enter: cameraFacing=front
10-15 00:29:33.991 16069 26481 D audio_hw_hfp: hfp_set_parameters: enter
10-15 00:29:33.991 16069 26481 V audio_hw_sec: sec_set_parameters: enter
10-15 00:29:33.991 16069 26481 D audio_hw_extn: audio_extn_fm_set_parameters: Enter
10-15 00:29:33.991 16069 26481 D audio_hw_primary: adev_set_parameters: exit with code(0)
10-15 00:29:33.992 16073 16833 D HidlCamera3-Device: CameraPerf: setParameters E
10-15 00:29:33.992 16069 26481 I Audio_a2dpsink_hw: adev_set_parameters: kevpairs=[cameraFacing=front]
10-15 00:29:33.992 16078 16753 I Unihal  : UniHal3InterfaceEntry.cpp: uni_set_parameters: 506: set_parameters : shootingmode=30
10-15 00:29:33.992 16073 16833 D HidlCamera3-Device: CameraPerf: setParameters X (0ms)
10-15 00:29:33.992 16073 21280 D Camera3-Device: waitUntilDrained: mInterfaceLock.unlock()
10-15 00:29:33.992 16073 21280 D CameraDeviceClient: createStream E
10-15 00:29:33.992 16073 21280 D SessionConfigUtils: createSurfaceFromGbp E: logicalCameraId=3, isStreamInfoValid=0, useCase=0, option=0x0, mirrorMode=0
10-15 00:29:33.992 16073 21280 W SessionConfigUtils: createSurfaceFromGbp: Camera 3 with consumer usage flag: 256: Forcing asynchronous mode forstream
10-15 00:29:33.992 16073 21280 D SessionConfigUtils: createSurfaceFromGbp: consumer usage flag: 256, useAsync: 1
10-15 00:29:33.992 16073 21280 D SessionConfigUtils: createSurfaceFromGbp: width=1, height=1, format=1, dataSpace=0
10-15 00:29:33.992 16073 21280 W SessionConfigUtils: createSurfaceFromGbp: Camera 3: Overriding format 0x1 to IMPLEMENTATION_DEFINED
10-15 00:29:33.992 16073 21280 D SessionConfigUtils: roundBufferDimensionNearest  inWidth=1 inHeight=1, outWidth=176 outHeight=144 X
10-15 00:29:33.992 16073 21280 D SessionConfigUtils: createSurfaceFromGbp X
10-15 00:29:33.993 16073 21280 D Camera3-Device: createStream: mInterfaceLock.lock()
10-15 00:29:33.993 16073 21280 D Camera3-Device: createStream: Camera 3: Creating new stream 0: 176 x 144, format 0x22(IMPL_DEF), dataspace 0 rotation 0 consumer usage 0, isShared 0, physicalCameraId , isMultiResolution 0 dynamicRangeProfile 0x1, streamUseCase 0, option 0x0, timestampBase 0, mirrorMode 0
10-15 00:29:33.993 16073 21280 D Camera3-Device: createStream: mInterfaceLock.unlock()
10-15 00:29:33.993 16073 21280 D CameraDeviceClient: createStream: Camera 3: Successfully created a new stream ID 0 for output surface (176 x 144) with format 0x22.
10-15 00:29:33.993 16073 21280 D Camera3-Device: setStreamTransform: mInterfaceLock.lock()
10-15 00:29:33.993 16073 21280 D CameraDeviceClient: createStream X
10-15 00:29:33.993 16073 21280 D Camera3-Device: filterParamsAndConfigureLocked : operatingMode=0
10-15 00:29:33.993 16073 21280 D Camera3-Device: CameraPerf: configureStreamsLocked: Camera 3: Stream configuration E
10-15 00:29:33.993 16073 21280 I HidlCamera3-Device: configureStreams Before configuration Stream[0] : [176 x 144], usage: 0x100
10-15 00:29:33.993 16078  1526 I SehCamDevSession@5.0-impl: [CAMKPI] camera3->configure_streams : E
10-15 00:29:33.993 16078  1526 I Unihal  : UniHal3InterfaceEntry.cpp: uni_configure_streams: 273: operation_mode: 0, num_streams: 1, session_param: 0x744b5ce1e0
10-15 00:29:33.993 16078  1526 I Unihal  : UniHal3InterfaceEntry.cpp: uni_configure_streams: 278: stream[0]: stream(0xb400007369877528) : streamdId(0x0), scenarioType(PREVIEW), format(0x22), grallocUsage(0x100), size(176x144), streamType(0), option(0x0), maxBuffers(0), priv(0x0), dataspace(0), rotation(0), stream_timestamp(0), fps(0, 0), physCamId(), reserved Ptr(0x0, 0x0, 0x0, 0x0, 0x0, 0x0)
10-15 00:29:33.993 16078  1526 I Unihal  : UniState.cpp: transitState: 101: Transiting to state 3
10-15 00:29:33.993 16078  1526 I Unihal  : CameraHalUnit.cpp: ConfigureStreams: 232: cameraId=3, GetIsAlreadyCreated=0
10-15 00:29:33.993 16078  1526 I Unihal  : ScenarioManager.cpp: IsSupported3rdPartyApp: 1415: SAMSUNG_ANDROID_CONTROL_UNIHAL_ENABLE_MODE doesn't exist.
10-15 00:29:33.994 16078  1526 I Unihal  : ScenarioManager.cpp: IsSupported3rdPartyVideoHdr: 1177: SAMSUNG_ANDROID_UNIHAL_VIDEO_MODE doesn't exist.
10-15 00:29:33.994 16078  1526 I Unihal  : ScenarioManager.cpp: IsSupported3rdPartySdkVdis: 1240: SAMSUNG_ANDROID_UNIHAL_VIDEO_MODE doesn't exist.
10-15 00:29:33.994 16078  1526 I Unihal  : ScenarioManager.cpp: IsAllowed3rdParty: 2054: 3rd-party bypass is applied to this application.
10-15 00:29:33.994 16078  1526 I Unihal  : ScenarioManager.cpp: FindScenarioInfo: 2132: Current shootingMode=0x0001000d(UNI_SHOOTING_MODE_3RD_PARTY_BYPASS), cameraId=3(UNI_FWK_CAMERA_ID_FRONT_FULL)
10-15 00:29:33.994 16078  1526 I Unihal  : ScenarioManager.cpp: FindScenarioInfo: 2140: No Scenario is found for shootingMode(UNI_SHOOTING_MODE_3RD_PARTY_BYPASS)
10-15 00:29:33.994 16078  1526 I Unihal  : ScenarioManager.cpp: CheckEnableCondition: 2256: Unihal is disabled. : isSamsungCamera=false, isFactoryTest=false, isGalaxyRaw = false, isAllowed3rdParty=true, foundScenario=false, isValidStreamConfiguration=false, isSamsungVdisEnabled=false, shootingMode=UNI_SHOOTING_MODE_3RD_PARTY_BYPASS
10-15 00:29:33.994 16078  1526 I Unihal  : FwkCaptureManager.cpp: Release: 166: Already released.
10-15 00:29:33.994 16078  1526 I Unihal  : CameraHalUnit.cpp: ConfigureStreams: 260: Unihal is bypass mode in current scenario.
10-15 00:29:33.994 16078  1526 I CHI     : [SS_INFO]: [SS_LOG_LEVEL]: 1, [DEVELOPER_LOG_LEVEL]: 0
10-15 00:29:33.994 16078  1526 I CHIUSECASE: [CONFIG ] chxusecaseutils.cpp:961 GetMatchingUsecase() [UC_DBG] Default usecase selected
10-15 00:29:33.994 16078  1526 I CHIUSECASE: [CONFIG ] chxextensionmodule.cpp:3121 InitializeOverrideSession() Session_parameters FPS range 0:0, previewFPS 0, videoFPS 0 BatchSize: 1 HALOutputBufferCombined 0 FPS: 30 SkipPattern: 1, cameraId = 1 selected use case = 1
10-15 00:29:33.995 16078  1526 I CHIUSECASE: [CONFIG ] chxpipeline.cpp:299 CreateDescriptor() Pipeline[Preview] pipeline pointer 0xb400007369418000 numInputs=0, numOutputs=1 stream w x h: 176 x 144
10-15 00:29:33.997 16078  1526 I CHIUSECASE: [CONFIG ] chxsensorselectmode.cpp:810 FindBestSensorMode() Selected Usecase: 0, SelectedMode W=1632, H=1224, FPS:120, NumBatchedFrames:1, modeIndex:3
10-15 00:29:33.997 16078  1526 I CHIUSECASE: [CONFIG ] chxpipeline.cpp:438 CreateDescriptor() Pipeline[Preview] Pipeline pointer 0xb400007369418000 Selected sensor Mode W=1632, H=1224
10-15 00:29:33.998 16078  1526 W CHIUSECASE: [WARN   ] chxpipeline.cpp:185 GetNumberOfIFEsUsed() Pipeline[Preview] numIFEsUsed tag not found! numOfIFEsUsed will not be updated
10-15 00:29:34.005 16078  1526 I CHIUSECASE: [CONFIG ] chxextensionmodule.cpp:3262 InitializeOverrideSession() Logical cam Id = 1 usecase addr = 0xb40000736469aa40
10-15 00:29:34.006 16078  1526 I Unihal  : UniState.cpp: transitState: 101: Transiting to state 4
10-15 00:29:34.006 16078  1541 I CHIUSECASE: [CONFIG ] chxextensionmodule.cpp:4145 RequestThreadProcessing() Entering Recovery thread of logical cameraId: 1
10-15 00:29:34.006 16078  1526 I SehCamDevSession@5.0-impl: [CAMKPI] camera3->configure_streams : X
10-15 00:29:34.006 16073 21280 D HidlCamera3-Device: configureStreams : stream[0] : format = 0x22(IMPL_DEF), data_space = 0, usage flag = 0x20100 max_buffers = 8, physical_camera_id = 
10-15 00:29:34.006 16073 21280 D Camera3-Device: CameraPerf: Connect Streams E
10-15 00:29:34.006 16073 21280 I Camera3-Status: addComponent: Adding new component 2 - streamId = 0, format = 0x22(IMPL_DEF), width = 176, height = 144, option = 0x0, type = OUTPUT
10-15 00:29:34.006 16073 21280 D Camera3-OutputStream: configureConsumerQueueLocked: Consumer wants 2 buffers, HAL wants 8
10-15 00:29:34.007 16073 21280 D Camera3-Device: CameraPerf: Connect Streams X (1ms)
10-15 00:29:34.008 16073 21280 D Camera3-Device: Set real time priority for request queue thread (tid 1536)
10-15 00:29:34.008 16073 21280 D Camera3-Device: CameraPerf: configureStreamsLocked: Camera 3: Stream configuration X (14ms)
10-15 00:29:34.008 18370  1531 I CameraLightSensor_Service: mBackgroundHandler: Handler (android.os.Handler) {b94d742}
10-15 00:29:34.009 18370  1531 I CameraLightSensor_Service: capture session start
10-15 00:29:34.009 18370  1531 I CameraLightSensor_Service: mBackgroundHandler: Handler (android.os.Handler) {b94d742}
10-15 00:29:34.009 18370  1531 I CameraLightSensor_Service: capture session finish
10-15 00:29:34.009 18370  1531 I CameraLightSensor_Service: capture session finish - spot metering
10-15 00:29:34.009 18370  1531 I CameraLightSensor_Service: open preview start
10-15 00:29:34.009 16073 21280 D Camera3-Device: setStreamingRequestList: Enter: calling submitRequestsHelper: repeating = true
10-15 00:29:34.009 16073 21280 D Camera3-Device: submitRequestsHelper: mInterfaceLock.lock()
10-15 00:29:34.009 16073 21280 I Camera3-Device: Submit request type: 0x1, repeating(true), burst(false)
10-15 00:29:34.009 16073 21280 D Camera3-Device: setRepeatingRequests: lastFrameNumber 0.
10-15 00:29:34.009 16073 21280 I Camera3-Status: markComponent: Component 1 is now active - RequestThread
10-15 00:29:34.009 16073 21280 D Camera3-Device: submitRequestsHelper: mInterfaceLock.unlock()
10-15 00:29:34.009 16073  1535 I CameraService: startCameraStreamingOps: Start camera streaming ops, package name = com.samsung.adaptivebrightnessgo, client UID = 5021
10-15 00:29:34.009 16073  1535 I CameraService: this package is a adaptive brightness app.
10-15 00:29:34.009 16073  1536 D Camera3-Device: CameraPerf: PrepareHALRequests E
10-15 00:29:34.009 18370  1531 I CameraLightSensor_Service: mBackgroundHandler: Handler (android.os.Handler) {b94d742}
10-15 00:29:34.010 16073  1543 D CameraDeviceClient: vr service found
10-15 00:29:34.010 16370 20113 E AppOps  : evalMode() Foreground mode : uid - 5021, op - 26, capability - 0
10-15 00:29:34.010 16073  1535 I CameraService: Drop checking dpm for package com.samsung.adaptivebrightnessgo(pid 18370) from startCameraStreamingOps()
10-15 00:29:34.010 16073  1535 I CameraServiceProxyWrapper: updateProxyDeviceState: notifyCameraState for Camera ID 3, newState 1, facing 1, clientName com.samsung.adaptivebrightnessgo, apiLevel 2
10-15 00:29:34.010 16073  1543 I CameraDeviceClient: isCameraBlockedByHMT: usbpd_ids: 0000:0000, is camera blocking device: false
10-15 00:29:34.010 16370 20113 I CameraManagerGlobal: Camera 3 facing CAMERA_FACING_FRONT state now CAMERA_STATE_ACTIVE for client com.samsung.adaptivebrightnessgo API Level 2User Id 0
10-15 00:29:34.010 17123 28812 I CameraManagerGlobal: Camera 3 facing CAMERA_FACING_FRONT state now CAMERA_STATE_ACTIVE for client com.samsung.adaptivebrightnessgo API Level 2User Id 0
10-15 00:29:34.010 16073  1536 I Camera3-Status: markComponent: Component 2 is now active - streamId = 0, format = 0x22(IMPL_DEF), width = 176, height = 144, option = 0x0, type = OUTPUT
10-15 00:29:34.010 16073  1536 I Camera3-Status: markComponent: Component 0 is now active - InflightRequests
10-15 00:29:34.010 16370 20113 I CameraManagerGlobal: onCameraDeviceStateChangedLocked: post device state update
10-15 00:29:34.010 18640 18686 I CameraManagerGlobal: Camera 3 facing CAMERA_FACING_FRONT state now CAMERA_STATE_ACTIVE for client com.samsung.adaptivebrightnessgo API Level 2User Id 0
10-15 00:29:34.010 16073  1536 D Camera3-Device: CameraPerf: PrepareHALRequests X (1ms)
10-15 00:29:34.010 17436 17462 I CameraManagerGlobal: Camera 3 facing CAMERA_FACING_FRONT state now CAMERA_STATE_ACTIVE for client com.samsung.adaptivebrightnessgo API Level 2User Id 0
10-15 00:29:34.010 18640 18686 I CameraManagerGlobal: onCameraDeviceStateChangedLocked: post device state update
10-15 00:29:34.010 16073  1536 D Camera3-Device: CameraPerf: sendRequestsBatch E
10-15 00:29:34.010 11251 11268 I CameraManagerGlobal: Camera 3 facing CAMERA_FACING_FRONT state now CAMERA_STATE_ACTIVE for client com.samsung.adaptivebrightnessgo API Level 2User Id 0
10-15 00:29:34.010 18640 18686 I CameraManagerGlobal: onCameraDeviceStateChangedLocked: post device state update
10-15 00:29:34.010 18370 18959 I CameraManagerGlobal: Camera 3 facing CAMERA_FACING_FRONT state now CAMERA_STATE_ACTIVE for client com.samsung.adaptivebrightnessgo API Level 2User Id 0
10-15 00:29:34.011 17123 18143 D CameraAvailabilityListener: onCameraDeviceStateChanged: id=3, facing=1, state=CAMERA_STATE_ACTIVE, client=com.samsung.adaptivebrightnessgo
10-15 00:29:34.011 16370 16878 I RequestInjectorService: Samsung Camera is opened. ignore VT Camera Setting.
10-15 00:29:34.011 16370 18313 D AutoRotationHandler: inject auto rotation priority = 1.0
10-15 00:29:34.011 16082 16082 I sensors-hal: inject_sensor_data:316, auto_rotation ar_mode:1
10-15 00:29:34.011 16078  1526 I SehCamDevSession@5.0-impl: [CAMKPI] camera3->process_capture_request : E
10-15 00:29:34.011 16082 16082 I sensors-hal: write_auto_rotation_mode:303, write_auto_rotation_mode ar_mode:1
10-15 00:29:34.011  1100  1100 I SSC_DAEMON: physical_sensor_test_req_msg Sensor type :14, Msg type:15
10-15 00:29:34.011  1100  1100 I SSC_DAEMON: 0.algo_id:3, num:1
10-15 00:29:34.013 16078  1526 I SS_3A   :  INFO: AEC: AECAlgoSetNodeInterface: 735: AEC vendorTagBase 0x80690000
10-15 00:29:34.013 16078  1526 I SS_3A   :  INFO: AEC: AECAlgoSetNodeInterface: 745: AWB vendorTagBase 0x806d0000
10-15 00:29:34.013 16078  1526 I SS_3A   :  INFO: AEC: AECAlgoSetNodeInterface: 755: AF vendorTagBase 0x806c0000
10-15 00:29:34.013 16078  1526 I SS_3A   :  INFO: AEC: CreateAEC: 457: StaticAEC algo sizeOfParam for CHISTATSHANDLE is 24
10-15 00:29:34.013 16078  1526 I SS_3A   :  INFO: AEC: CreateAEC: 468: AEC_VendorTag:: Lens Facing = 0 chiSessionHandle = 0xb40000736412f018
10-15 00:29:34.013 16078  1526 I SS_3A   :  INFO: AEC: CreateAEC: 541: StaticAEC algo create: camera open mask 2 
10-15 00:29:34.013 16078  1526 I SS_3A   :  INFO: AEC: CreateAEC: 451: aec_camera_info 0 1
10-15 00:29:34.013 16078  1526 I SS_3A   :  INFO: AEC: TsCommonFillSensorIdMap: 26: Already filled, cameraId(1) driverSensorId(1)
10-15 00:29:34.013 16078  1526 I SS_3A   :  INFO: AEC: CreateAEC: 559: CreateAECAlgorithm (refcnt:0 cameraId 1 OverrideCameraOpen 1 lensFacing 0 pAECSingletonWrapper->pAECSingleton 0x0
10-15 00:29:34.013  1100  1945 I SSC_DAEMON: AR od: 8, 1, 0
10-15 00:29:34.014 16078  1526 I SS_3A   :  INFO: AEC: TsAecFront_load_lib: 194: TsAec_ptr 0xcf29b2153d661141
10-15 00:29:34.014 16078  1526 I SS_3A   :  INFO: AEC: LoadAlgorithmAndSymbols: 386: [AEC] Custom Algo handle 0xb4000073693721c0 
10-15 00:29:34.014 16078  1526 I SS_3A   :  INFO: AEC: CreateAEC: 610: CreateAECAlgorithm 0xb40000739414ac70 libName K32QS_libTsAeFront.so sensorName IMX616
10-15 00:29:34.014 16078  1526 E SS_3A   : ERROR: AEC: TsAecGetCalibData: 734: offset value is NULL (0x0, 0x0)
10-15 00:29:34.014 16078  1526 I SS_3A   :  INFO: AWB: AWBAlgoSetNodeInterface: 676: AWBAlgoSetNodeInterface
10-15 00:29:34.014 16078  1526 I SS_3A   :  INFO: AWB: AWBAlgoSetNodeInterface: 704: AWB vendorTagBase 0x806d0000
10-15 00:29:34.014 16078  1526 I SS_3A   :  INFO: AWB: AWBAlgoSetNodeInterface: 713: AEC vendorTagBase 0x80690000
10-15 00:29:34.014 16078  1526 I SS_3A   :  INFO: AWB: AWBAlgoSetNodeInterface: 722:  AF vendorTagBase 0x806c0000
10-15 00:29:34.014 16078  1526 I SS_3A   :  INFO: AWB: CreateAWBAlgorithm: 506: statsStreamInitConfig operationMode 0
10-15 00:29:34.014 16078  1526 I SS_3A   :  INFO: AWB: CreateAWBAlgorithm: 430: StaticAWB algo sizeOfParam for CHISTATSHANDLE is 24
10-15 00:29:34.014 16078  1526 I SS_3A   :  INFO: AWB: CreateAWBAlgorithm: 439: Lens Facing = 0
10-15 00:29:34.014 16078  1526 I SS_3A   :  INFO: AWB: CreateAWBAlgorithm: 487: StaticAWB algo create: overrideCameraOpen is 2
10-15 00:29:34.014 16078  1526 I SS_3A   :  INFO: AWB: CreateAWBAlgorithm: 497: cameraInfo algoRole 0, cameraId 1
10-15 00:29:34.014 16078  1526 I SS_3A   :  INFO: AWB: TsCommonFillSensorIdMap: 26: Already filled, cameraId(1) driverSensorId(1)
10-15 00:29:34.014 16078  1526 I SS_3A   :  INFO: AWB: CreateAWBAlgorithm: 524: CreateAWBAlgorithm (refcnt:0 cameraId 1 OverrideCameraOpen 1 lensFacing 0 pAWBSingletonWrapper->pAWB 0x0
10-15 00:29:34.014 16078  1526 I SS_3A   :  INFO: AWB: CreateAWBAlgorithm: 554: Create AWBAlgorithm, pAWB 0xb40000739414ac20
10-15 00:29:34.014 16078  1526 I SS_3A   :  INFO: AWB: LoadAlgorithmAndSymbols: 373: Loaded AWB algorithm and Symbols : K32QS_libTsAwbFront.so!
10-15 00:29:34.015 16078  1526 I SS_3A   :  INFO: AWB: LoadAlgorithmAndSymbols: 396: pInstance->hAWBAlgorithm 0xb40000736945da80
10-15 00:29:34.015 16078  1526 I SS_3A   :  INFO: AWB: TsAwb_get_cal_data_front: 114: ADDR_AWB 0x238, LensType 0
10-15 00:29:34.015 16078  1526 I SS_3A   :  INFO: AWB: TsAwb_get_cal_data_front: 136: module[0] 377 683 685 304
10-15 00:29:34.015 16078  1526 I SS_3A   :  INFO: AWB: TsAwb_get_cal_data_front: 138: module[0] RG 0.551170 , BG 0.444444
10-15 00:29:34.015 16078  1526 I SS_3A   :  INFO: AWB: TsAwb_init_with_mode: 172: [eLensType 0] Preset_gain = 1.725892, 1.804415
10-15 00:29:34.015 16078  1526 I SS_3A   :  INFO: AWB: TsAwb_init_with_mode: 176: [eLensType 0] Adjust_gain = 0.992270, 1.021091
10-15 00:29:34.015 16078  1526 I SS_3A   :  INFO:  AF: CreateAFAlgorithm: 376: E
10-15 00:29:34.015 16078  1526 I SS_3A   :  INFO:  AF: CreateAFAlgorithm: 405: StaticAF algo sizeOfParam for CHISTATSHANDLE is 24
10-15 00:29:34.015 16078  1526 I SS_3A   :  INFO:  AF: CreateAFAlgorithm: 414: Lens Facing(currentCam) = 0
10-15 00:29:34.015 16078  1526 I SS_3A   :  INFO:  AF: CreateAFAlgorithm: 434: driverSensorId = 1
10-15 00:29:34.015 16078  1526 I SS_3A   :  INFO:  AF: CreateAFAlgorithm: 456: TsAf->FactoryCamera : 0
10-15 00:29:34.015 16078  1526 I SS_3A   :  INFO:  AF: CreateAFAlgorithm: 477: StaticAF algo create: overrideCameraOpen is 2
10-15 00:29:34.015 16078  1526 I SS_3A   :  INFO:  AF: CreateAFAlgorithm: 399: af_camera_info 1
10-15 00:29:34.015 16078  1526 I SS_3A   :  INFO:  AF: TsCommonFillSensorIdMap: 26: Already filled, cameraId(1) driverSensorId(1)
10-15 00:29:34.015 16078  1526 I SS_3A   :  INFO:  AF: CreateAFAlgorithm: 493: newly mapped af_camera_info(sensorId) 1
10-15 00:29:34.015 16078  1526 I SS_3A   :  INFO:  AF: CreateAFAlgorithm: 497: CreateAFAlgorithm (pre_CameraId 1 refcnt:0 cameraId 1 overrideCameraOpen 1 lensFacing 0 pAFSingletonWrapper->pAFSingleton 0x0
10-15 00:29:34.015 16078  1526 I SS_3A   :  INFO:  AF: CreateAFAlgorithm: 520: pAF before 0x0
10-15 00:29:34.015 16078  1526 I SS_3A   :  INFO:  AF: CreateAFAlgorithm: 531: SS_AF_LIB loading cam[0]
10-15 00:29:34.015 16078  1526 I SS_3A   :  INFO:  AF: LoadAlgorithmAndSymbols: 287: E
10-15 00:29:34.015 16078  1526 I SS_3A   :  INFO:  AF: LoadAlgorithmAndSymbols: 296: libPathName : K32QS_libTsAfFront.so!
10-15 00:29:34.015 16078  1526 I SS_3A   :  INFO:  AF: TsAf_init_front: 2337: libptr: 0x29a6bea58b6f9fd1 E
10-15 00:29:34.015 16078  1526 E SS_3A   : ERROR:  AF: TsAf_get_cal_data_front: 1845: Front camera PDAF CAL Version -1 i_MultiUse 0
10-15 00:29:34.015 16078  1526 E FRONT_AF_DEBUG: [cam_id_0][CMG_EFL] FrontAfLib_BootingInit (line 102) : Front Version = 0xf827 Chip Type = 1 (0:LSI, 1:QC) 
10-15 00:29:34.015 16078  1526 E FRONT_AF_DEBUG: [cam_id_0][CMG_EFL] FrontAfLib_BootingInit (line 278) : af cal data far: 138545345, middle: 86705661, near: 62915662, add_80: 150079698, add_50: 112592778, plus_offset: 1489, minus_offset: 1723
10-15 00:29:34.015 16078  1526 E FRONT_AF_DEBUG: [cam_id_0][CMG_EFL] FrontAfLib_BootingInit (line 310) : paf_cal_data_info = -1 paf_cal_errcheck 0xffffffff
10-15 00:29:34.015 16078  1526 E FRONT_AF_DEBUG: [CMG_EFL] FrontAfLib_BootingInit (line 316)  QCHWPD enabled: paf_cal_data_info = -1 
10-15 00:29:34.015 16078  1526 I SS_3A   :  INFO:  AF: LoadAlgorithmAndSymbols: 365: X
10-15 00:29:34.015 16078  1526 I SS_3A   :  INFO:  AF: CreateAFAlgorithm: 548: pAF first time 0xb40000739414ad60
10-15 00:29:34.015 16078  1526 I SS_3A   :  INFO:  AF: CreateAFAlgorithm: 574: X
10-15 00:29:34.016 16078  1526 E FRONT_AF_DEBUG: [cam_id_0][CMG_EFL] FrontAfLib_AlgorithmInit (line 467) focus mode = 0 paf_stats_valid : 0 
10-15 00:29:34.016 16078  1526 E FRONT_AF_DEBUG: [CMG_AF_FUNC] Front_FactoryAfInit (line 2064)
10-15 00:29:34.016 16078  1526 E FRONT_AF_DEBUG: [cam_id_0][CMG_EFL] Front_UpdateAfStatus (line 304) : AF status 0x2 0x0
10-15 00:29:34.016 16078  1526 E FRONT_AF_DEBUG: [CMG_AF][CMG_AF_LIB] FACTORY AF CAL Start !!!!!
10-15 00:29:34.018 16078  1526 I CVP     : File: vendor/qcom/proprietary/cv-noship/cvp2/src/cpu/platform/android/cvpSession.cpp Line: 173 Function: cvpGetDebugEnable() Msg:  CVP Debug Logs Disabled 
10-15 00:29:34.023 16078  1526 I CVP     : File: vendor/qcom/proprietary/cv-noship/cvp2/src/cpu/cvpPower.cpp Line: 620 Function: cvpEstimatePowerDme() Msg: DME Voting
10-15 00:29:34.023 16078  1526 I CVP     : File: vendor/qcom/proprietary/cv-noship/cvp2/src/cpu/cvpPower.cpp Line: 1540 Function: cvpAggreatePower() Msg: After aggregation
10-15 00:29:34.023 16078  1526 I CVP     : File: vendor/qcom/proprietary/cv-noship/cvp2/src/cpu/cvpPower.cpp Line: 84 Function: cvpPrintPower() Msg: Actual      Clock: Fdu 18397950, Ica 0, Od 0, Mpu 0, Fw 50400000
10-15 00:29:34.023 16078  1526 I CVP     : File: vendor/qcom/proprietary/cv-noship/cvp2/src/cpu/cvpPower.cpp Line: 88 Function: cvpPrintPower() Msg: Operational Clock: Fdu 18397950, Ica 0, Od 0, Mpu 0, Fw 50400000
10-15 00:29:34.023 16078  1526 I CVP     : File: vendor/qcom/proprietary/cv-noship/cvp2/src/cpu/cvpPower.cpp Line: 90 Function: cvpPrintPower() Msg: Actual     Bw: Ddr 62767350, SysCache 0
10-15 00:29:34.023 16078  1526 I CVP     : File: vendor/qcom/proprietary/cv-noship/cvp2/src/cpu/cvpPower.cpp Line: 92 Function: cvpPrintPower() Msg: Opeational Bw: Ddr 62767350, SysCache 0
10-15 00:29:34.023 16078  1526 I CVP     : File: vendor/qcom/proprietary/cv-noship/cvp2/src/cpu/cvpPvtUtils.cpp Line: 163 Function: cvpSetPower() Msg: Update power to KMD
10-15 00:29:34.023 16078  1526 I CVP     : File: vendor/qcom/proprietary/cv-noship/cvp2/src/cpu/cvpPower.cpp Line: 84 Function: cvpPrintPower() Msg: Actual      Clock: Fdu 18397950, Ica 0, Od 0, Mpu 0, Fw 50400000
10-15 00:29:34.023 16078  1526 I CVP     : File: vendor/qcom/proprietary/cv-noship/cvp2/src/cpu/cvpPower.cpp Line: 88 Function: cvpPrintPower() Msg: Operational Clock: Fdu 18397950, Ica 0, Od 0, Mpu 0, Fw 50400000
10-15 00:29:34.023 16078  1526 I CVP     : File: vendor/qcom/proprietary/cv-noship/cvp2/src/cpu/cvpPower.cpp Line: 90 Function: cvpPrintPower() Msg: Actual     Bw: Ddr 62767350, SysCache 0
10-15 00:29:34.023 16078  1526 I CVP     : File: vendor/qcom/proprietary/cv-noship/cvp2/src/cpu/cvpPower.cpp Line: 92 Function: cvpPrintPower() Msg: Opeational Bw: Ddr 62767350, SysCache 0
10-15 00:29:34.024 16078 16670 I vendor.samsung.hardware.camera.provider@4.0-service_64: vendor/qcom/proprietary/commonsys-intf/adsprpc/src/apps_std_imp.c:741: Successfully opened file /vendor/lib/rfsa/adsp/libcamera_nn_skel.so
10-15 00:29:34.027 16078 16737 E vendor.samsung.hardware.camera.provider@4.0-service_64: vendor/qcom/proprietary/commonsys-intf/adsprpc/src/fastrpc_apps_user.c:815: Error 0x80000406: remote_handle_open_domain: dynamic loading failed for file:///libcamera_nn_skel.so?camera_nn_skel_handle_invoke&_modver=1.0&_dom=cdsp on domain 3 (dlerror signature verify start failed for libcamera_nn_skel.so)
10-15 00:29:34.027 16078 16737 E vendor.samsung.hardware.camera.provider@4.0-service_64: vendor/qcom/proprietary/commonsys-intf/adsprpc/src/fastrpc_apps_user.c:849: Error 0x80000406: remote_handle64_open failed for file:///libcamera_nn_skel.so?camera_nn_skel_handle_invoke&_modver=1.0&_dom=cdsp
10-15 00:29:34.027 16078 16737 E vendor.samsung.hardware.camera.provider@4.0-service_64: vendor/qcom/proprietary/commonsys-intf/adsprpc/src/fastrpc_apps_user.c:379: Error 0x1d: verify_local_handle failed. handle 0x0
10-15 00:29:34.027 16078 16737 E vendor.samsung.hardware.camera.provider@4.0-service_64: vendor/qcom/proprietary/commonsys-intf/adsprpc/src/fastrpc_apps_user.c:394: Error 0x1d: get_domain_from_handle failed. handle 0x0
10-15 00:29:34.027 16078 16737 E vendor.samsung.hardware.camera.provider@4.0-service_64: vendor/qcom/proprietary/commonsys-intf/adsprpc/src/fastrpc_apps_user.c:766: Error 0x1d: remote_handle64_invoke failed for handle 0x0, method 18 on domain 3 (sc 0x12000000)
10-15 00:29:34.027 16078 16737 E vendor.samsung.hardware.camera.provider@4.0-service_64: vendor/qcom/proprietary/commonsys-intf/adsprpc/src/fastrpc_apps_user.c:379: Error 0x1d: verify_local_handle failed. handle 0x0
10-15 00:29:34.027 16078 16737 E vendor.samsung.hardware.camera.provider@4.0-service_64: vendor/qcom/proprietary/commonsys-intf/adsprpc/src/fastrpc_apps_user.c:394: Error 0x1d: get_domain_from_handle failed. handle 0x0
10-15 00:29:34.027 16078 16737 E vendor.samsung.hardware.camera.provider@4.0-service_64: vendor/qcom/proprietary/commonsys-intf/adsprpc/src/fastrpc_apps_user.c:766: Error 0x1d: remote_handle64_invoke failed for handle 0x0, method 21 on domain 3 (sc 0x15010000)
10-15 00:29:34.027 16078 16737 W CamX    : [ WARN][FD     ] camxfdenginelibwrapper.cpp:3552 FDELibWrapperCameraNNSetup() Set DSP power TURBO failed! nnResult = 29
10-15 00:29:34.027 16078 16737 W CamX    : [ WARN][FD     ] camxfdenginelibwrapper.cpp:1100 FDELibWrapperCreateDLHandle() Failure in FDELibWrapperCameraNNSetup()
10-15 00:29:34.027 16078 16737 W CamX    : [ WARN][FD     ] camxfdengine.cpp:325 FDEngineCreate() Create DL handle failure, use standard solution, engineType 4, result = 1
10-15 00:29:34.050 16092  1525 I HYPER-HAL: [ResourceManager.cpp]removeResource(): [CPUMinFreq] RemoveResource Request ID : 134504632
10-15 00:29:34.050 16092  1525 I HYPER-HAL: [RequestManager.cpp]releaseLocked(): Released ID : 134504632
10-15 00:29:34.061 16370 18355 D MotionRecognitionService: values = 50.0
10-15 00:29:34.061 16370 18355 D MotionRecognitionService: onReceive lux: 50.0  action: 
10-15 00:29:34.061 16370 18355 D MotionRecognitionService: Inject brightness form Cam 50.0
10-15 00:29:34.061 16370 18355 D MotionRecognitionService: Inject calibrated lux
10-15 00:29:34.065 16092  1495 I HYPER-HAL: [ResourceManager.cpp]removeResource(): [CPULittleMinFreq] RemoveResource Request ID : 134258707
10-15 00:29:34.065 16092  1495 I HYPER-HAL: [ResourceManager.cpp]removeResource(): [CPUMinFreq] RemoveResource Request ID : 134258707
10-15 00:29:34.065 16092  1495 I HYPER-HAL: [RequestManager.cpp]releaseLocked(): Released ID : 134258707
10-15 00:29:34.090  2446  2446 I wpa_supplicant: wlan0: WPA: Group rekeying completed with 22:b0:01:33:d3:03 [GTK=CCMP]
10-15 00:29:34.091 16370 16968 D ConnectivityService: notifyType CALLBACK_CAP_CHANGED for [100 WIFI]
10-15 00:29:34.092 16370 16998 D SemWifiSwitchForIndividualAppsService: stopTCPMonitoring : already stopped
10-15 00:29:34.092 16370 16998 I WifiConnectivityMonitor.NCC: sNetworkCallback(oCC) FULL : 100(true/false)[ Transports: WIFI Capabilities: NOT_METERED&INTERNET&NOT_RESTRICTED&TRUSTED&NOT_VPN&VALIDATED&NOT_ROAMING&FOREGROUND&NOT_CONGESTED&NOT_SUSPENDED&NOT_VCN_MANAGED LinkUpBandwidth>=14921Kbps LinkDnBandwidth>=130210Kbps TransportInfo: <SSID: <unknown ssid>, BSSID: 02:00:00:**:**:00, MAC: 02:00:00:**:**:00, IP: /192.168.1.239, Security type: 2, Supplicant state: GROUP_HANDSHAKE, Wi-Fi standard: 5, RSSI: -53, Link speed: 780Mbps, Tx Link speed: 780Mbps, Max Supported Tx Link speed: 866Mbps, Rx Link speed: 585Mbps, Max Supported Rx Link speed: 866Mbps, Frequency: 5280MHz, Net ID: -1, Metered hint: false, score: 60, isUsable: true, CarrierMerged: false, SubscriptionId: -1, IsPrimary: 1, Trusted: true, Restricted: false, Ephemeral: false, OEM paid: false, OEM private: false, OSU AP: false, FQDN: <none>, Provider friendly name: <none>, Requesting package name: <none><none>MLO Information: , AP MLD Address: <none>, AP MLO Link Id: <none>, AP MLO Affiliated links: <none>> SignalStrength: -53 AdminUids: [1000] SSID: "Ofer_5G" UnderlyingNetworks: Null]
10-15 00:29:34.092 16078  1526 I SehCamDevSession@5.0-impl: [CAMKPI] camera3->process_capture_request : X
10-15 00:29:34.093 16370 17038 I WifiConnectivityMonitor: current mode : 1
10-15 00:29:34.093 16370 17038 D OpenNetworkQos[4.00]: updateBssidNoInternet: mBssidNoInternet = false
10-15 00:29:34.093 16370 17038 D OpenNetworkQos[4.00]: getOpenNetworkQosNoInternetStatus: false
10-15 00:29:34.093 16370 17038 D OpenNetworkQos[4.00]: getOpenNetworkQosScores: 20 20 0 
10-15 00:29:34.093 16370 17038 D SettingsProvider: isChangeAllowed() : name = wifi_wcm_qos_sharing_score_summary
10-15 00:29:34.093 16073  1536 D Camera3-Device: CameraPerf: sendRequestsBatch X (82ms)
10-15 00:29:34.093 16370 17038 I WifiProfileShare: network QoS data was changed (internet), updateQoSData networkType: true, qosData: false
10-15 00:29:34.093 16370 18264 V WifiProfileShare.Caster: update wips network, size: 0
10-15 00:29:34.093 16370 18264 D WifiProfileShare: nearby scanning settings run
10-15 00:29:34.093 16370 18264 D WifiProfileShare: network score provider settings enabled
10-15 00:29:34.093 16370 18264 D OpenNetworkQos[4.00]: getOpenNetworkQosScores: 20 20 0 
10-15 00:29:34.093 16370 18264 D OpenNetworkQos[4.00]: getOpenNetworkQosNoInternetStatus: false
10-15 00:29:34.093 16370 18264 I WifiProfileShare.Caster: current network type: 0, score: [20, 20, 0]
10-15 00:29:34.093 16078 16740 I SS_3A   :  INFO: AWB: TsAwb_init_with_mode: 172: [eLensType 0] Preset_gain = 1.725892, 1.804415
10-15 00:29:34.093 16078 16740 I SS_3A   :  INFO: AWB: TsAwb_init_with_mode: 176: [eLensType 0] Adjust_gain = 0.992270, 1.021091
10-15 00:29:34.093 16078 16737 I SS_3A   :  INFO: AEC: TSAecFront_set_param: 821: OpMode 1 StartMode 0
10-15 00:29:34.093 16370 18264 V WifiProfileShare.Cache: update network score 22:b0:01:**:**:03
10-15 00:29:34.093 16078 16740 I SS_3A   :  INFO: AWB: TsAwb_parse_stats: 1616: [stats_dbg] statsBayerGrid startupMode = StatisticsStartUpInvalid, exit now, excute_flag = 1
10-15 00:29:34.093 16078 16737 E CamX    : [ERROR][STATS_AEC] camxcaecstatsprocessor.cpp:2570 PopulatePropPoolFrameControl() Invalid exposure parameters: gain: 0.000000, exposureTime: 0
10-15 00:29:34.093 16370 18264 D WifiProfileShare.ScanMatcher: getMcfDataList size:1
10-15 00:29:34.093 16370 18264 I WifiProfileShare.Caster: qos data was updated , before:type:QOS, pBssid:83:d2:21, qosData:5a after:type:QOS, pBssid:83:d2:21, qosData:5a
10-15 00:29:34.093 16370 18264 D WifiProfileShare.MCF: Fail update QosData, inactive state
10-15 00:29:34.094 16370 18264 E WifiProfileShare.MCF: failed to update password data, not opened
10-15 00:29:34.094 16078 16737 I SS_3A   :  INFO: AEC: TSAecFront_set_param: 1058: AEL 0
10-15 00:29:34.094 16078 16737 I SS_3A   :  INFO: AEC: TsAecGetVendorTagInfo: 3021: pCaptureIntent=1 recordinghint 0
